 Controller_sfun

 Timestamp is 521fa8d1 (Thu Aug 29 16:02:25 2013)

 Preferred load address is 10000000

 Start         Length     Name                   Class
 0001:00000000 0003e26cH .text                   CODE
 0002:00000000 0000025cH .idata$5                DATA
 0002:0000025c 00000004H .CRT$XCA                DATA
 0002:00000260 00000004H .CRT$XCZ                DATA
 0002:00000264 00000004H .CRT$XIA                DATA
 0002:00000268 00000004H .CRT$XIAA               DATA
 0002:0000026c 00000004H .CRT$XIC                DATA
 0002:00000270 00000004H .CRT$XIZ                DATA
 0002:00000278 00004590H .rdata                  DATA
 0002:00004808 00000004H .rtc$IAA                DATA
 0002:0000480c 00000004H .rtc$IZZ                DATA
 0002:00004810 00000004H .rtc$TAA                DATA
 0002:00004814 00000004H .rtc$TZZ                DATA
 0002:00004818 00000064H .xdata$x                DATA
 0002:0000487c 000000a0H .idata$2                DATA
 0002:0000491c 00000014H .idata$3                DATA
 0002:00004930 0000025cH .idata$4                DATA
 0002:00004b8c 00000b00H .idata$6                DATA
 0002:00005690 00000055H .edata                  DATA
 0003:00000000 000052f0H .data                   DATA
 0003:00005300 0000236cH .bss                    DATA

  Address         Publics by Value              Rva+Base       Lib:Object

 0000:00000000       ___safe_se_handler_table   00000000     <absolute>
 0000:00000000       __except_list              00000000     <absolute>
 0000:00000000       ___safe_se_handler_count   00000000     <absolute>
 0000:00009876       __fltused                  00009876     <absolute>
 0000:00009876       __ldused                   00009876     <absolute>
 0000:00000000       ___ImageBase               10000000     <linker-defined>
 0001:0000158c       _sf_c3_Controller_get_eml_resolved_functions_info 1000258c f   c3_Controller.obj
 0001:000022ab       _sf_c3_Controller_get_check_sum 100032ab f   c3_Controller.obj
 0001:00002322       _sf_c3_Controller_get_autoinheritance_info 10003322 f   c3_Controller.obj
 0001:00002bc2       _sf_internal_get_sim_state_c3_Controller 10003bc2 f   c3_Controller.obj
 0001:00002ca0       _sf_internal_set_sim_state_c3_Controller 10003ca0 f   c3_Controller.obj
 0001:00003339       _c3_Controller_method_dispatcher 10004339 f   c3_Controller.obj
 0001:00003390       _sf_process_check_sum_call 10004390 f   Controller_sfun_registry.obj
 0001:000033e0       _sf_process_autoinheritance_call 100043e0 f   Controller_sfun_registry.obj
 0001:00003590       _sf_process_get_eml_resolved_functions_info_call 10004590 f   Controller_sfun_registry.obj
 0001:00003710       _sf_mex_unlock_call        10004710 f   Controller_sfun_registry.obj
 0001:000037a0       _sf_machine_global_initializer_called 100047a0 f   Controller_sfun_registry.obj
 0001:000037c0       _sf_machine_global_method_dispatcher 100047c0 f   Controller_sfun_registry.obj
 0001:00003830       _sf_machine_global_terminator 10004830 f   Controller_sfun_registry.obj
 0001:00003870       _sf_register_machine_exported_symbols 10004870 f   Controller_sfun_registry.obj
 0001:00003890       _callCustomFcn             10004890 f   Controller_sfun_registry.obj
 0001:000038a0       _sf_machine_global_initializer 100048a0 f   Controller_sfun_registry.obj
 0001:00003910       __ssSetStateAbsTol         10004910 f   Controller_sfun_registry.obj
 0001:000039b0       __ssGetAbsTol              100049b0 f   Controller_sfun_registry.obj
 0001:00003a00       __ssSetInputPortMatrixDimensions 10004a00 f   Controller_sfun_registry.obj
 0001:00003ab0       __ssSetOutputPortMatrixDimensions 10004ab0 f   Controller_sfun_registry.obj
 0001:00003b60       __ssSetInputPortVectorDimension 10004b60 f   Controller_sfun_registry.obj
 0001:00003be0       __ssSetOutputPortVectorDimension 10004be0 f   Controller_sfun_registry.obj
 0001:00003c60       _ssIsRunTimeParamTunable   10004c60 f   Controller_sfun_registry.obj
 0001:00003cc0       _ssGetSFuncBlockHandle     10004cc0 f   Controller_sfun_registry.obj
 0001:00003d10       __ssGetCurrentInputPortWidth 10004d10 f   Controller_sfun_registry.obj
 0001:00003de0       __ssGetCurrentOutputPortWidth 10004de0 f   Controller_sfun_registry.obj
 0001:00003eb0       __ssGetCallSystemNumFcnCallDestinations 10004eb0 f   Controller_sfun_registry.obj
 0001:00003f10       _ssWarning                 10004f10 f   Controller_sfun_registry.obj
 0001:00003ff0       _ssGetIsZeroCrossControlDisabled 10004ff0 f   Controller_sfun_registry.obj
 0001:00004050       _ssSetIsInputPortUsedForContZcSignal 10005050 f   Controller_sfun_registry.obj
 0001:000040a0       _ssSetZcSignalIsZcElementDisc 100050a0 f   Controller_sfun_registry.obj
 0001:00004120       _ssSetZcSignalName         10005120 f   Controller_sfun_registry.obj
 0001:00004170       _ssSetZcSignalWidth        10005170 f   Controller_sfun_registry.obj
 0001:000041c0       _ssSetZcSignalZcEventType  100051c0 f   Controller_sfun_registry.obj
 0001:00004210       _ssSetZcSignalType         10005210 f   Controller_sfun_registry.obj
 0001:00004260       _ssSetZcSignalZcTol        10005260 f   Controller_sfun_registry.obj
 0001:000042b0       _ssSetZcSignalNeedsEventNotification 100052b0 f   Controller_sfun_registry.obj
 0001:00004300       _ssCreateAndAddZcSignalInfo 10005300 f   Controller_sfun_registry.obj
 0001:00004360       _ssCloneAndAddZcSignalInfo 10005360 f   Controller_sfun_registry.obj
 0001:000043c0       _ssGetNumZcSignals         100053c0 f   Controller_sfun_registry.obj
 0001:00004420       _ssGetZcSignalVector       10005420 f   Controller_sfun_registry.obj
 0001:00004480       _ssGetZcSignalZcEvents     10005480 f   Controller_sfun_registry.obj
 0001:000044e0       _ssGetZcSignalName         100054e0 f   Controller_sfun_registry.obj
 0001:00004540       _ssGetZcSignalWidth        10005540 f   Controller_sfun_registry.obj
 0001:000045a0       _ssGetZcSignalZcEventType  100055a0 f   Controller_sfun_registry.obj
 0001:00004600       _ssGetZcSignalType         10005600 f   Controller_sfun_registry.obj
 0001:00004660       _ssGetZcSignalZcTol        10005660 f   Controller_sfun_registry.obj
 0001:000046c0       _ssGetZcSignalNeedsEventNotification 100056c0 f   Controller_sfun_registry.obj
 0001:00004720       _ssGetZcSignalIsZcElementDisc 10005720 f   Controller_sfun_registry.obj
 0001:000047a0       _ssGetIsInputPortElementContinuous 100057a0 f   Controller_sfun_registry.obj
 0001:00004820       __ssGetInputPortSignalPtrsFcn 10005820 f   Controller_sfun_registry.obj
 0001:00004a20       __ssGetInputPortSignalFcn  10005a20 f   Controller_sfun_registry.obj
 0001:00004bb0       __ssSetInputPortDirectFeedThroughFcn 10005bb0 f   Controller_sfun_registry.obj
 0001:00004ce0       __ssSetInputPortReusableFcn 10005ce0 f   Controller_sfun_registry.obj
 0001:00004d70       __ssSetOutputPortReusableFcn 10005d70 f   Controller_sfun_registry.obj
 0001:00004e00       _ssGetDTypeIdFromMxArray   10005e00 f   Controller_sfun_registry.obj
 0001:00004ef0       _ssWriteRTWStr             10005ef0 f   Controller_sfun_registry.obj
 0001:00004f30       _ssWriteRTWMxVectParam     10005f30 f   Controller_sfun_registry.obj
 0001:00004f70       _ssWriteRTWMx2dMatParam    10005f70 f   Controller_sfun_registry.obj
 0001:00004fb0       _ssWriteRTWNameValuePair   10005fb0 f   Controller_sfun_registry.obj
 0001:00005320       _ssWriteRTWParameters      10006320 f   Controller_sfun_registry.obj
 0001:000056c0       _ssWriteRTWParamSettings   100066c0 f   Controller_sfun_registry.obj
 0001:00005b70       _ssWriteRTWWorkVect        10006b70 f   Controller_sfun_registry.obj
 0001:00005f00       _mexFunction               10006f00 f   Controller_sfun_registry.obj
 0001:00007630       _ProcessMexSfunctionEveryCall 10008630 f   Controller_sfun_registry.obj
 0001:00007740       _Controller_initializer    10008740 f   Controller_sfun.obj
 0001:00007750       _Controller_terminator     10008750 f   Controller_sfun.obj
 0001:00007760       _sf_Controller_method_dispatcher 10008760 f   Controller_sfun.obj
 0001:00007790       _sf_Controller_process_check_sum_call 10008790 f   Controller_sfun.obj
 0001:00007b40       _sf_Controller_autoinheritance_info 10008b40 f   Controller_sfun.obj
 0001:00007c60       _sf_Controller_get_eml_resolved_functions_info 10008c60 f   Controller_sfun.obj
 0001:00007d50       _Controller_debug_initialize 10008d50 f   Controller_sfun.obj
 0001:00007da0       _Controller_register_exported_symbols 10008da0 f   Controller_sfun.obj
 0001:00007db0       _load_Controller_optimization_info 10008db0 f   Controller_sfun.obj
 0001:00007df0       _unload_Controller_optimization_info 10008df0 f   Controller_sfun.obj
 0001:00007ec0       _sf_mex_mx_is_numeric      10008ec0 f   sfc_mexmsvc80:sfc_mex.obj
 0001:00007f00       _strcmp_ignore_ws          10008f00 f   sfc_mexmsvc80:sfc_mex.obj
 0001:00008020       _sf_mex_duplicatearraysafe 10009020 f   sfc_mexmsvc80:sfc_mex.obj
 0001:00008200       _sf_set_error_debugger_context_message_fcn 10009200 f   sfc_mexmsvc80:sfc_mex.obj
 0001:00008210       _sf_set_debugger_matlab_error_fcn 10009210 f   sfc_mexmsvc80:sfc_mex.obj
 0001:00008230       _sf_set_error_prefix_string 10009230 f   sfc_mexmsvc80:sfc_mex.obj
 0001:00008260       _sf_get_error_prefix_string 10009260 f   sfc_mexmsvc80:sfc_mex.obj
 0001:00008270       _sf_mex_enter_parallel_region 10009270 f   sfc_mexmsvc80:sfc_mex.obj
 0001:00008280       _sf_mex_exit_parallel_region 10009280 f   sfc_mexmsvc80:sfc_mex.obj
 0001:00008290       _sf_get_current_jmp_buf_ptr 10009290 f   sfc_mexmsvc80:sfc_mex.obj
 0001:000082a0       _sf_set_current_jmp_buf_ptr 100092a0 f   sfc_mexmsvc80:sfc_mex.obj
 0001:000082b0       _sf_mex_set_halt_simulation 100092b0 f   sfc_mexmsvc80:sfc_mex.obj
 0001:000082c0       _sf_mex_get_halt_simulation 100092c0 f   sfc_mexmsvc80:sfc_mex.obj
 0001:000082d0       _sf_mex_clear_error_message 100092d0 f   sfc_mexmsvc80:sfc_mex.obj
 0001:000082f0       _sf_mex_get_error_message_for_read 100092f0 f   sfc_mexmsvc80:sfc_mex.obj
 0001:00008300       _sf_mex_get_error_message_buffer_length 10009300 f   sfc_mexmsvc80:sfc_mex.obj
 0001:000083d0       _sf_mex_warning_message    100093d0 f   sfc_mexmsvc80:sfc_mex.obj
 0001:00008420       _sf_mex_v_errbuf_createf   10009420 f   sfc_mexmsvc80:sfc_mex.obj
 0001:00008440       _sf_mex_errbuf_createf     10009440 f   sfc_mexmsvc80:sfc_mex.obj
 0001:00008460       _sf_mex_v_errbuf_catf      10009460 f   sfc_mexmsvc80:sfc_mex.obj
 0001:000084a0       _sf_mex_errbuf_catf        100094a0 f   sfc_mexmsvc80:sfc_mex.obj
 0001:000084e0       _sf_mex_errbuf_copy        100094e0 f   sfc_mexmsvc80:sfc_mex.obj
 0001:00008500       _sf_mex_errbuf_clear       10009500 f   sfc_mexmsvc80:sfc_mex.obj
 0001:00008510       _sf_mex_errbuf_isempty     10009510 f   sfc_mexmsvc80:sfc_mex.obj
 0001:000085a0       _sf_mex_set_error_status   100095a0 f   sfc_mexmsvc80:sfc_mex.obj
 0001:000085d0       _sf_mex_error_direct_call  100095d0 f   sfc_mexmsvc80:sfc_mex.obj
 0001:000085f0       _sf_mex_error_message_no_long_jump 100095f0 f   sfc_mexmsvc80:sfc_mex.obj
 0001:00008620       _sf_mex_long_jump_on_error 10009620 f   sfc_mexmsvc80:sfc_mex.obj
 0001:00008650       _sf_mex_call_matlab        10009650 f   sfc_mexmsvc80:sfc_mex.obj
 0001:00008720       _sf_mex_check_builtin      10009720 f   sfc_mexmsvc80:sfc_mex.obj
 0001:00008780       _sf_mex_check_builtin_vs   10009780 f   sfc_mexmsvc80:sfc_mex.obj
 0001:000087e0       _sf_mex_check_enum         100097e0 f   sfc_mexmsvc80:sfc_mex.obj
 0001:00008830       _sf_mex_create_enum        10009830 f   sfc_mexmsvc80:sfc_mex.obj
 0001:00008880       _sf_mex_get_enum_element   10009880 f   sfc_mexmsvc80:sfc_mex.obj
 0001:00008890       _sf_mex_createcellarray    10009890 f   sfc_mexmsvc80:sfc_mex.obj
 0001:000088b0       _sf_mex_setcell            100098b0 f   sfc_mexmsvc80:sfc_mex.obj
 0001:000088c0       _sf_mex_getcell            100098c0 f   sfc_mexmsvc80:sfc_mex.obj
 0001:000088d0       _sf_mex_dup                100098d0 f   sfc_mexmsvc80:sfc_mex.obj
 0001:00008900       _sf_mex_assign             10009900 f   sfc_mexmsvc80:sfc_mex.obj
 0001:00008950       _sf_mex_destroy            10009950 f   sfc_mexmsvc80:sfc_mex.obj
 0001:00008970       _mx_array_has_fi_type      10009970 f   sfc_mexmsvc80:sfc_mex.obj
 0001:000089a0       _sf_mex_convert_from_fi    100099a0 f   sfc_mexmsvc80:sfc_mex.obj
 0001:00008a80       _sf_mex_convert_to_double  10009a80 f   sfc_mexmsvc80:sfc_mex.obj
 0001:00008ac0       _sf_mex_import_fi_vs       10009ac0 f   sfc_mexmsvc80:sfc_mex.obj
 0001:00008c20       _sf_matrix_matrix_index_ok 10009c20 f   sfc_mexmsvc80:sfc_mex.obj
 0001:00008c90       _sf_vector_vector_index_ok 10009c90 f   sfc_mexmsvc80:sfc_mex.obj
 0001:00008cc0       _ssGetCurrentInputPortDimensions_wrapper 10009cc0 f   sfc_mexmsvc80:sfc_mex.obj
 0001:00008ce0       _ssGetCurrentOutputPortDimensions_wrapper 10009ce0 f   sfc_mexmsvc80:sfc_mex.obj
 0001:00008d00       _sf_mex_emlrt_context_is_debug_mode 10009d00 f   sfc_mexmsvc80:sfc_mex.obj
 0001:00008d10       _sf_mex_emlrt_context_set_debug_mode 10009d10 f   sfc_mexmsvc80:sfc_mex.obj
 0001:00008d20       _sf_mex_emlrtNameCapturePostProcessR2012a 10009d20 f   sfc_mexmsvc80:sfc_mex.obj
 0001:00008d80       _sf_clear_error_manager_info 10009d80 f   sfc_mexmsvc80:sfc_mex.obj
 0001:00008dd0       _sf_mex_stop_simulation_abruptly_wo_error 10009dd0 f   sfc_mexmsvc80:sfc_mex.obj
 0001:00008e00       _sf_mex_error_message      10009e00 f   sfc_mexmsvc80:sfc_mex.obj
 0001:00008e50       _sf_react_to_error_in_matlab_call 10009e50 f   sfc_mexmsvc80:sfc_mex.obj
 0001:00008e70       _sf_mex_addfield           10009e70 f   sfc_mexmsvc80:sfc_mex.obj
 0001:00008ef0       _sf_mex_getfield           10009ef0 f   sfc_mexmsvc80:sfc_mex.obj
 0001:00009170       _sf_mex_check_class        1000a170 f   sfc_mexmsvc80:sfc_mex.obj
 0001:000091f0       _sf_mex_is_real            1000a1f0 f   sfc_mexmsvc80:sfc_mex.obj
 0001:00009400       _sf_mex_decode_encoded_mx_struct_array 1000a400 f   sfc_mexmsvc80:sfc_mex.obj
 0001:000095a0       _sf_mex_lw_bounds_check    1000a5a0 f   sfc_mexmsvc80:sfc_mex.obj
 0001:000095d0       _sf_mex_lw_size_eq_check_1d 1000a5d0 f   sfc_mexmsvc80:sfc_mex.obj
 0001:000095f0       _sf_mex_lw_size_eq_check_nd 1000a5f0 f   sfc_mexmsvc80:sfc_mex.obj
 0001:000096d0       _sf_mex_lw_dim_size_eq_check 1000a6d0 f   sfc_mexmsvc80:sfc_mex.obj
 0001:00009700       _sf_mex_lw_dim_size_geq_check 1000a700 f   sfc_mexmsvc80:sfc_mex.obj
 0001:00009730       _sf_mex_lw_sub_assign_size_check_nd 1000a730 f   sfc_mexmsvc80:sfc_mex.obj
 0001:00009860       _sf_mex_lw_runtime_error_msgid 1000a860 f   sfc_mexmsvc80:sfc_mex.obj
 0001:00009910       _sf_mex_lw_matrix_matrix_index_check 1000a910 f   sfc_mexmsvc80:sfc_mex.obj
 0001:00009940       _sf_mex_lw_vector_vector_index_check 1000a940 f   sfc_mexmsvc80:sfc_mex.obj
 0001:00009980       _sf_mex_lw_for_loop_vector_check 1000a980 f   sfc_mexmsvc80:sfc_mex.obj
 0001:000099e0       _sf_mex_lw_non_negative_check 1000a9e0 f   sfc_mexmsvc80:sfc_mex.obj
 0001:00009a10       _sf_mex_overflow_error     1000aa10 f   sfc_mexmsvc80:sfc_mex.obj
 0001:00009a20       _sf_mex_dividebyzero_error 1000aa20 f   sfc_mexmsvc80:sfc_mex.obj
 0001:00009a30       _sf_mex_unsafe_enum_error  1000aa30 f   sfc_mexmsvc80:sfc_mex.obj
 0001:00009a40       _sf_emlrtErrHandler        1000aa40 f   sfc_mexmsvc80:sfc_mex.obj
 0001:00009b00       _sf_mex_size_one_check     1000ab00 f   sfc_mexmsvc80:sfc_mex.obj
 0001:00009b20       _sf_mex_printf             1000ab20 f   sfc_mexmsvc80:sfc_mex.obj
 0001:00009c00       _sf_mex_check_size         1000ac00 f   sfc_mexmsvc80:sfc_mex.obj
 0001:00009e80       _sf_mex_check_struct       1000ae80 f   sfc_mexmsvc80:sfc_mex.obj
 0001:0000a0d0       _sf_mex_check_struct_vs    1000b0d0 f   sfc_mexmsvc80:sfc_mex.obj
 0001:0000a110       _sf_mex_check_fi           1000b110 f   sfc_mexmsvc80:sfc_mex.obj
 0001:0000a1e0       _sf_mex_check_fi_vs        1000b1e0 f   sfc_mexmsvc80:sfc_mex.obj
 0001:0000a230       _sf_echo_expression        1000b230 f   sfc_mexmsvc80:sfc_mex.obj
 0001:0000a280       _sf_assertion_failed       1000b280 f   sfc_mexmsvc80:sfc_mex.obj
 0001:0000a510       _sf_mex_evalin             1000b510 f   sfc_mexmsvc80:sfc_mex.obj
 0001:0000a770       _sf_mex_export             1000b770 f   sfc_mexmsvc80:sfc_mex.obj
 0001:0000a820       _sf_mex_get_ml_var_no_error 1000b820 f   sfc_mexmsvc80:sfc_mex.obj
 0001:0000a980       _sf_mex_get_ml_var         1000b980 f   sfc_mexmsvc80:sfc_mex.obj
 0001:0000ae50       _ml_set_element_value_in_array 1000be50 f   sfc_mexmsvc80:sfc_mex.obj
 0001:0000bf80       _sf_mex_call_impl          1000cf80 f   sfc_mexmsvc80:sfc_mex.obj
 0001:0000c310       _sf_mex_call_debug         1000d310 f   sfc_mexmsvc80:sfc_mex.obj
 0001:0000c330       _sf_mex_call               1000d330 f   sfc_mexmsvc80:sfc_mex.obj
 0001:0000ca40       _sf_mex_createstruct       1000da40 f   sfc_mexmsvc80:sfc_mex.obj
 0001:0000cae0       _sf_mex_createstructarray  1000dae0 f   sfc_mexmsvc80:sfc_mex.obj
 0001:0000cb40       _sf_mex_get_mx_datatype_from_sf_datatype 1000db40 f   sfc_mexmsvc80:sfc_mex.obj
 0001:0000cdc0       _sf_mex_ml_var_sub         1000ddc0 f   sfc_mexmsvc80:sfc_mex.obj
 0001:0000cf30       _sf_mex_ml_var_subsasgn    1000df30 f   sfc_mexmsvc80:sfc_mex.obj
 0001:0000d240       _sf_mex_sub                1000e240 f   sfc_mexmsvc80:sfc_mex.obj
 0001:0000d3e0       _sf_mex_subsasgn           1000e3e0 f   sfc_mexmsvc80:sfc_mex.obj
 0001:0000d7c0       _sf_mex_create             1000e7c0 f   sfc_mexmsvc80:sfc_mex.obj
 0001:0000e0b0       _sf_mex_import_named       1000f0b0 f   sfc_mexmsvc80:sfc_mex.obj
 0001:0000e100       _sf_mex_import             1000f100 f   sfc_mexmsvc80:sfc_mex.obj
 0001:0000e140       _sf_mex_import_vs          1000f140 f   sfc_mexmsvc80:sfc_mex.obj
 0001:0000e1d0       _sf_mex_lower_fixpt_mx_array 1000f1d0 f   sfc_mexmsvc80:sfc_mex.obj
 0001:0000e390       _sf_send_message_wrapper   1000f390 f   sfc_mexmsvc80:sfc_sf.obj
 0001:0000e3c0       _sf_receive_message_wrapper 1000f3c0 f   sfc_mexmsvc80:sfc_sf.obj
 0001:0000e400       _sf_check_out_message_wrapper 1000f400 f   sfc_mexmsvc80:sfc_sf.obj
 0001:0000e440       _sf_check_in_message_wrapper 1000f440 f   sfc_mexmsvc80:sfc_sf.obj
 0001:0000e480       _sf_no_message_wrapper     1000f480 f   sfc_mexmsvc80:sfc_sf.obj
 0001:0000e6f0       _sim_mode_is_rtw_gen       1000f6f0 f   sfc_mexmsvc80:sfc_sf.obj
 0001:0000e730       _sim_mode_is_external      1000f730 f   sfc_mexmsvc80:sfc_sf.obj
 0001:0000e750       _sim_mode_is_modelref_sim  1000f750 f   sfc_mexmsvc80:sfc_sf.obj
 0001:0000e780       _mdlInitializeSizes        1000f780 f   sfc_mexmsvc80:sfc_sf.obj
 0001:0000e7a0       _mdlInitializeSampleTimes  1000f7a0 f   sfc_mexmsvc80:sfc_sf.obj
 0001:0000e7e0       _mdlZeroCrossings          1000f7e0 f   sfc_mexmsvc80:sfc_sf.obj
 0001:0000e890       _mdlDerivatives            1000f890 f   sfc_mexmsvc80:sfc_sf.obj
 0001:0000e930       _mdl_initialize_conditions_processing 1000f930 f   sfc_mexmsvc80:sfc_sf.obj
 0001:0000e960       _mdlInitializeConditions   1000f960 f   sfc_mexmsvc80:sfc_sf.obj
 0001:0000ea00       _mdlGetSimState            1000fa00 f   sfc_mexmsvc80:sfc_sf.obj
 0001:0000ea20       _mdlSetSimState            1000fa20 f   sfc_mexmsvc80:sfc_sf.obj
 0001:0000ea40       _mdl_ext_mode_exec_processing 1000fa40 f   sfc_mexmsvc80:sfc_sf.obj
 0001:0000ea60       _mdlExtModeExec            1000fa60 f   sfc_mexmsvc80:sfc_sf.obj
 0001:0000ebf0       _mdlTerminate              1000fbf0 f   sfc_mexmsvc80:sfc_sf.obj
 0001:0000ec50       _mdlRTW                    1000fc50 f   sfc_mexmsvc80:sfc_sf.obj
 0001:0000ec80       _mdlSetWorkWidths          1000fc80 f   sfc_mexmsvc80:sfc_sf.obj
 0001:0000eca0       _mdlProcessParameters      1000fca0 f   sfc_mexmsvc80:sfc_sf.obj
 0001:0000ecc0       _mdl_start_processing      1000fcc0 f   sfc_mexmsvc80:sfc_sf.obj
 0001:0000ed10       _mdlStart                  1000fd10 f   sfc_mexmsvc80:sfc_sf.obj
 0001:0000edc0       _mdlEnable                 1000fdc0 f   sfc_mexmsvc80:sfc_sf.obj
 0001:0000ee70       _mdlDisable                1000fe70 f   sfc_mexmsvc80:sfc_sf.obj
 0001:0000ef00       _sf_get_chart_instance_ptr 1000ff00 f   sfc_mexmsvc80:sfc_sf.obj
 0001:0000ef20       _sf_load_rtw_optimization_info 1000ff20 f   sfc_mexmsvc80:sfc_sf.obj
 0001:0000efc0       _sf_rtw_info_uint_prop     1000ffc0 f   sfc_mexmsvc80:sfc_sf.obj
 0001:0000f0e0       _sf_is_chart_inlinable     100100e0 f   sfc_mexmsvc80:sfc_sf.obj
 0001:0000f110       _sf_mark_output_events_with_multiple_callers 10010110 f   sfc_mexmsvc80:sfc_sf.obj
 0001:0000f270       _sf_mark_chart_reusable_outputs 10010270 f   sfc_mexmsvc80:sfc_sf.obj
 0001:0000f3d0       _sf_mark_chart_expressionable_inputs 100103d0 f   sfc_mexmsvc80:sfc_sf.obj
 0001:0000f530       _sf_get_subchart_simstruct 10010530 f   sfc_mexmsvc80:sfc_sf.obj
 0001:0000f570       _sf_get_fixpt_data_type_id 10010570 f   sfc_mexmsvc80:sfc_sf.obj
 0001:0000f5b0       _sf_get_enum_data_type_id  100105b0 f   sfc_mexmsvc80:sfc_sf.obj
 0001:0000f5f0       _sf_get_param_data_type_id 100105f0 f   sfc_mexmsvc80:sfc_sf.obj
 0001:0000f620       _sf_mex_listen_for_ctrl_c_force 10010620 f   sfc_mexmsvc80:sfc_sf.obj
 0001:0000f720       _sf_mex_draw_now           10010720 f   sfc_mexmsvc80:sfc_sf.obj
 0001:0000f760       _sf_mex_set_debugger_sim_status_listener_fcn 10010760 f   sfc_mexmsvc80:sfc_sf.obj
 0001:0000f770       _sf_mex_listen_for_ctrl_c  10010770 f   sfc_mexmsvc80:sfc_sf.obj
 0001:0000f800       _sf_mex_get_sfun_param     10010800 f   sfc_mexmsvc80:sfc_sf.obj
 0001:0000f850       _sf_get_runtime_param_data 10010850 f   sfc_mexmsvc80:sfc_sf.obj
 0001:0000f890       _sf_call_output_fcn_call   10010890 f   sfc_mexmsvc80:sfc_sf.obj
 0001:0000f9b0       _sf_call_output_fcn_enable 100109b0 f   sfc_mexmsvc80:sfc_sf.obj
 0001:0000fa30       _sf_call_output_fcn_disable 10010a30 f   sfc_mexmsvc80:sfc_sf.obj
 0001:0000fab0       _sf_clear_rtw_identifier   10010ab0 f   sfc_mexmsvc80:sfc_sf.obj
 0001:000102e0       _sf_set_encoded_dwork_info 100112e0 f   sfc_mexmsvc80:sfc_sf.obj
 0001:00010320       _sf_get_dwork_info_from_mat_file 10011320 f   sfc_mexmsvc80:sfc_sf.obj
 0001:00010470       _sf_set_rtw_dwork_info     10011470 f   sfc_mexmsvc80:sfc_sf.obj
 0001:00010590       _mdlOutputs                10011590 f   sfc_mexmsvc80:sfc_sf.obj
 0001:000106a0       _sf_debug_disp             100116a0 f   sfc_debugmsvc80:sfcdebug.obj
 0001:000108a0       _sf_debug_data_runtime_size_mismatch_error_check 100118a0 f   sfc_debugmsvc80:sfcdebug.obj
 0001:000108e0       _sf_debug_try_loading_machine 100118e0 f   sfc_debugmsvc80:sfcdebug.obj
 0001:000109b0       _sf_debug_reset_current_state_configuration 100119b0 f   sfc_debugmsvc80:sfcdebug.obj
 0001:000109f0       _sf_debug_store_current_state_configuration 100119f0 f   sfc_debugmsvc80:sfcdebug.obj
 0001:00010a30       _sf_debug_restore_previous_state_configuration 10011a30 f   sfc_debugmsvc80:sfcdebug.obj
 0001:00010a70       _sf_debug_restore_previous_state_configuration2 10011a70 f   sfc_debugmsvc80:sfcdebug.obj
 0001:00010ab0       _sf_debug_get_event_scope  10011ab0 f   sfc_debugmsvc80:sfcdebug.obj
 0001:00010bd0       _use_debugger_step_animation 10011bd0 f   sfc_debugmsvc80:sfcdebug.obj
 0001:00010bf0       _sf_debug_get_script_id    10011bf0 f   sfc_debugmsvc80:sfcdebug.obj
 0001:00010c80       _sf_debug_set_script_translation 10011c80 f   sfc_debugmsvc80:sfcdebug.obj
 0001:00010db0       _sf_debug_extract_message_post_receive_info 10011db0 f   sfc_debugmsvc80:sfcdebug.obj
 0001:00010e70       _sf_debug_get_current_machine_id 10011e70 f   sfc_debugmsvc80:sfcdebug.obj
 0001:00010e90       _sf_debug_get_current_optional_integer 10011e90 f   sfc_debugmsvc80:sfcdebug.obj
 0001:00010ea0       _sf_debug_get_current_machine_number 10011ea0 f   sfc_debugmsvc80:sfcdebug.obj
 0001:00010ec0       _sf_debug_get_current_machine_name 10011ec0 f   sfc_debugmsvc80:sfcdebug.obj
 0001:00010ee0       _sf_debug_get_current_chart_id 10011ee0 f   sfc_debugmsvc80:sfcdebug.obj
 0001:00010f10       _sf_debug_get_current_chart_number 10011f10 f   sfc_debugmsvc80:sfcdebug.obj
 0001:00010f20       _sf_debug_get_current_instance_number 10011f20 f   sfc_debugmsvc80:sfcdebug.obj
 0001:00010f30       _sf_debug_get_current_is_minor_time_step 10011f30 f   sfc_debugmsvc80:sfcdebug.obj
 0001:00010fa0       _sf_debug_get_current_object_type 10011fa0 f   sfc_debugmsvc80:sfcdebug.obj
 0001:00010fb0       _sf_debug_get_current_instance_handle 10011fb0 f   sfc_debugmsvc80:sfcdebug.obj
 0001:00011000       _sf_debug_get_current_event_type 10012000 f   sfc_debugmsvc80:sfcdebug.obj
 0001:00011010       _sf_debug_get_current_object_id 10012010 f   sfc_debugmsvc80:sfcdebug.obj
 0001:00011040       _sf_debug_get_current_active_event_type 10012040 f   sfc_debugmsvc80:sfcdebug.obj
 0001:00011050       _sf_debug_get_current_active_event_id 10012050 f   sfc_debugmsvc80:sfcdebug.obj
 0001:00011080       _sf_debug_get_current_tag_type 10012080 f   sfc_debugmsvc80:sfcdebug.obj
 0001:00011090       _sf_debug_get_current_simulation_time 10012090 f   sfc_debugmsvc80:sfcdebug.obj
 0001:000110a0       _sf_debug_get_current_coverage_percentage 100120a0 f   sfc_debugmsvc80:sfcdebug.obj
 0001:000110b0       _sf_debug_current_statement_context 100120b0 f   sfc_debugmsvc80:sfcdebug.obj
 0001:00011130       _sf_debug_get_current_statement_info 10012130 f   sfc_debugmsvc80:sfcdebug.obj
 0001:00011270       _sf_debug_terminate_instance 10012270 f   sfc_debugmsvc80:sfcdebug.obj
 0001:00011510       _sf_debug_assertion_failed 10012510 f   sfc_debugmsvc80:sfcdebug.obj
 0001:00011790       _sf_debug_set_number_of_data_with_change_event_for_machine 10012790 f   sfc_debugmsvc80:sfcdebug.obj
 0001:000117d0       _sf_debug_set_machine_event_thresholds 100127d0 f   sfc_debugmsvc80:sfcdebug.obj
 0001:00011800       _sf_debug_set_machine_event_scope 10012800 f   sfc_debugmsvc80:sfcdebug.obj
 0001:00011840       _sf_debug_set_machine_data_thresholds 10012840 f   sfc_debugmsvc80:sfcdebug.obj
 0001:00011880       _sf_debug_set_machine_data_scope 10012880 f   sfc_debugmsvc80:sfcdebug.obj
 0001:00011900       _sf_debug_set_machine_data_name 10012900 f   sfc_debugmsvc80:sfcdebug.obj
 0001:00011950       _sf_debug_set_machine_data_size 10012950 f   sfc_debugmsvc80:sfcdebug.obj
 0001:00011a40       _sf_debug_set_machine_data_type 10012a40 f   sfc_debugmsvc80:sfcdebug.obj
 0001:00011b60       _sf_debug_get_chart_data_number 10012b60 f   sfc_debugmsvc80:sfcdebug.obj
 0001:00011b90       _sf_debug_get_chart_event_number 10012b90 f   sfc_debugmsvc80:sfcdebug.obj
 0001:00011bc0       _sf_debug_set_chart_state_info 10012bc0 f   sfc_debugmsvc80:sfcdebug.obj
 0001:00011c40       _sf_debug_set_chart_decomposition 10012c40 f   sfc_debugmsvc80:sfcdebug.obj
 0001:00011cb0       _sf_debug_set_chart_substate_count 10012cb0 f   sfc_debugmsvc80:sfcdebug.obj
 0001:00011d70       _sf_debug_set_chart_substate_index 10012d70 f   sfc_debugmsvc80:sfcdebug.obj
 0001:00011de0       _sf_debug_set_chart_state_substate_count 10012de0 f   sfc_debugmsvc80:sfcdebug.obj
 0001:00011ec0       _sf_debug_set_chart_state_substate_index 10012ec0 f   sfc_debugmsvc80:sfcdebug.obj
 0001:00011f40       _sf_debug_set_number_of_data_with_change_event_for_chart 10012f40 f   sfc_debugmsvc80:sfcdebug.obj
 0001:00011fc0       _sf_debug_set_number_of_states_with_entry_event_for_chart 10012fc0 f   sfc_debugmsvc80:sfcdebug.obj
 0001:00012030       _sf_debug_set_number_of_states_with_exit_event_for_chart 10013030 f   sfc_debugmsvc80:sfcdebug.obj
 0001:000120a0       _sf_debug_set_chart_disable_implicit_casting 100130a0 f   sfc_debugmsvc80:sfcdebug.obj
 0001:00012110       _sf_debug_set_chart_event_thresholds 10013110 f   sfc_debugmsvc80:sfcdebug.obj
 0001:00012180       _sf_debug_set_chart_data_compiled_props 10013180 f   sfc_debugmsvc80:sfcdebug.obj
 0001:000123f0       _sf_debug_set_chart_data_props 100133f0 f   sfc_debugmsvc80:sfcdebug.obj
 0001:00012660       _sf_debug_check_fi_license 10013660 f   sfc_debugmsvc80:sfcdebug.obj
 0001:000127f0       _sf_debug_symbol_scope_push 100137f0 f   sfc_debugmsvc80:sfcdebug.obj
 0001:00012830       _sf_debug_symbol_scope_push_eml 10013830 f   sfc_debugmsvc80:sfcdebug.obj
 0001:00012870       _sf_debug_symbol_scope_pop 10013870 f   sfc_debugmsvc80:sfcdebug.obj
 0001:000128a0       _sf_debug_symbol_scope_add_importable 100138a0 f   sfc_debugmsvc80:sfcdebug.obj
 0001:00012900       _sf_debug_symbol_scope_add 10013900 f   sfc_debugmsvc80:sfcdebug.obj
 0001:00012960       _sf_debug_symbol_scope_add_dyn_importable 10013960 f   sfc_debugmsvc80:sfcdebug.obj
 0001:000129d0       _sf_debug_symbol_scope_add_dyn 100139d0 f   sfc_debugmsvc80:sfcdebug.obj
 0001:00012a00       _sf_debug_symbol_scope_add_eml_importable 10013a00 f   sfc_debugmsvc80:sfcdebug.obj
 0001:00012a30       _sf_debug_symbol_scope_add_eml 10013a30 f   sfc_debugmsvc80:sfcdebug.obj
 0001:00012a60       _sf_debug_symbol_scope_add_eml_dyn_importable 10013a60 f   sfc_debugmsvc80:sfcdebug.obj
 0001:00012ab0       _sf_debug_symbol_scope_add_eml_dyn 10013ab0 f   sfc_debugmsvc80:sfcdebug.obj
 0001:00012b00       _sf_debug_symbol_switch    10013b00 f   sfc_debugmsvc80:sfcdebug.obj
 0001:00012b20       _sf_debug_symbol_scope_add_verbose 10013b20 f   sfc_debugmsvc80:sfcdebug.obj
 0001:00012b90       _sf_debug_set_machine_data_value_ptr 10013b90 f   sfc_debugmsvc80:sfcdebug.obj
 0001:00012bd0       _sf_debug_set_instance_data_value_ptr 10013bd0 f   sfc_debugmsvc80:sfcdebug.obj
 0001:00012c30       _sf_debug_unset_instance_data_value_ptr 10013c30 f   sfc_debugmsvc80:sfcdebug.obj
 0001:00012c80       _sf_debug_set_chart_event_scope 10013c80 f   sfc_debugmsvc80:sfcdebug.obj
 0001:00012d00       _sf_debug_set_chart_transition_coverage_maps 10013d00 f   sfc_debugmsvc80:sfcdebug.obj
 0001:00012d90       _sf_debug_set_chart_state_coverage_maps 10013d90 f   sfc_debugmsvc80:sfcdebug.obj
 0001:00012e10       _sf_debug_set_instance_transition_coverage_weights 10013e10 f   sfc_debugmsvc80:sfcdebug.obj
 0001:00012e80       _sf_debug_set_instance_state_coverage_weights 10013e80 f   sfc_debugmsvc80:sfcdebug.obj
 0001:00013080       _sf_debug_unload_machine   10014080 f   sfc_debugmsvc80:sfcdebug.obj
 0001:000130d0       _sf_debug_load_machine     100140d0 f   sfc_debugmsvc80:sfcdebug.obj
 0001:00013180       _sf_debug_set_active_instance_in_data_dictionary 10014180 f   sfc_debugmsvc80:sfcdebug.obj
 0001:00013300       _sf_debug_set_active_instance 10014300 f   sfc_debugmsvc80:sfcdebug.obj
 0001:000133f0       _sf_debug_chart_visiblity_change 100143f0 f   sfc_debugmsvc80:sfcdebug.obj
 0001:000134a0       _sf_debug_select_chart     100144a0 f   sfc_debugmsvc80:sfcdebug.obj
 0001:00013580       _sf_debug_set_instance_cv_ids 10014580 f   sfc_debugmsvc80:sfcdebug.obj
 0001:00013740       _sf_debug_select_charts    10014740 f   sfc_debugmsvc80:sfcdebug.obj
 0001:00013890       _sf_debug_initialized      10014890 f   sfc_debugmsvc80:sfcdebug.obj
 0001:000138a0       _sf_debug_is_uninterruptible 100148a0 f   sfc_debugmsvc80:sfcdebug.obj
 0001:000138d0       _sf_debug_initialize_debugger_gui 100148d0 f   sfc_debugmsvc80:sfcdebug.obj
 0001:00013c50       _sf_debug_resume           10014c50 f   sfc_debugmsvc80:sfcdebug.obj
 0001:00013c70       _sf_debug_go               10014c70 f   sfc_debugmsvc80:sfcdebug.obj
 0001:00013c80       _sf_debug_break            10014c80 f   sfc_debugmsvc80:sfcdebug.obj
 0001:00013c90       _sf_debug_step_over        10014c90 f   sfc_debugmsvc80:sfcdebug.obj
 0001:00013ca0       _sf_debug_step_out         10014ca0 f   sfc_debugmsvc80:sfcdebug.obj
 0001:00013cb0       _sf_debug_set_disable_all_breakpoints 10014cb0 f   sfc_debugmsvc80:sfcdebug.obj
 0001:00013cc0       _sf_debug_disable_all_breakpoints_and_go 10014cc0 f   sfc_debugmsvc80:sfcdebug.obj
 0001:00013cd0       _sf_debug_break_on_chart_entry 10014cd0 f   sfc_debugmsvc80:sfcdebug.obj
 0001:00013ce0       _sf_debug_break_on_event_broadcast 10014ce0 f   sfc_debugmsvc80:sfcdebug.obj
 0001:00013cf0       _sf_debug_break_on_state_entry 10014cf0 f   sfc_debugmsvc80:sfcdebug.obj
 0001:00013d00       _sf_debug_break_between_times 10014d00 f   sfc_debugmsvc80:sfcdebug.obj
 0001:00013d30       _sf_debug_browse_data      10014d30 f   sfc_debugmsvc80:sfcdebug.obj
 0001:00013d50       _sf_debug_watch_data       10014d50 f   sfc_debugmsvc80:sfcdebug.obj
 0001:00013d80       _sf_debug_assign_data      10014d80 f   sfc_debugmsvc80:sfcdebug.obj
 0001:00013da0       _sf_debug_whos             10014da0 f   sfc_debugmsvc80:sfcdebug.obj
 0001:00013dc0       _sf_debug_get_consistency_info 10014dc0 f   sfc_debugmsvc80:sfcdebug.obj
 0001:00013de0       _sf_debug_browse_trace     10014de0 f   sfc_debugmsvc80:sfcdebug.obj
 0001:00013e00       _sf_debug_set_breakpoints  10014e00 f   sfc_debugmsvc80:sfcdebug.obj
 0001:00013ec0       _sf_debug_set_eml_breakpoints 10014ec0 f   sfc_debugmsvc80:sfcdebug.obj
 0001:00013fd0       _sf_debug_set_script_breakpoints 10014fd0 f   sfc_debugmsvc80:sfcdebug.obj
 0001:00014050       _sf_debug_add_script_breakpoints 10015050 f   sfc_debugmsvc80:sfcdebug.obj
 0001:000140c0       _sf_debug_clear_script_breakpoints 100150c0 f   sfc_debugmsvc80:sfcdebug.obj
 0001:00014130       _sf_debug_query_script_breakpoints 10015130 f   sfc_debugmsvc80:sfcdebug.obj
 0001:000141d0       _sf_debug_get_eml_script_id 100151d0 f   sfc_debugmsvc80:sfcdebug.obj
 0001:00014220       _sf_debug_set_watch        10015220 f   sfc_debugmsvc80:sfcdebug.obj
 0001:000143b0       _sf_debug_get_instance_handle 100153b0 f   sfc_debugmsvc80:sfcdebug.obj
 0001:00014430       _sf_debug_get_active_states 10015430 f   sfc_debugmsvc80:sfcdebug.obj
 0001:00014450       _sf_debug_get_animation    10015450 f   sfc_debugmsvc80:sfcdebug.obj
 0001:00014460       _sf_debug_set_animation    10015460 f   sfc_debugmsvc80:sfcdebug.obj
 0001:00014470       _sf_debug_animate          10015470 f   sfc_debugmsvc80:sfcdebug.obj
 0001:000144a0       _sf_debug_cycle_detection_check 100154a0 f   sfc_debugmsvc80:sfcdebug.obj
 0001:000144b0       _sf_debug_data_range_check 100154b0 f   sfc_debugmsvc80:sfcdebug.obj
 0001:000144c0       _sf_debug_transition_conflict_check 100154c0 f   sfc_debugmsvc80:sfcdebug.obj
 0001:000144d0       _sf_debug_state_consistency_check 100154d0 f   sfc_debugmsvc80:sfcdebug.obj
 0001:000144e0       _sf_debug_data_range_check_enabled 100154e0 f   sfc_debugmsvc80:sfcdebug.obj
 0001:000144f0       _sf_debug_transition_conflict_check_enabled 100154f0 f   sfc_debugmsvc80:sfcdebug.obj
 0001:00014500       _sf_debug_transition_conflict_check_begin 10015500 f   sfc_debugmsvc80:sfcdebug.obj
 0001:00014520       _sf_debug_transition_conflict_check_end 10015520 f   sfc_debugmsvc80:sfcdebug.obj
 0001:00014540       _sf_debug_stop_debugging   10015540 f   sfc_debugmsvc80:sfcdebug.obj
 0001:00014570       _sf_debug_is_cycle_detected 10015570 f   sfc_debugmsvc80:sfcdebug.obj
 0001:00014580       _sf_debug_is_array_bounds_detected 10015580 f   sfc_debugmsvc80:sfcdebug.obj
 0001:00014590       _sf_debug_get_state_vectors_data_size 10015590 f   sfc_debugmsvc80:sfcdebug.obj
 0001:000145d0       _sf_debug_get_state_vectors_data 100155d0 f   sfc_debugmsvc80:sfcdebug.obj
 0001:000146a0       _sf_debug_set_state_vectors_data 100156a0 f   sfc_debugmsvc80:sfcdebug.obj
 0001:000148d0       _sf_debug_get_script_index 100158d0 f   sfc_debugmsvc80:sfcdebug.obj
 0001:00014a00       _sf_debug_add_script       10015a00 f   sfc_debugmsvc80:sfcdebug.obj
 0001:00014b50       _cv_eval_point             10015b50 f   sfc_debugmsvc80:sfcdebug.obj
 0001:00014c20       _cv_eval_testobjective     10015c20 f   sfc_debugmsvc80:sfcdebug.obj
 0001:00014cd0       _sf_debug_cv_init_state    10015cd0 f   sfc_debugmsvc80:sfcdebug.obj
 0001:00014d60       _sf_debug_cv_init_chart    10015d60 f   sfc_debugmsvc80:sfcdebug.obj
 0001:00014de0       _sf_debug_cv_init_trans    10015de0 f   sfc_debugmsvc80:sfcdebug.obj
 0001:00014e70       _sf_debug_cv_init_testobjectives 10015e70 f   sfc_debugmsvc80:sfcdebug.obj
 0001:00014fb0       _cv_eml_init_script        10015fb0 f   sfc_debugmsvc80:sfcdebug.obj
 0001:00015030       _cv_eml_init_fcn           10016030 f   sfc_debugmsvc80:sfcdebug.obj
 0001:00015090       _cv_eml_init_testobjective 10016090 f   sfc_debugmsvc80:sfcdebug.obj
 0001:00015100       _cv_eml_init_saturation    10016100 f   sfc_debugmsvc80:sfcdebug.obj
 0001:00015170       _cv_eml_init_if            10016170 f   sfc_debugmsvc80:sfcdebug.obj
 0001:000151e0       _cv_eml_init_for           100161e0 f   sfc_debugmsvc80:sfcdebug.obj
 0001:00015250       _cv_eml_init_while         10016250 f   sfc_debugmsvc80:sfcdebug.obj
 0001:000152c0       _cv_eml_init_mcdc          100162c0 f   sfc_debugmsvc80:sfcdebug.obj
 0001:00015340       _cv_eml_init_switch        10016340 f   sfc_debugmsvc80:sfcdebug.obj
 0001:000153c0       _cv_eml_eval               100163c0 f   sfc_debugmsvc80:sfcdebug.obj
 0001:00015440       _sf_debug_bm_is_a_eml_breakpoint 10016440 f   sfc_debugmsvc80:sfcdebug.obj
 0001:00015570       _sf_debug_temporal_threshold 10016570 f   sfc_debugmsvc80:sfcdebug.obj
 0001:00015860       _sf_debug_transition_conflict_error 10016860 f   sfc_debugmsvc80:sfcdebug.obj
 0001:00015b00       _sf_debug_state_inconsistency_error 10016b00 f   sfc_debugmsvc80:sfcdebug.obj
 0001:00015bf0       _sf_debug_check_for_state_inconsistency 10016bf0 f   sfc_debugmsvc80:sfcdebug.obj
 0001:00015c30       _sf_debug_cycle_detecton_error 10016c30 f   sfc_debugmsvc80:sfcdebug.obj
 0001:00016240       _sf_debug_size_eq_check_1d 10017240 f   sfc_debugmsvc80:sfcdebug.obj
 0001:00016260       _sf_debug_size_eq_check_nd 10017260 f   sfc_debugmsvc80:sfcdebug.obj
 0001:00016340       _sf_debug_dim_size_eq_check 10017340 f   sfc_debugmsvc80:sfcdebug.obj
 0001:00016370       _sf_debug_dim_size_geq_check 10017370 f   sfc_debugmsvc80:sfcdebug.obj
 0001:000163a0       _sf_debug_sub_assign_size_check_nd 100173a0 f   sfc_debugmsvc80:sfcdebug.obj
 0001:000164c0       _sf_debug_matrix_matrix_index_check 100174c0 f   sfc_debugmsvc80:sfcdebug.obj
 0001:00016500       _sf_debug_vector_vector_index_check 10017500 f   sfc_debugmsvc80:sfcdebug.obj
 0001:00016540       _sf_debug_for_loop_vector_check 10017540 f   sfc_debugmsvc80:sfcdebug.obj
 0001:000165a0       _sf_debug_runtime_error_msgid 100175a0 f   sfc_debugmsvc80:sfcdebug.obj
 0001:00016630       _sf_debug_data_array_bounds_error_check 10017630 f   sfc_debugmsvc80:sfcdebug.obj
 0001:00016690       _sf_debug_eml_data_array_bounds_error_check 10017690 f   sfc_debugmsvc80:sfcdebug.obj
 0001:00016980       _sf_debug_integer_check    10017980 f   sfc_debugmsvc80:sfcdebug.obj
 0001:00016a00       _sf_debug_not_nan_check    10017a00 f   sfc_debugmsvc80:sfcdebug.obj
 0001:00016a50       _sf_debug_non_negative_check 10017a50 f   sfc_debugmsvc80:sfcdebug.obj
 0001:00016ab0       _sf_debug_overflow_detection 10017ab0 f   sfc_debugmsvc80:sfcdebug.obj
 0001:00016fd0       _sf_debug_cast_to_real32_T 10017fd0 f   sfc_debugmsvc80:sfcdebug.obj
 0001:00017030       _sf_debug_cast_to_int8_T   10018030 f   sfc_debugmsvc80:sfcdebug.obj
 0001:000170b0       _sf_debug_cast_to_uint8_T  100180b0 f   sfc_debugmsvc80:sfcdebug.obj
 0001:00017140       _sf_debug_cast_to_int16_T  10018140 f   sfc_debugmsvc80:sfcdebug.obj
 0001:000171c0       _sf_debug_cast_to_uint16_T 100181c0 f   sfc_debugmsvc80:sfcdebug.obj
 0001:00017250       _sf_debug_cast_to_int32_T  10018250 f   sfc_debugmsvc80:sfcdebug.obj
 0001:000172c0       _sf_debug_cast_to_uint32_T 100182c0 f   sfc_debugmsvc80:sfcdebug.obj
 0001:00017350       _sf_debug_data_range_error 10018350 f   sfc_debugmsvc80:sfcdebug.obj
 0001:000175d0       _sf_debug_read_before_write_check 100185d0 f   sfc_debugmsvc80:sfcdebug.obj
 0001:00017930       _sf_debug_data_range_error_wrapper_min_max 10018930 f   sfc_debugmsvc80:sfcdebug.obj
 0001:000179a0       _sf_debug_data_range_error_wrapper_min 100189a0 f   sfc_debugmsvc80:sfcdebug.obj
 0001:00017a00       _sf_debug_data_range_error_wrapper_max 10018a00 f   sfc_debugmsvc80:sfcdebug.obj
 0001:00017a60       _sf_debug_data_range_wrapper 10018a60 f   sfc_debugmsvc80:sfcdebug.obj
 0001:00017ab0       _sf_debug_set_current_status_info 10018ab0 f   sfc_debugmsvc80:sfcdebug.obj
 0001:00017e10       _sf_debug_register_message_post_receive_info 10018e10 f   sfc_debugmsvc80:sfcdebug.obj
 0001:00017fa0       _sf_debug_call             10018fa0 f   sfc_debugmsvc80:sfcdebug.obj
 0001:00018790       _sf_debug_initialize_machine 10019790 f   sfc_debugmsvc80:sfcdebug.obj
 0001:00018a40       _sf_debug_initialize_chart 10019a40 f   sfc_debugmsvc80:sfcdebug.obj
 0001:00018d30       _sf_debug_ensure_script    10019d30 f   sfc_debugmsvc80:sfcdebug.obj
 0001:00018de0       _cv_script_init_script     10019de0 f   sfc_debugmsvc80:sfcdebug.obj
 0001:00018e40       _cv_script_init_fcn        10019e40 f   sfc_debugmsvc80:sfcdebug.obj
 0001:00018e90       _cv_script_init_testobjective 10019e90 f   sfc_debugmsvc80:sfcdebug.obj
 0001:00018ee0       _cv_script_init_if         10019ee0 f   sfc_debugmsvc80:sfcdebug.obj
 0001:00018f30       _cv_script_init_for        10019f30 f   sfc_debugmsvc80:sfcdebug.obj
 0001:00018f80       _cv_script_init_while      10019f80 f   sfc_debugmsvc80:sfcdebug.obj
 0001:00018fd0       _cv_script_init_mcdc       10019fd0 f   sfc_debugmsvc80:sfcdebug.obj
 0001:00019030       _cv_script_init_switch     1001a030 f   sfc_debugmsvc80:sfcdebug.obj
 0001:00019090       _cv_script_eval            1001a090 f   sfc_debugmsvc80:sfcdebug.obj
 0001:000190f0       _eml_debug_line_call       1001a0f0 f   sfc_debugmsvc80:sfcdebug.obj
 0001:000191f0       _sf_debug_terminate        1001a1f0 f   sfc_debugmsvc80:sfcdebug.obj
 0001:00019320       _sf_debug_set_script_cv_ids 1001a320 f   sfc_debugmsvc80:sfcdebug.obj
 0001:00019420       _sf_debug_api              1001a420 f   sfc_debugmsvc80:sfc_api.obj
 0001:0001acd0       _sf_debug_sm_terminate     1001bcd0 f   sfc_debugmsvc80:sfdb_animation.obj
 0001:0001ae40       _sf_debug_reset_path_objects 1001be40 f   sfc_debugmsvc80:sfdb_animation.obj
 0001:0001aeb0       _sf_debug_sm_reset_object_selection_status 1001beb0 f   sfc_debugmsvc80:sfdb_animation.obj
 0001:0001af50       _sf_debug_sm_reset_state_buffer 1001bf50 f   sfc_debugmsvc80:sfdb_animation.obj
 0001:0001b010       _sf_debug_sm_store_state_buffer 1001c010 f   sfc_debugmsvc80:sfdb_animation.obj
 0001:0001b090       _sf_debug_sm_restore_state_buffer1 1001c090 f   sfc_debugmsvc80:sfdb_animation.obj
 0001:0001b0f0       _sf_debug_sm_restore_state_buffer2 1001c0f0 f   sfc_debugmsvc80:sfdb_animation.obj
 0001:0001b150       _sf_debug_sm_chart_active  1001c150 f   sfc_debugmsvc80:sfdb_animation.obj
 0001:0001b1a0       _sf_debug_sm_select_active_objects 1001c1a0 f   sfc_debugmsvc80:sfdb_animation.obj
 0001:0001b560       _sf_debug_sm_is_chart_active 1001c560 f   sfc_debugmsvc80:sfdb_animation.obj
 0001:0001b5a0       _sf_debug_sm_is_state_active 1001c5a0 f   sfc_debugmsvc80:sfdb_animation.obj
 0001:0001b750       _sf_debug_sm_get_active_states 1001c750 f   sfc_debugmsvc80:sfdb_animation.obj
 0001:0001bb80       _sf_debug_sm_initialize_instance 1001cb80 f   sfc_debugmsvc80:sfdb_animation.obj
 0001:0001bd90       _sf_debug_sm_change_object_selection_status 1001cd90 f   sfc_debugmsvc80:sfdb_animation.obj
 0001:0001bf80       _cv_create_interface       1001cf80 f   sfc_debugmsvc80:cv_sfinterface.obj
 0001:0001c290       _cv_init_trans             1001d290 f   sfc_debugmsvc80:cv_sfinterface.obj
 0001:0001c2e0       _cv_init_testobjective     1001d2e0 f   sfc_debugmsvc80:cv_sfinterface.obj
 0001:0001c330       _cv_init_state             1001d330 f   sfc_debugmsvc80:cv_sfinterface.obj
 0001:0001c390       _cv_init_chart             1001d390 f   sfc_debugmsvc80:cv_sfinterface.obj
 0001:0001c3e0       _cv_dec_update_call        1001d3e0 f   sfc_debugmsvc80:cv_sfinterface.obj
 0001:0001c420       _cv_cond_update_call       1001d420 f   sfc_debugmsvc80:cv_sfinterface.obj
 0001:0001c460       _cv_testobjective_update_call 1001d460 f   sfc_debugmsvc80:cv_sfinterface.obj
 0001:0001c4a0       _cv_sigrange_update        1001d4a0 f   sfc_debugmsvc80:cv_sfinterface.obj
 0001:0001c4f0       _cvsf_eml_eval             1001d4f0 f   sfc_debugmsvc80:cv_sfinterface.obj
 0001:0001c5e0       _cvsf_eml_init_script      1001d5e0 f   sfc_debugmsvc80:cv_sfinterface.obj
 0001:0001c650       _cvsf_eml_init_fcn         1001d650 f   sfc_debugmsvc80:cv_sfinterface.obj
 0001:0001c6b0       _cvsf_eml_init_testobjective 1001d6b0 f   sfc_debugmsvc80:cv_sfinterface.obj
 0001:0001c710       _cvsf_eml_init_saturation  1001d710 f   sfc_debugmsvc80:cv_sfinterface.obj
 0001:0001c770       _cvsf_eml_init_if          1001d770 f   sfc_debugmsvc80:cv_sfinterface.obj
 0001:0001c7d0       _cvsf_eml_init_for         1001d7d0 f   sfc_debugmsvc80:cv_sfinterface.obj
 0001:0001c830       _cvsf_eml_init_while       1001d830 f   sfc_debugmsvc80:cv_sfinterface.obj
 0001:0001c890       _cvsf_eml_init_mcdc        1001d890 f   sfc_debugmsvc80:cv_sfinterface.obj
 0001:0001c900       _cvsf_eml_init_switch      1001d900 f   sfc_debugmsvc80:cv_sfinterface.obj
 0001:0001c960       _cvsf_script_eval          1001d960 f   sfc_debugmsvc80:cv_sfinterface.obj
 0001:0001ca50       _cvsf_script_init_script   1001da50 f   sfc_debugmsvc80:cv_sfinterface.obj
 0001:0001cac0       _cvsf_script_init_fcn      1001dac0 f   sfc_debugmsvc80:cv_sfinterface.obj
 0001:0001cb20       _cvsf_script_init_testobjective 1001db20 f   sfc_debugmsvc80:cv_sfinterface.obj
 0001:0001cb80       _cvsf_script_init_saturation 1001db80 f   sfc_debugmsvc80:cv_sfinterface.obj
 0001:0001cbe0       _cvsf_script_init_if       1001dbe0 f   sfc_debugmsvc80:cv_sfinterface.obj
 0001:0001cc40       _cvsf_script_init_for      1001dc40 f   sfc_debugmsvc80:cv_sfinterface.obj
 0001:0001cc90       _cvsf_script_init_while    1001dc90 f   sfc_debugmsvc80:cv_sfinterface.obj
 0001:0001cce0       _cvsf_script_init_mcdc     1001dce0 f   sfc_debugmsvc80:cv_sfinterface.obj
 0001:0001cd50       _cvsf_script_init_switch   1001dd50 f   sfc_debugmsvc80:cv_sfinterface.obj
 0001:0001cdb0       _cv_destroy_interface      1001ddb0 f   sfc_debugmsvc80:cv_sfinterface.obj
 0001:0001cdd0       _cv_create_instance_objects 1001ddd0 f   sfc_debugmsvc80:cv_sfinterface.obj
 0001:0001d110       _cv_is_enabled             1001e110 f   sfc_debugmsvc80:cv_sfinterface.obj
 0001:0001d120       _sf_debug_cv_initialize_script 1001e120 f   sfc_debugmsvc80:cv_sfinterface.obj
 0001:0001d2b0       _sf_debug_cv_initialize_instance 1001e2b0 f   sfc_debugmsvc80:cv_sfinterface.obj
 0001:0001d5b0       _sf_debug_cv_terminate_chart 1001e5b0 f   sfc_debugmsvc80:cv_sfinterface.obj
 0001:0001d6a0       _cv_call_trans_test        1001e6a0 f   sfc_debugmsvc80:cv_sfinterface.obj
 0001:0001d6b0       _cv_call_sub_cond_test     1001e6b0 f   sfc_debugmsvc80:cv_sfinterface.obj
 0001:0001d6f0       _sf_debug_st_initialize_machine 1001e6f0 f   sfc_debugmsvc80:sfdb_data_browse.obj
 0001:0001d7a0       _sf_debug_st_initialize_instance 1001e7a0 f   sfc_debugmsvc80:sfdb_data_browse.obj
 0001:0001d960       _sf_debug_st_terminate     1001e960 f   sfc_debugmsvc80:sfdb_data_browse.obj
 0001:0001dac0       _sf_debug_st_set_data_value_ptr_in_machine 1001eac0 f   sfc_debugmsvc80:sfdb_data_browse.obj
 0001:0001db30       _sf_debug_st_set_data_value_ptr_in_instance 1001eb30 f   sfc_debugmsvc80:sfdb_data_browse.obj
 0001:0001dbe0       _sf_debug_st_unset_data_value_ptr_in_machine 1001ebe0 f   sfc_debugmsvc80:sfdb_data_browse.obj
 0001:0001dc40       _sf_debug_st_unset_data_value_ptr_in_instance 1001ec40 f   sfc_debugmsvc80:sfdb_data_browse.obj
 0001:0001df50       _sf_debug_mx_value         1001ef50 f   sfc_debugmsvc80:sfdb_data_browse.obj
 0001:0001dfa0       _sf_debug_mx_packed_vector 1001efa0 f   sfc_debugmsvc80:sfdb_data_browse.obj
 0001:0001e040       _sf_debug_mx_uint_vector   1001f040 f   sfc_debugmsvc80:sfdb_data_browse.obj
 0001:0001e0c0       _sf_debug_st_get_double_value_from_void_ptr_vector 1001f0c0 f   sfc_debugmsvc80:sfdb_data_browse.obj
 0001:0001e8c0       _sf_debug_st_browse_data   1001f8c0 f   sfc_debugmsvc80:sfdb_data_browse.obj
 0001:0001ef90       _sf_debug_hm_initialize_instance 1001ff90 f   sfc_debugmsvc80:sfdb_handle_management.obj
 0001:0001f440       _sf_debug_hm_get_object_id 10020440 f   sfc_debugmsvc80:sfdb_handle_management.obj
 0001:0001fe60       _sf_debug_hm_update_chart_visibility 10020e60 f   sfc_debugmsvc80:sfdb_handle_management.obj
 0001:00020e20       _sf_debug_object_is_eml_function 10021e20 f   sfc_debugmsvc80:sfdb_handle_management.obj
 0001:00020e80       _sf_debug_hm_initialize_ids_in_machine 10021e80 f   sfc_debugmsvc80:sfdb_handle_management.obj
 0001:00020fd0       _sf_debug_hm_initialize_ids_in_chart 10021fd0 f   sfc_debugmsvc80:sfdb_handle_management.obj
 0001:000210c0       _sf_debug_hm_initialize_chart 100220c0 f   sfc_debugmsvc80:sfdb_handle_management.obj
 0001:00021760       _sf_debug_hm_terminate     10022760 f   sfc_debugmsvc80:sfdb_handle_management.obj
 0001:000217c0       _sf_debug_hm_initialize_machine 100227c0 f   sfc_debugmsvc80:sfdb_handle_management.obj
 0001:00021e80       _sf_debug_ss_initialize    10022e80 f   sfc_debugmsvc80:sfdb_symbol_scope.obj
 0001:00021ea0       _sf_debug_ss_terminate     10022ea0 f   sfc_debugmsvc80:sfdb_symbol_scope.obj
 0001:00021f20       _sf_debug_ss_push_symbol_scope 10022f20 f   sfc_debugmsvc80:sfdb_symbol_scope.obj
 0001:00021fe0       _sf_debug_ss_push_symbol_scope_eml 10022fe0 f   sfc_debugmsvc80:sfdb_symbol_scope.obj
 0001:00022030       _sf_debug_ss_pop_symbol_scope 10023030 f   sfc_debugmsvc80:sfdb_symbol_scope.obj
 0001:000220d0       _sf_debug_ss_add_symbol    100230d0 f   sfc_debugmsvc80:sfdb_symbol_scope.obj
 0001:000221c0       _sf_debug_ss_add_symbol_eml 100231c0 f   sfc_debugmsvc80:sfdb_symbol_scope.obj
 0001:00022ad0       _sf_debug_ss_set_data_value 10023ad0 f   sfc_debugmsvc80:sfdb_symbol_scope.obj
 0001:00022e20       _getInstanceNumber         10023e20 f   sfc_debugmsvc80:sfdb_symbol_scope.obj
 0001:00022ef0       _sf_debug_ss_watch_data    10023ef0 f   sfc_debugmsvc80:sfdb_symbol_scope.obj
 0001:00022fe0       _sf_debug_ss_assign_data   10023fe0 f   sfc_debugmsvc80:sfdb_symbol_scope.obj
 0001:00023880       _get_data_entry_name       10024880 f   sfc_debugmsvc80:sfdb_symbol_scope.obj
 0001:000238d0       _sf_debug_ss_whos          100248d0 f   sfc_debugmsvc80:sfdb_symbol_scope.obj
 0001:00023d80       _sf_debug_cc_initialize_chart 10024d80 f   sfc_debugmsvc80:sfdb_coverage.obj
 0001:00024750       _sf_debug_cc_initialize_instance 10025750 f   sfc_debugmsvc80:sfdb_coverage.obj
 0001:000253b0       _sf_debug_cc_terminate     100263b0 f   sfc_debugmsvc80:sfdb_coverage.obj
 0001:00025480       _sf_debug_cc_set_transition_maps 10026480 f   sfc_debugmsvc80:sfdb_coverage.obj
 0001:00025580       _sf_debug_cc_set_state_maps 10026580 f   sfc_debugmsvc80:sfdb_coverage.obj
 0001:00025650       _sf_debug_cc_set_transition_weights 10026650 f   sfc_debugmsvc80:sfdb_coverage.obj
 0001:00025890       _sf_debug_cc_set_state_weights 10026890 f   sfc_debugmsvc80:sfdb_coverage.obj
 0001:00025ad0       _sf_debug_cc_mark_transition_guard 10026ad0 f   sfc_debugmsvc80:sfdb_coverage.obj
 0001:00025b50       _sf_debug_cc_mark_transition_trigger 10026b50 f   sfc_debugmsvc80:sfdb_coverage.obj
 0001:00025bd0       _sf_debug_cc_mark_transition_decision 10026bd0 f   sfc_debugmsvc80:sfdb_coverage.obj
 0001:00025c30       _sf_debug_cc_mark_transition_condition_action 10026c30 f   sfc_debugmsvc80:sfdb_coverage.obj
 0001:00025c80       _sf_debug_cc_mark_transition_transition_action 10026c80 f   sfc_debugmsvc80:sfdb_coverage.obj
 0001:00025cd0       _sf_debug_cc_mark_state_entry 10026cd0 f   sfc_debugmsvc80:sfdb_coverage.obj
 0001:00025d20       _sf_debug_cc_mark_state_during 10026d20 f   sfc_debugmsvc80:sfdb_coverage.obj
 0001:00025d70       _sf_debug_cc_mark_state_exit 10026d70 f   sfc_debugmsvc80:sfdb_coverage.obj
 0001:00025dc0       _sf_debug_bm_clear_script_breakpoints 10026dc0 f   sfc_debugmsvc80:sfdb_breakpoints.obj
 0001:00025e00       _sf_debug_bm_set_script_breakpoint 10026e00 f   sfc_debugmsvc80:sfdb_breakpoints.obj
 0001:00025e70       _sf_debug_bm_clear_single_script_breakpoint 10026e70 f   sfc_debugmsvc80:sfdb_breakpoints.obj
 0001:00025ee0       _sf_debug_bm_query_script_breakpoint 10026ee0 f   sfc_debugmsvc80:sfdb_breakpoints.obj
 0001:00025f30       _sf_debug_bm_initialize_scripts 10026f30 f   sfc_debugmsvc80:sfdb_breakpoints.obj
 0001:000264d0       _sf_debug_bm_terminate     100274d0 f   sfc_debugmsvc80:sfdb_breakpoints.obj
 0001:00026790       _sf_debug_bm_remove_all_breakpoints_in_machine 10027790 f   sfc_debugmsvc80:sfdb_breakpoints.obj
 0001:000267e0       _sf_debug_bm_remove_all_breakpoints_in_chart 100277e0 f   sfc_debugmsvc80:sfdb_breakpoints.obj
 0001:00026910       _sf_debug_bm_initialize_global_breakpoints 10027910 f   sfc_debugmsvc80:sfdb_breakpoints.obj
 0001:00026ac0       _sf_debug_bm_set_breakpoint 10027ac0 f   sfc_debugmsvc80:sfdb_breakpoints.obj
 0001:00027020       _sf_debug_bm_set_eml_breakpoint 10028020 f   sfc_debugmsvc80:sfdb_breakpoints.obj
 0001:000270a0       _sf_debug_bm_initialize_machine_breakpoint_map 100280a0 f   sfc_debugmsvc80:sfdb_breakpoints.obj
 0001:00027440       _sf_debug_bm_is_a_breakpoint 10028440 f   sfc_debugmsvc80:sfdb_breakpoints.obj
 0001:00027930       _sf_debug_bm_get_all_breakpoints_in_machine 10028930 f   sfc_debugmsvc80:sfdb_breakpoints.obj
 0001:00027bd0       _sf_debug_bm_get_all_breakpoints_in_chart 10028bd0 f   sfc_debugmsvc80:sfdb_breakpoints.obj
 0001:00028600       _sf_debug_bm_initialize_machine 10029600 f   sfc_debugmsvc80:sfdb_breakpoints.obj
 0001:000286a0       _sf_debug_bm_initialize_chart 100296a0 f   sfc_debugmsvc80:sfdb_breakpoints.obj
 0001:00028a30       _sf_debug_sc_terminate     10029a30 f   sfc_debugmsvc80:sfdb_state_consistency.obj
 0001:00028cb0       _sf_debug_sc_is_chart_consistent 10029cb0 f   sfc_debugmsvc80:sfdb_state_consistency.obj
 0001:00028e90       _sf_debug_sc_get_consistency_error_info 10029e90 f   sfc_debugmsvc80:sfdb_state_consistency.obj
 0001:000291f0       _sf_debug_tm_terminate     1002a1f0 f   sfc_debugmsvc80:sfdb_call_stack.obj
 0001:00029290       _sf_debug_tm_push_chart_instance 1002a290 f   sfc_debugmsvc80:sfdb_call_stack.obj
 0001:000293c0       _sf_debug_tm_pop_chart_instance 1002a3c0 f   sfc_debugmsvc80:sfdb_call_stack.obj
 0001:00029420       _sf_debug_tm_push_trace_node 1002a420 f   sfc_debugmsvc80:sfdb_call_stack.obj
 0001:00029530       _sf_debug_tm_pop_trace_node 1002a530 f   sfc_debugmsvc80:sfdb_call_stack.obj
 0001:000295b0       _sf_debug_tm_get_current_global_trace_index 1002a5b0 f   sfc_debugmsvc80:sfdb_call_stack.obj
 0001:000295d0       _sf_debug_tm_get_current_local_trace_index 1002a5d0 f   sfc_debugmsvc80:sfdb_call_stack.obj
 0001:00029600       _sf_debug_tm_set_cycle_detected_flag 1002a600 f   sfc_debugmsvc80:sfdb_call_stack.obj
 0001:00029650       _sf_debug_tm_set_cycle_started_flag 1002a650 f   sfc_debugmsvc80:sfdb_call_stack.obj
 0001:000296a0       _sf_debug_tm_get_chart_number_from_stack 1002a6a0 f   sfc_debugmsvc80:sfdb_call_stack.obj
 0001:00029840       _sf_debug_tm_browse_trace  1002a840 f   sfc_debugmsvc80:sfdb_call_stack.obj
 0001:00029ab0       _sf_debug_cd_initialize_instance 1002aab0 f   sfc_debugmsvc80:sfdb_cycle_detection.obj
 0001:00029ce0       _sf_debug_cd_mark_processed_transition_in_instance 1002ace0 f   sfc_debugmsvc80:sfdb_cycle_detection.obj
 0001:00029d60       _sf_debug_cd_checksum_push 1002ad60 f   sfc_debugmsvc80:sfdb_cycle_detection.obj
 0001:0002a060       _sf_debug_cd_checksum_pop  1002b060 f   sfc_debugmsvc80:sfdb_cycle_detection.obj
 0001:0002a0c0       _sf_debug_cd_turn_off_cycle_detection 1002b0c0 f   sfc_debugmsvc80:sfdb_cycle_detection.obj
 0001:0002a110       _sf_debug_cd_terminate     1002b110 f   sfc_debugmsvc80:sfdb_cycle_detection.obj
 0001:0002a2e0       _md5_initialize_state      1002b2e0 f   sfc_debugmsvc80:ckmd5.obj
 0001:0002ab70       _md5_update_state          1002bb70 f   sfc_debugmsvc80:ckmd5.obj
 0001:0002ab90       _md5_get_hash              1002bb90 f   sfc_debugmsvc80:ckmd5.obj
 0001:0002abb0       _md5_get_hash_for_a_single_string 1002bbb0 f   sfc_debugmsvc80:ckmd5.obj
 0001:0002ac1a       _mxGetPr                   1002bc1a f   libmx:libmx.dll
 0001:0002ac20       _mxCreateStructMatrix_730  1002bc20 f   libmx:libmx.dll
 0001:0002ac26       _mxCreateString            1002bc26 f   libmx:libmx.dll
 0001:0002ac2c       _mxSetField_730            1002bc2c f   libmx:libmx.dll
 0001:0002ac32       _mxCreateDoubleMatrix_730  1002bc32 f   libmx:libmx.dll
 0001:0002ac38       _mxCreateDoubleScalar      1002bc38 f   libmx:libmx.dll
 0001:0002ac3e       _mxDestroyArray            1002bc3e f   libmx:libmx.dll
 0001:0002ac44       _mxDuplicateArray          1002bc44 f   libmx:libmx.dll
 0001:0002ac4a       _mxGetString_730           1002bc4a f   libmx:libmx.dll
 0001:0002ac50       _mxIsChar                  1002bc50 f   libmx:libmx.dll
 0001:0002ac56       _mxGetClassID              1002bc56 f   libmx:libmx.dll
 0001:0002ac5c       _mxIsNumeric               1002bc5c f   libmx:libmx.dll
 0001:0002ac62       _mxIsComplex               1002bc62 f   libmx:libmx.dll
 0001:0002ac68       _mxGetN                    1002bc68 f   libmx:libmx.dll
 0001:0002ac6e       _mxGetM                    1002bc6e f   libmx:libmx.dll
 0001:0002ac74       _mxCalloc                  1002bc74 f   libmx:libmx.dll
 0001:0002ac7a       _mxGetScalar               1002bc7a f   libmx:libmx.dll
 0001:0002ac80       _mxIsLogical               1002bc80 f   libmx:libmx.dll
 0001:0002ac86       _mxCreateDoubleMatrix_700  1002bc86 f   libmx:libmx.dll
 0001:0002ac8c       _mxFree                    1002bc8c f   libmx:libmx.dll
 0001:0002ac92       _mxArrayToString           1002bc92 f   libmx:libmx.dll
 0001:0002ac98       _mxCreateCellMatrix_700    1002bc98 f   libmx:libmx.dll
 0001:0002ac9e       _mxSetCell_700             1002bc9e f   libmx:libmx.dll
 0001:0002aca4       _mxGetCell_700             1002bca4 f   libmx:libmx.dll
 0001:0002acaa       _mxGetClassName            1002bcaa f   libmx:libmx.dll
 0001:0002acb0       _mxSetField_700            1002bcb0 f   libmx:libmx.dll
 0001:0002acb6       _mxAddField                1002bcb6 f   libmx:libmx.dll
 0001:0002acbc       _mxGetField_700            1002bcbc f   libmx:libmx.dll
 0001:0002acc2       _mxGetNumberOfElements     1002bcc2 f   libmx:libmx.dll
 0001:0002acc8       _mxIsStruct                1002bcc8 f   libmx:libmx.dll
 0001:0002acce       _mxIsA                     1002bcce f   libmx:libmx.dll
 0001:0002acd4       _mxIsClass                 1002bcd4 f   libmx:libmx.dll
 0001:0002acda       _mxGetLogicals             1002bcda f   libmx:libmx.dll
 0001:0002ace0       _mxIsSparse                1002bce0 f   libmx:libmx.dll
 0001:0002ace6       _mxSetFieldByNumber_700    1002bce6 f   libmx:libmx.dll
 0001:0002acec       _mxGetFieldByNumber_700    1002bcec f   libmx:libmx.dll
 0001:0002acf2       _mxGetFieldNameByNumber    1002bcf2 f   libmx:libmx.dll
 0001:0002acf8       _mxGetNumberOfFields       1002bcf8 f   libmx:libmx.dll
 0001:0002acfe       _mxCreateStructMatrix_700  1002bcfe f   libmx:libmx.dll
 0001:0002ad04       _mxGetFieldNumber          1002bd04 f   libmx:libmx.dll
 0001:0002ad0a       _mxIsNaN                   1002bd0a f   libmx:libmx.dll
 0001:0002ad10       _mxIsEmpty                 1002bd10 f   libmx:libmx.dll
 0001:0002ad16       _mxGetData                 1002bd16 f   libmx:libmx.dll
 0001:0002ad1c       _mxGetImagData             1002bd1c f   libmx:libmx.dll
 0001:0002ad22       _mxArrayClassIDName        1002bd22 f   libmx:libmx.dll
 0001:0002ad28       _mxCreateNumericMatrix_700 1002bd28 f   libmx:libmx.dll
 0001:0002ad2e       _mxCreateStructArray_700   1002bd2e f   libmx:libmx.dll
 0001:0002ad34       _mxCalcSingleSubscript_700 1002bd34 f   libmx:libmx.dll
 0001:0002ad3a       _mxGetDimensions_700       1002bd3a f   libmx:libmx.dll
 0001:0002ad40       _mxGetNumberOfDimensions_700 1002bd40 f   libmx:libmx.dll
 0001:0002ad46       _mxCreateNumericArray_700  1002bd46 f   libmx:libmx.dll
 0001:0002ad4c       _mxGetElementSize          1002bd4c f   libmx:libmx.dll
 0001:0002ad52       _mxCreateStringFromNChars_700 1002bd52 f   libmx:libmx.dll
 0001:0002ad58       _mxGetString_700           1002bd58 f   libmx:libmx.dll
 0001:0002ad5e       _mxIsLogicalScalarTrue     1002bd5e f   libmx:libmx.dll
 0001:0002ad64       _mxCreateLogicalScalar     1002bd64 f   libmx:libmx.dll
 0001:0002ad6a       _mexUnlock                 1002bd6a f   libmex:libmex.dll
 0001:0002ad70       _mexIsLocked               1002bd70 f   libmex:libmex.dll
 0001:0002ad76       _mexWarnMsgTxt             1002bd76 f   libmex:libmex.dll
 0001:0002ad7c       _mexCallMATLAB             1002bd7c f   libmex:libmex.dll
 0001:0002ad82       _mexErrMsgTxt              1002bd82 f   libmex:libmex.dll
 0001:0002ad88       _mexMakeArrayPersistent    1002bd88 f   libmex:libmex.dll
 0001:0002ad8e       _mexSetTrapFlag            1002bd8e f   libmex:libmex.dll
 0001:0002ad94       _mexPutVariable            1002bd94 f   libmex:libmex.dll
 0001:0002ad9a       _mexGetVariable            1002bd9a f   libmex:libmex.dll
 0001:0002ada0       _mexLock                   1002bda0 f   libmex:libmex.dll
 0001:0002ada6       _mexMakeMemoryPersistent   1002bda6 f   libmex:libmex.dll
 0001:0002adac       _mexFunctionName           1002bdac f   libmex:libmex.dll
 0001:0002adb2       _ssRegisterDataTypeFxpFSlopeFixExpBias 1002bdb2 f   libfixedpoint:libfixedpoint.dll
 0001:0002adb8       _utVSNprintf               1002bdb8 f   libut:libut.dll
 0001:0002adbe       _utCPUtime                 1002bdbe f   libut:libut.dll
 0001:0002adc4       _utFree                    1002bdc4 f   libut:libut.dll
 0001:0002adca       _utMalloc                  1002bdca f   libut:libut.dll
 0001:0002add0       _muDoubleScalarPower       1002bdd0 f   libmwmathutil:libmwmathutil.dll
 0001:0002add6       _muDoubleScalarSqrt        1002bdd6 f   libmwmathutil:libmwmathutil.dll
 0001:0002addc       _emlrtCreateRootTLS        1002bddc f   libemlrt:libemlrt.dll
 0001:0002ade2       _emlrtDestroyRootTLS       1002bde2 f   libemlrt:libemlrt.dll
 0001:0002ade8       _emlrtCheckBuiltInR2012b   1002bde8 f   libemlrt:libemlrt.dll
 0001:0002adee       _emlrtCheckVsBuiltInR2012b 1002bdee f   libemlrt:libemlrt.dll
 0001:0002adf4       _emlrtCheckEnumR2012b      1002bdf4 f   libemlrt:libemlrt.dll
 0001:0002adfa       _emlrtCreateEnumR2012b     1002bdfa f   libemlrt:libemlrt.dll
 0001:0002ae00       _emlrtGetEnumElementR2009a 1002be00 f   libemlrt:libemlrt.dll
 0001:0002ae06       _emlrtCreateReference      1002be06 f   libemlrt:libemlrt.dll
 0001:0002ae0c       _emlrtImportVsFiArrayR2009b 1002be0c f   libemlrt:libemlrt.dll
 0001:0002ae12       _emlrtNameCapturePostProcessR2012a 1002be12 f   libemlrt:libemlrt.dll
 0001:0002ae18       _emlrtExtractMessageId     1002be18 f   libemlrt:libemlrt.dll
 0001:0002ae1e       _emlrtTranslateMessageIDtoLCPstring 1002be1e f   libemlrt:libemlrt.dll
 0001:0002ae24       _emlrtForLoopVectorIsValidR2011b 1002be24 f   libemlrt:libemlrt.dll
 0001:0002ae2a       _emlrtTranslateUTF16MessagetoLCPstring 1002be2a f   libemlrt:libemlrt.dll
 0001:0002ae30       _emlrtGetEnumUnderlyingArrayR2009a 1002be30 f   libemlrt:libemlrt.dll
 0001:0002ae36       _emlrtIsEnumR2009a         1002be36 f   libemlrt:libemlrt.dll
 0001:0002ae40       _Control_System_Library_initializer 1002be40 f   Control_System_Library_sfun:Control_System_Library_sfun.obj
 0001:0002ae50       _Control_System_Library_terminator 1002be50 f   Control_System_Library_sfun:Control_System_Library_sfun.obj
 0001:0002ae60       _sf_Control_System_Library_method_dispatcher 1002be60 f   Control_System_Library_sfun:Control_System_Library_sfun.obj
 0001:0002aef0       _sf_Control_System_Library_process_check_sum_call 1002bef0 f   Control_System_Library_sfun:Control_System_Library_sfun.obj
 0001:0002b1a0       _sf_Control_System_Library_autoinheritance_info 1002c1a0 f   Control_System_Library_sfun:Control_System_Library_sfun.obj
 0001:0002b390       _sf_Control_System_Library_get_eml_resolved_functions_info 1002c390 f   Control_System_Library_sfun:Control_System_Library_sfun.obj
 0001:0002b520       _Control_System_Library_debug_initialize 1002c520 f   Control_System_Library_sfun:Control_System_Library_sfun.obj
 0001:0002b570       _Control_System_Library_register_exported_symbols 1002c570 f   Control_System_Library_sfun:Control_System_Library_sfun.obj
 0001:0002b580       _load_Control_System_Library_optimization_info 1002c580 f   Control_System_Library_sfun:Control_System_Library_sfun.obj
 0001:0002b5c0       _unload_Control_System_Library_optimization_info 1002c5c0 f   Control_System_Library_sfun:Control_System_Library_sfun.obj
 0001:0002eb33       _sf_c7_Control_System_Library_get_eml_resolved_functions_info 1002fb33 f   Control_System_Library_sfun:c7_Control_System_Library.obj
 0001:00033df8       _sf_c7_Control_System_Library_get_check_sum 10034df8 f   Control_System_Library_sfun:c7_Control_System_Library.obj
 0001:00033e6f       _sf_c7_Control_System_Library_get_autoinheritance_info 10034e6f f   Control_System_Library_sfun:c7_Control_System_Library.obj
 0001:00035173       _sf_internal_get_sim_state_c7_Control_System_Library 10036173 f   Control_System_Library_sfun:c7_Control_System_Library.obj
 0001:00035251       _sf_internal_set_sim_state_c7_Control_System_Library 10036251 f   Control_System_Library_sfun:c7_Control_System_Library.obj
 0001:0003599a       _c7_Control_System_Library_method_dispatcher 1003699a f   Control_System_Library_sfun:c7_Control_System_Library.obj
 0001:000368d7       _sf_c5_Control_System_Library_get_eml_resolved_functions_info 100378d7 f   Control_System_Library_sfun:c5_Control_System_Library.obj
 0001:00037563       _sf_c5_Control_System_Library_get_check_sum 10038563 f   Control_System_Library_sfun:c5_Control_System_Library.obj
 0001:000375da       _sf_c5_Control_System_Library_get_autoinheritance_info 100385da f   Control_System_Library_sfun:c5_Control_System_Library.obj
 0001:00037dca       _sf_internal_get_sim_state_c5_Control_System_Library 10038dca f   Control_System_Library_sfun:c5_Control_System_Library.obj
 0001:00037ea8       _sf_internal_set_sim_state_c5_Control_System_Library 10038ea8 f   Control_System_Library_sfun:c5_Control_System_Library.obj
 0001:00038541       _c5_Control_System_Library_method_dispatcher 10039541 f   Control_System_Library_sfun:c5_Control_System_Library.obj
 0001:000385a0       _sf_c4_Control_System_Library_get_eml_resolved_functions_info 100395a0 f   Control_System_Library_sfun:c4_Control_System_Library.obj
 0001:000389a0       _sf_c4_Control_System_Library_get_check_sum 100399a0 f   Control_System_Library_sfun:c4_Control_System_Library.obj
 0001:00038a00       _sf_c4_Control_System_Library_get_autoinheritance_info 10039a00 f   Control_System_Library_sfun:c4_Control_System_Library.obj
 0001:00038c10       _sf_internal_get_sim_state_c4_Control_System_Library 10039c10 f   Control_System_Library_sfun:c4_Control_System_Library.obj
 0001:00038ed0       _sf_internal_set_sim_state_c4_Control_System_Library 10039ed0 f   Control_System_Library_sfun:c4_Control_System_Library.obj
 0001:00039250       _c4_Control_System_Library_method_dispatcher 1003a250 f   Control_System_Library_sfun:c4_Control_System_Library.obj
 0001:0003a6f0       _sf_c3_Control_System_Library_get_eml_resolved_functions_info 1003b6f0 f   Control_System_Library_sfun:c3_Control_System_Library.obj
 0001:0003b2d0       _sf_c3_Control_System_Library_get_check_sum 1003c2d0 f   Control_System_Library_sfun:c3_Control_System_Library.obj
 0001:0003b330       _sf_c3_Control_System_Library_get_autoinheritance_info 1003c330 f   Control_System_Library_sfun:c3_Control_System_Library.obj
 0001:0003b650       _sf_internal_get_sim_state_c3_Control_System_Library 1003c650 f   Control_System_Library_sfun:c3_Control_System_Library.obj
 0001:0003b910       _sf_internal_set_sim_state_c3_Control_System_Library 1003c910 f   Control_System_Library_sfun:c3_Control_System_Library.obj
 0001:0003bc90       _c3_Control_System_Library_method_dispatcher 1003cc90 f   Control_System_Library_sfun:c3_Control_System_Library.obj
 0001:0003d7ee       __ftol                     1003e7ee f   MSVCRT:MSVCR100.dll
 0001:0003d7f4       _strlen                    1003e7f4 f   MSVCRT:MSVCR100.dll
 0001:0003d7fa       _free                      1003e7fa f   MSVCRT:MSVCR100.dll
 0001:0003d800       _malloc                    1003e800 f   MSVCRT:MSVCR100.dll
 0001:0003d806       _memset                    1003e806 f   MSVCRT:MSVCR100.dll
 0001:0003d80c       _strcmp                    1003e80c f   MSVCRT:MSVCR100.dll
 0001:0003d812       @__security_check_cookie@4 1003e812 f   MSVCRT:secchk.obj
 0001:0003d830       _sprintf                   1003e830 f   MSVCRT:MSVCR100.dll
 0001:0003d836       _strcat                    1003e836 f   MSVCRT:MSVCR100.dll
 0001:0003d840       __ftol2_sse                1003e840 f   MSVCRT:ftol2.obj
 0001:0003d849       __ftol2_pentium4           1003e849 f   MSVCRT:ftol2.obj
 0001:0003d85c       __ftol2_sse_excpt          1003e85c f   MSVCRT:ftol2.obj
 0001:0003d876       __ftol2                    1003e876 f   MSVCRT:ftol2.obj
 0001:0003d8ec       _memcpy                    1003e8ec f   MSVCRT:MSVCR100.dll
 0001:0003d8f2       _NtCurrentTeb              1003e8f2 f i MSVCRT:crtdll.obj
 0001:0003d947       __CRT_INIT@12              1003e947 f   MSVCRT:crtdll.obj
 0001:0003dc67       __DllMainCRTStartup@12     1003ec67 f   MSVCRT:crtdll.obj
 0001:0003dc8a       _strncpy                   1003ec8a f   MSVCRT:MSVCR100.dll
 0001:0003dc90       __alloca_probe             1003ec90     MSVCRT:chkstk.obj
 0001:0003dc90       __chkstk                   1003ec90 f   MSVCRT:chkstk.obj
 0001:0003dcbc       _longjmp                   1003ecbc f   MSVCRT:MSVCR100.dll
 0001:0003dcc2       _strncmp                   1003ecc2 f   MSVCRT:MSVCR100.dll
 0001:0003dcc8       _ceil                      1003ecc8 f   MSVCRT:MSVCR100.dll
 0001:0003dcce       _strrchr                   1003ecce f   MSVCRT:MSVCR100.dll
 0001:0003dcd4       __setjmp3                  1003ecd4 f   MSVCRT:MSVCR100.dll
 0001:0003dcda       _calloc                    1003ecda f   MSVCRT:MSVCR100.dll
 0001:0003dce0       _realloc                   1003ece0 f   MSVCRT:MSVCR100.dll
 0001:0003dce6       _ldexp                     1003ece6 f   MSVCRT:MSVCR100.dll
 0001:0003dcec       ___report_gsfailure        1003ecec f   MSVCRT:gs_report.obj
 0001:0003ddf2       ___sse2_available_init     1003edf2 f   MSVCRT:cpu_disp.obj
 0001:0003de02       ___clean_type_info_names   1003ee02 f   MSVCRT:tncleanup.obj
 0001:0003de0e       __onexit                   1003ee0e f   MSVCRT:atonexit.obj
 0001:0003deaf       _atexit                    1003eeaf f   MSVCRT:atonexit.obj
 0001:0003dec6       __RTC_Initialize           1003eec6 f   MSVCRT:_initsect_.obj
 0001:0003deec       __RTC_Terminate            1003eeec f   MSVCRT:_initsect_.obj
 0001:0003df12       __malloc_crt               1003ef12 f   MSVCRT:MSVCR100.dll
 0001:0003df18       __encoded_null             1003ef18 f   MSVCRT:MSVCR100.dll
 0001:0003df20       __ValidateImageBase        1003ef20 f   MSVCRT:pesect.obj
 0001:0003df60       __FindPESection            1003ef60 f   MSVCRT:pesect.obj
 0001:0003dfb0       __IsNonwritableInCurrentImage 1003efb0 f   MSVCRT:pesect.obj
 0001:0003e06c       __initterm                 1003f06c f   MSVCRT:MSVCR100.dll
 0001:0003e072       __initterm_e               1003f072 f   MSVCRT:MSVCR100.dll
 0001:0003e078       __amsg_exit                1003f078 f   MSVCRT:MSVCR100.dll
 0001:0003e07e       ___CppXcptFilter           1003f07e f   MSVCRT:MSVCR100.dll
 0001:0003e084       _DllMain@12                1003f084 f   MSVCRT:dllmain.obj
 0001:0003e0b0       __SEH_prolog4              1003f0b0 f   MSVCRT:sehprolg4.obj
 0001:0003e0f5       __SEH_epilog4              1003f0f5 f   MSVCRT:sehprolg4.obj
 0001:0003e109       __except_handler4          1003f109 f   MSVCRT:chandler4gs.obj
 0001:0003e12e       ___security_init_cookie    1003f12e f   MSVCRT:gs_support.obj
 0001:0003e1ca       __crt_debugger_hook        1003f1ca f   MSVCRT:MSVCR100.dll
 0001:0003e1d0       ___clean_type_info_names_internal 1003f1d0 f   MSVCRT:MSVCR100.dll
 0001:0003e1d6       __unlock                   1003f1d6 f   MSVCRT:MSVCR100.dll
 0001:0003e1dc       ___dllonexit               1003f1dc f   MSVCRT:MSVCR100.dll
 0001:0003e1e2       __lock                     1003f1e2 f   MSVCRT:MSVCR100.dll
 0001:0003e1e8       __except_handler4_common   1003f1e8 f   MSVCRT:MSVCR100.dll
 0001:0003e1ee       _EncodePointer@4           1003f1ee f   kernel32:KERNEL32.dll
 0001:0003e1f4       _DecodePointer@4           1003f1f4 f   kernel32:KERNEL32.dll
 0001:0003e1fa       _InterlockedExchange@8     1003f1fa f   kernel32:KERNEL32.dll
 0001:0003e200       _Sleep@4                   1003f200 f   kernel32:KERNEL32.dll
 0001:0003e206       _InterlockedCompareExchange@12 1003f206 f   kernel32:KERNEL32.dll
 0001:0003e20c       _TerminateProcess@8        1003f20c f   kernel32:KERNEL32.dll
 0001:0003e212       _GetCurrentProcess@0       1003f212 f   kernel32:KERNEL32.dll
 0001:0003e218       _UnhandledExceptionFilter@4 1003f218 f   kernel32:KERNEL32.dll
 0001:0003e21e       _SetUnhandledExceptionFilter@4 1003f21e f   kernel32:KERNEL32.dll
 0001:0003e224       _IsDebuggerPresent@0       1003f224 f   kernel32:KERNEL32.dll
 0001:0003e22a       _IsProcessorFeaturePresent@4 1003f22a f   kernel32:KERNEL32.dll
 0001:0003e230       _DisableThreadLibraryCalls@4 1003f230 f   kernel32:KERNEL32.dll
 0001:0003e236       _QueryPerformanceCounter@4 1003f236 f   kernel32:KERNEL32.dll
 0001:0003e23c       _GetTickCount@0            1003f23c f   kernel32:KERNEL32.dll
 0001:0003e242       _GetCurrentThreadId@0      1003f242 f   kernel32:KERNEL32.dll
 0001:0003e248       _GetCurrentProcessId@0     1003f248 f   kernel32:KERNEL32.dll
 0001:0003e24e       _GetSystemTimeAsFileTime@4 1003f24e f   kernel32:KERNEL32.dll
 0001:0003e254       _mxGetNaN                  1003f254 f   libmx:libmx.dll
 0001:0003e25a       _muDoubleScalarAbs         1003f25a f   libmwmathutil:libmwmathutil.dll
 0001:0003e260       _muDoubleScalarFloor       1003f260 f   libmwmathutil:libmwmathutil.dll
 0001:0003e266       _muDoubleScalarIsNaN       1003f266 f   libmwmathutil:libmwmathutil.dll
 0002:00000000       __imp__GetSystemTimeAsFileTime@4 10040000     kernel32:KERNEL32.dll
 0002:00000004       __imp__GetCurrentProcessId@0 10040004     kernel32:KERNEL32.dll
 0002:00000008       __imp__GetCurrentThreadId@0 10040008     kernel32:KERNEL32.dll
 0002:0000000c       __imp__GetTickCount@0      1004000c     kernel32:KERNEL32.dll
 0002:00000010       __imp__QueryPerformanceCounter@4 10040010     kernel32:KERNEL32.dll
 0002:00000014       __imp__DisableThreadLibraryCalls@4 10040014     kernel32:KERNEL32.dll
 0002:00000018       __imp__IsProcessorFeaturePresent@4 10040018     kernel32:KERNEL32.dll
 0002:0000001c       __imp__IsDebuggerPresent@0 1004001c     kernel32:KERNEL32.dll
 0002:00000020       __imp__SetUnhandledExceptionFilter@4 10040020     kernel32:KERNEL32.dll
 0002:00000024       __imp__UnhandledExceptionFilter@4 10040024     kernel32:KERNEL32.dll
 0002:00000028       __imp__GetCurrentProcess@0 10040028     kernel32:KERNEL32.dll
 0002:0000002c       __imp__TerminateProcess@8  1004002c     kernel32:KERNEL32.dll
 0002:00000030       __imp__InterlockedCompareExchange@12 10040030     kernel32:KERNEL32.dll
 0002:00000034       __imp__Sleep@4             10040034     kernel32:KERNEL32.dll
 0002:00000038       __imp__InterlockedExchange@8 10040038     kernel32:KERNEL32.dll
 0002:0000003c       __imp__DecodePointer@4     1004003c     kernel32:KERNEL32.dll
 0002:00000040       __imp__EncodePointer@4     10040040     kernel32:KERNEL32.dll
 0002:00000044       \177KERNEL32_NULL_THUNK_DATA 10040044     kernel32:KERNEL32.dll
 0002:00000048       __imp___onexit             10040048     MSVCRT:MSVCR100.dll
 0002:0000004c       __imp___lock               1004004c     MSVCRT:MSVCR100.dll
 0002:00000050       __imp____dllonexit         10040050     MSVCRT:MSVCR100.dll
 0002:00000054       __imp___unlock             10040054     MSVCRT:MSVCR100.dll
 0002:00000058       __imp____clean_type_info_names_internal 10040058     MSVCRT:MSVCR100.dll
 0002:0000005c       __imp___crt_debugger_hook  1004005c     MSVCRT:MSVCR100.dll
 0002:00000060       __imp___except_handler4_common 10040060     MSVCRT:MSVCR100.dll
 0002:00000064       __imp___amsg_exit          10040064     MSVCRT:MSVCR100.dll
 0002:00000068       __imp___initterm_e         10040068     MSVCRT:MSVCR100.dll
 0002:0000006c       __imp___initterm           1004006c     MSVCRT:MSVCR100.dll
 0002:00000070       __imp___encoded_null       10040070     MSVCRT:MSVCR100.dll
 0002:00000074       __imp___malloc_crt         10040074     MSVCRT:MSVCR100.dll
 0002:00000078       __imp__ldexp               10040078     MSVCRT:MSVCR100.dll
 0002:0000007c       __imp__realloc             1004007c     MSVCRT:MSVCR100.dll
 0002:00000080       __imp__calloc              10040080     MSVCRT:MSVCR100.dll
 0002:00000084       __imp___setjmp3            10040084     MSVCRT:MSVCR100.dll
 0002:00000088       __imp__strrchr             10040088     MSVCRT:MSVCR100.dll
 0002:0000008c       __imp__ceil                1004008c     MSVCRT:MSVCR100.dll
 0002:00000090       __imp__strncmp             10040090     MSVCRT:MSVCR100.dll
 0002:00000094       __imp__longjmp             10040094     MSVCRT:MSVCR100.dll
 0002:00000098       __imp__strncpy             10040098     MSVCRT:MSVCR100.dll
 0002:0000009c       __imp__memcpy              1004009c     MSVCRT:MSVCR100.dll
 0002:000000a0       __imp__strcat              100400a0     MSVCRT:MSVCR100.dll
 0002:000000a4       __imp__sprintf             100400a4     MSVCRT:MSVCR100.dll
 0002:000000a8       __imp__strcmp              100400a8     MSVCRT:MSVCR100.dll
 0002:000000ac       __imp__memset              100400ac     MSVCRT:MSVCR100.dll
 0002:000000b0       __imp__malloc              100400b0     MSVCRT:MSVCR100.dll
 0002:000000b4       __imp__free                100400b4     MSVCRT:MSVCR100.dll
 0002:000000b8       __imp__strlen              100400b8     MSVCRT:MSVCR100.dll
 0002:000000bc       __imp___ftol               100400bc     MSVCRT:MSVCR100.dll
 0002:000000c0       __imp____CppXcptFilter     100400c0     MSVCRT:MSVCR100.dll
 0002:000000c4       \177MSVCR100_NULL_THUNK_DATA 100400c4     MSVCRT:MSVCR100.dll
 0002:000000c8       __imp__emlrtIsEnumR2009a   100400c8     libemlrt:libemlrt.dll
[...]
 0001:00031ea7       _c7_diag                   10032ea7 f   Control_System_Library_sfun:c7_Control_System_Library.obj
 0001:00032058       _c7_skew_matrix            10033058 f   Control_System_Library_sfun:c7_Control_System_Library.obj
 0001:000321eb       _c7_eml_scalar_eg          100331eb f   Control_System_Library_sfun:c7_Control_System_Library.obj
 0001:000321f0       _c7_mpower                 100331f0 f   Control_System_Library_sfun:c7_Control_System_Library.obj
 0001:0003223d       _c7_matrix_to_integer_power 1003323d f   Control_System_Library_sfun:c7_Control_System_Library.obj
 0001:00032b08       _c7_b_eml_scalar_eg        10033b08 f   Control_System_Library_sfun:c7_Control_System_Library.obj
 0001:00032b0d       _c7_c_eml_scalar_eg        10033b0d f   Control_System_Library_sfun:c7_Control_System_Library.obj
 0001:00032b12       _c7_inv3x3                 10033b12 f   Control_System_Library_sfun:c7_Control_System_Library.obj
 0001:00033839       _c7_norm                   10034839 f   Control_System_Library_sfun:c7_Control_System_Library.obj
 0001:000339f0       _c7_eml_warning            100349f0 f   Control_System_Library_sfun:c7_Control_System_Library.obj
 0001:00033a83       _c7_b_eml_warning          10034a83 f   Control_System_Library_sfun:c7_Control_System_Library.obj
 0001:00033b75       _c7_d_eml_scalar_eg        10034b75 f   Control_System_Library_sfun:c7_Control_System_Library.obj
 0001:00033b7a       _c7_n_emlrt_marshallIn     10034b7a f   Control_System_Library_sfun:c7_Control_System_Library.obj
 0001:00033bbe       _c7_o_emlrt_marshallIn     10034bbe f   Control_System_Library_sfun:c7_Control_System_Library.obj
 0001:00033c23       _c7_j_sf_marshallOut       10034c23 f   Control_System_Library_sfun:c7_Control_System_Library.obj
 0001:00033c9a       _c7_p_emlrt_marshallIn     10034c9a f   Control_System_Library_sfun:c7_Control_System_Library.obj
 0001:00033ce3       _c7_j_sf_marshallIn        10034ce3 f   Control_System_Library_sfun:c7_Control_System_Library.obj
 0001:00033d5b       _c7_q_emlrt_marshallIn     10034d5b f   Control_System_Library_sfun:c7_Control_System_Library.obj
 0001:00033da8       _c7_r_emlrt_marshallIn     10034da8 f   Control_System_Library_sfun:c7_Control_System_Library.obj
 0001:00033df3       _init_dsm_address_info     10034df3 f   Control_System_Library_sfun:c7_Control_System_Library.obj
 0001:00034736       _sf_get_sim_state_info_c7_Control_System_Library 10035736 f   Control_System_Library_sfun:c7_Control_System_Library.obj
 0001:000347d0       _chart_debug_initialization 100357d0 f   Control_System_Library_sfun:c7_Control_System_Library.obj
 0001:0003510b       _sf_get_instance_specialization 1003610b f   Control_System_Library_sfun:c7_Control_System_Library.obj
 0001:00035112       _sf_opaque_initialize_c7_Control_System_Library 10036112 f   Control_System_Library_sfun:c7_Control_System_Library.obj
 0001:00035143       _sf_opaque_enable_c7_Control_System_Library 10036143 f   Control_System_Library_sfun:c7_Control_System_Library.obj
 0001:00035153       _sf_opaque_disable_c7_Control_System_Library 10036153 f   Control_System_Library_sfun:c7_Control_System_Library.obj
 0001:00035163       _sf_opaque_gateway_c7_Control_System_Library 10036163 f   Control_System_Library_sfun:c7_Control_System_Library.obj
 0001:0003534e       _sf_opaque_get_sim_state_c7_Control_System_Library 1003634e f   Control_System_Library_sfun:c7_Control_System_Library.obj
 0001:00035360       _sf_opaque_set_sim_state_c7_Control_System_Library 10036360 f   Control_System_Library_sfun:c7_Control_System_Library.obj
 0001:00035373       _sf_opaque_terminate_c7_Control_System_Library 10036373 f   Control_System_Library_sfun:c7_Control_System_Library.obj
 0001:000353e3       _sf_opaque_init_subchart_simstructs 100363e3 f   Control_System_Library_sfun:c7_Control_System_Library.obj
 0001:000353f3       _mdlProcessParameters_c7_Control_System_Library 100363f3 f   Control_System_Library_sfun:c7_Control_System_Library.obj
 0001:00035479       _mdlSetWorkWidths_c7_Control_System_Library 10036479 f   Control_System_Library_sfun:c7_Control_System_Library.obj
 0001:000357e5       _mdlRTW_c7_Control_System_Library 100367e5 f   Control_System_Library_sfun:c7_Control_System_Library.obj
 0001:00035813       _mdlStart_c7_Control_System_Library 10036813 f   Control_System_Library_sfun:c7_Control_System_Library.obj
 0001:00035a00       _initialize_c5_Control_System_Library 10036a00 f   Control_System_Library_sfun:c5_Control_System_Library.obj
 0001:00035a40       _initialize_params_c5_Control_System_Library 10036a40 f   Control_System_Library_sfun:c5_Control_System_Library.obj
 0001:00035a45       _enable_c5_Control_System_Library 10036a45 f   Control_System_Library_sfun:c5_Control_System_Library.obj
 0001:00035a6c       _disable_c5_Control_System_Library 10036a6c f   Control_System_Library_sfun:c5_Control_System_Library.obj
 0001:00035a93       _c5_update_debugger_state_c5_Control_System_Library 10036a93 f   Control_System_Library_sfun:c5_Control_System_Library.obj
 0001:00035a98       _get_sim_state_c5_Control_System_Library 10036a98 f   Control_System_Library_sfun:c5_Control_System_Library.obj
 0001:00035bca       _set_sim_state_c5_Control_System_Library 10036bca f   Control_System_Library_sfun:c5_Control_System_Library.obj
 0001:00035caf       _finalize_c5_Control_System_Library 10036caf f   Control_System_Library_sfun:c5_Control_System_Library.obj
 0001:00035cb4       _sf_c5_Control_System_Library 10036cb4 f   Control_System_Library_sfun:c5_Control_System_Library.obj
 0001:00035e01       _c5_chartstep_c5_Control_System_Library 10036e01 f   Control_System_Library_sfun:c5_Control_System_Library.obj
 0001:000365a5       _initSimStructsc5_Control_System_Library 100375a5 f   Control_System_Library_sfun:c5_Control_System_Library.obj
 0001:000365aa       _init_script_number_translation 100375aa f   Control_System_Library_sfun:c5_Control_System_Library.obj
 0001:000365af       _c5_sf_marshallOut         100375af f   Control_System_Library_sfun:c5_Control_System_Library.obj
 0001:0003665f       _c5_emlrt_marshallIn       1003765f f   Control_System_Library_sfun:c5_Control_System_Library.obj
 0001:000366a3       _c5_b_emlrt_marshallIn     100376a3 f   Control_System_Library_sfun:c5_Control_System_Library.obj
 0001:00036709       _c5_sf_marshallIn          10037709 f   Control_System_Library_sfun:c5_Control_System_Library.obj
 0001:00036798       _c5_b_sf_marshallOut       10037798 f   Control_System_Library_sfun:c5_Control_System_Library.obj
 0001:0003680f       _c5_c_emlrt_marshallIn     1003780f f   Control_System_Library_sfun:c5_Control_System_Library.obj
 0001:00036859       _c5_b_sf_marshallIn        10037859 f   Control_System_Library_sfun:c5_Control_System_Library.obj
 0001:00036b8c       _c5_info_helper            10037b8c f   Control_System_Library_sfun:c5_Control_System_Library.obj
 0001:00037389       _c5_check_forloop_overflow_error 10038389 f   Control_System_Library_sfun:c5_Control_System_Library.obj
 0001:0003738e       _c5_c_sf_marshallOut       1003838e f   Control_System_Library_sfun:c5_Control_System_Library.obj
 0001:00037405       _c5_d_emlrt_marshallIn     10038405 f   Control_System_Library_sfun:c5_Control_System_Library.obj
 0001:0003744e       _c5_c_sf_marshallIn        1003844e f   Control_System_Library_sfun:c5_Control_System_Library.obj
 0001:000374c6       _c5_e_emlrt_marshallIn     100384c6 f   Control_System_Library_sfun:c5_Control_System_Library.obj
 0001:00037513       _c5_f_emlrt_marshallIn     10038513 f   Control_System_Library_sfun:c5_Control_System_Library.obj
 0001:0003755e       _init_dsm_address_info     1003855e f   Control_System_Library_sfun:c5_Control_System_Library.obj
 0001:000378db       _sf_get_sim_state_info_c5_Control_System_Library 100388db f   Control_System_Library_sfun:c5_Control_System_Library.obj
 0001:00037975       _chart_debug_initialization 10038975 f   Control_System_Library_sfun:c5_Control_System_Library.obj
 0001:00037d62       _sf_get_instance_specialization 10038d62 f   Control_System_Library_sfun:c5_Control_System_Library.obj
 0001:00037d69       _sf_opaque_initialize_c5_Control_System_Library 10038d69 f   Control_System_Library_sfun:c5_Control_System_Library.obj
 0001:00037d9a       _sf_opaque_enable_c5_Control_System_Library 10038d9a f   Control_System_Library_sfun:c5_Control_System_Library.obj
 0001:00037daa       _sf_opaque_disable_c5_Control_System_Library 10038daa f   Control_System_Library_sfun:c5_Control_System_Library.obj
 0001:00037dba       _sf_opaque_gateway_c5_Control_System_Library 10038dba f   Control_System_Library_sfun:c5_Control_System_Library.obj
 0001:00037fa5       _sf_opaque_get_sim_state_c5_Control_System_Library 10038fa5 f   Control_System_Library_sfun:c5_Control_System_Library.obj
 0001:00037fb7       _sf_opaque_set_sim_state_c5_Control_System_Library 10038fb7 f   Control_System_Library_sfun:c5_Control_System_Library.obj
 0001:00037fca       _sf_opaque_terminate_c5_Control_System_Library 10038fca f   Control_System_Library_sfun:c5_Control_System_Library.obj
 0001:0003803a       _sf_opaque_init_subchart_simstructs 1003903a f   Control_System_Library_sfun:c5_Control_System_Library.obj
 0001:0003804a       _mdlProcessParameters_c5_Control_System_Library 1003904a f   Control_System_Library_sfun:c5_Control_System_Library.obj
 0001:000380d0       _mdlSetWorkWidths_c5_Control_System_Library 100390d0 f   Control_System_Library_sfun:c5_Control_System_Library.obj
 0001:0003838c       _mdlRTW_c5_Control_System_Library 1003938c f   Control_System_Library_sfun:c5_Control_System_Library.obj
 0001:000383ba       _mdlStart_c5_Control_System_Library 100393ba f   Control_System_Library_sfun:c5_Control_System_Library.obj
 0001:00038ce0       _get_sim_state_c4_Control_System_Library 10039ce0 f   Control_System_Library_sfun:c4_Control_System_Library.obj
 0001:00038e30       _sf_get_sim_state_info_c4_Control_System_Library 10039e30 f   Control_System_Library_sfun:c4_Control_System_Library.obj
 0001:00038fd0       _set_sim_state_c4_Control_System_Library 10039fd0 f   Control_System_Library_sfun:c4_Control_System_Library.obj
 0001:000390d0       _c4_update_debugger_state_c4_Control_System_Library 1003a0d0 f   Control_System_Library_sfun:c4_Control_System_Library.obj
 0001:000390e0       _c4_emlrt_marshallIn       1003a0e0 f   Control_System_Library_sfun:c4_Control_System_Library.obj
 0001:00039130       _c4_b_emlrt_marshallIn     1003a130 f   Control_System_Library_sfun:c4_Control_System_Library.obj
 0001:000391b0       _c4_e_emlrt_marshallIn     1003a1b0 f   Control_System_Library_sfun:c4_Control_System_Library.obj
 0001:00039200       _c4_f_emlrt_marshallIn     1003a200 f   Control_System_Library_sfun:c4_Control_System_Library.obj
 0001:000392b0       _mdlProcessParameters_c4_Control_System_Library 1003a2b0 f   Control_System_Library_sfun:c4_Control_System_Library.obj
 0001:00039350       _initialize_params_c4_Control_System_Library 1003a350 f   Control_System_Library_sfun:c4_Control_System_Library.obj
 0001:00039360       _mdlSetWorkWidths_c4_Control_System_Library 1003a360 f   Control_System_Library_sfun:c4_Control_System_Library.obj
 0001:00039620       _sf_get_instance_specialization 1003a620 f   Control_System_Library_sfun:c4_Control_System_Library.obj
 0001:00039630       _mdlStart_c4_Control_System_Library 1003a630 f   Control_System_Library_sfun:c4_Control_System_Library.obj
 0001:000397a0       _init_dsm_address_info     1003a7a0 f   Control_System_Library_sfun:c4_Control_System_Library.obj
 0001:000397b0       _chart_debug_initialization 1003a7b0 f   Control_System_Library_sfun:c4_Control_System_Library.obj
 0001:00039b40       _init_script_number_translation 1003ab40 f   Control_System_Library_sfun:c4_Control_System_Library.obj
 0001:00039b50       _c4_sf_marshallOut         1003ab50 f   Control_System_Library_sfun:c4_Control_System_Library.obj
 0001:00039c30       _c4_sf_marshallIn          1003ac30 f   Control_System_Library_sfun:c4_Control_System_Library.obj
 0001:00039ce0       _sf_opaque_initialize_c4_Control_System_Library 1003ace0 f   Control_System_Library_sfun:c4_Control_System_Library.obj
 0001:00039d10       _initialize_c4_Control_System_Library 1003ad10 f   Control_System_Library_sfun:c4_Control_System_Library.obj
 0001:00039d50       _sf_opaque_enable_c4_Control_System_Library 1003ad50 f   Control_System_Library_sfun:c4_Control_System_Library.obj
 0001:00039d70       _enable_c4_Control_System_Library 1003ad70 f   Control_System_Library_sfun:c4_Control_System_Library.obj
 0001:00039d90       _sf_opaque_disable_c4_Control_System_Library 1003ad90 f   Control_System_Library_sfun:c4_Control_System_Library.obj
 0001:00039db0       _disable_c4_Control_System_Library 1003adb0 f   Control_System_Library_sfun:c4_Control_System_Library.obj
 0001:00039dd0       _sf_opaque_gateway_c4_Control_System_Library 1003add0 f   Control_System_Library_sfun:c4_Control_System_Library.obj
 0001:00039df0       _sf_c4_Control_System_Library 1003adf0 f   Control_System_Library_sfun:c4_Control_System_Library.obj
 0001:0003a480       _c4_b_sf_marshallOut       1003b480 f   Control_System_Library_sfun:c4_Control_System_Library.obj
 0001:0003a500       _c4_b_sf_marshallIn        1003b500 f   Control_System_Library_sfun:c4_Control_System_Library.obj
 0001:0003a580       _c4_c_emlrt_marshallIn     1003b580 f   Control_System_Library_sfun:c4_Control_System_Library.obj
 0001:0003a5d0       _sf_opaque_get_sim_state_c4_Control_System_Library 1003b5d0 f   Control_System_Library_sfun:c4_Control_System_Library.obj
 0001:0003a5f0       _sf_opaque_set_sim_state_c4_Control_System_Library 1003b5f0 f   Control_System_Library_sfun:c4_Control_System_Library.obj
 0001:0003a610       _sf_opaque_terminate_c4_Control_System_Library 1003b610 f   Control_System_Library_sfun:c4_Control_System_Library.obj
 0001:0003a680       _finalize_c4_Control_System_Library 1003b680 f   Control_System_Library_sfun:c4_Control_System_Library.obj
 0001:0003a690       _sf_opaque_init_subchart_simstructs 1003b690 f   Control_System_Library_sfun:c4_Control_System_Library.obj
 0001:0003a6b0       _initSimStructsc4_Control_System_Library 1003b6b0 f   Control_System_Library_sfun:c4_Control_System_Library.obj
 0001:0003a6c0       _mdlRTW_c4_Control_System_Library 1003b6c0 f   Control_System_Library_sfun:c4_Control_System_Library.obj
 0001:0003aa30       _c3_info_helper            1003ba30 f   Control_System_Library_sfun:c3_Control_System_Library.obj
 0001:0003b720       _get_sim_state_c3_Control_System_Library 1003c720 f   Control_System_Library_sfun:c3_Control_System_Library.obj
 0001:0003b870       _sf_get_sim_state_info_c3_Control_System_Library 1003c870 f   Control_System_Library_sfun:c3_Control_System_Library.obj
 0001:0003ba10       _set_sim_state_c3_Control_System_Library 1003ca10 f   Control_System_Library_sfun:c3_Control_System_Library.obj
 0001:0003bb10       _c3_update_debugger_state_c3_Control_System_Library 1003cb10 f   Control_System_Library_sfun:c3_Control_System_Library.obj
 0001:0003bb20       _c3_emlrt_marshallIn       1003cb20 f   Control_System_Library_sfun:c3_Control_System_Library.obj
 0001:0003bb70       _c3_b_emlrt_marshallIn     1003cb70 f   Control_System_Library_sfun:c3_Control_System_Library.obj
 0001:0003bbf0       _c3_e_emlrt_marshallIn     1003cbf0 f   Control_System_Library_sfun:c3_Control_System_Library.obj
 0001:0003bc40       _c3_f_emlrt_marshallIn     1003cc40 f   Control_System_Library_sfun:c3_Control_System_Library.obj
 0001:0003bcf0       _mdlProcessParameters_c3_Control_System_Library 1003ccf0 f   Control_System_Library_sfun:c3_Control_System_Library.obj
 0001:0003bd90       _initialize_params_c3_Control_System_Library 1003cd90 f   Control_System_Library_sfun:c3_Control_System_Library.obj
 0001:0003bda0       _mdlSetWorkWidths_c3_Control_System_Library 1003cda0 f   Control_System_Library_sfun:c3_Control_System_Library.obj
 0001:0003c090       _sf_get_instance_specialization 1003d090 f   Control_System_Library_sfun:c3_Control_System_Library.obj
 0001:0003c0a0       _mdlStart_c3_Control_System_Library 1003d0a0 f   Control_System_Library_sfun:c3_Control_System_Library.obj
 0001:0003c210       _init_dsm_address_info     1003d210 f   Control_System_Library_sfun:c3_Control_System_Library.obj
 0001:0003c220       _chart_debug_initialization 1003d220 f   Control_System_Library_sfun:c3_Control_System_Library.obj
 0001:0003c660       _init_script_number_translation 1003d660 f   Control_System_Library_sfun:c3_Control_System_Library.obj
 0001:0003c670       _c3_sf_marshallOut         1003d670 f   Control_System_Library_sfun:c3_Control_System_Library.obj
 0001:0003c750       _c3_sf_marshallIn          1003d750 f   Control_System_Library_sfun:c3_Control_System_Library.obj
 0001:0003c800       _sf_opaque_initialize_c3_Control_System_Library 1003d800 f   Control_System_Library_sfun:c3_Control_System_Library.obj
 0001:0003c830       _initialize_c3_Control_System_Library 1003d830 f   Control_System_Library_sfun:c3_Control_System_Library.obj
 0001:0003c870       _sf_opaque_enable_c3_Control_System_Library 1003d870 f   Control_System_Library_sfun:c3_Control_System_Library.obj
 0001:0003c890       _enable_c3_Control_System_Library 1003d890 f   Control_System_Library_sfun:c3_Control_System_Library.obj
 0001:0003c8b0       _sf_opaque_disable_c3_Control_System_Library 1003d8b0 f   Control_System_Library_sfun:c3_Control_System_Library.obj
 0001:0003c8d0       _disable_c3_Control_System_Library 1003d8d0 f   Control_System_Library_sfun:c3_Control_System_Library.obj
 0001:0003c8f0       _sf_opaque_gateway_c3_Control_System_Library 1003d8f0 f   Control_System_Library_sfun:c3_Control_System_Library.obj
 0001:0003c910       _sf_c3_Control_System_Library 1003d910 f   Control_System_Library_sfun:c3_Control_System_Library.obj
 0001:0003ca80       _c3_chartstep_c3_Control_System_Library 1003da80 f   Control_System_Library_sfun:c3_Control_System_Library.obj
 0001:0003d4b0       _c3_b_sf_marshallOut       1003e4b0 f   Control_System_Library_sfun:c3_Control_System_Library.obj
 0001:0003d530       _c3_b_sf_marshallIn        1003e530 f   Control_System_Library_sfun:c3_Control_System_Library.obj
 0001:0003d5b0       _c3_c_emlrt_marshallIn     1003e5b0 f   Control_System_Library_sfun:c3_Control_System_Library.obj
 0001:0003d600       _c3_eml_scalar_eg          1003e600 f   Control_System_Library_sfun:c3_Control_System_Library.obj
 0001:0003d610       _c3_check_forloop_overflow_error 1003e610 f   Control_System_Library_sfun:c3_Control_System_Library.obj
 0001:0003d620       _c3_eml_error              1003e620 f   Control_System_Library_sfun:c3_Control_System_Library.obj
 0001:0003d6d0       _sf_opaque_get_sim_state_c3_Control_System_Library 1003e6d0 f   Control_System_Library_sfun:c3_Control_System_Library.obj
 0001:0003d6f0       _sf_opaque_set_sim_state_c3_Control_System_Library 1003e6f0 f   Control_System_Library_sfun:c3_Control_System_Library.obj
 0001:0003d710       _sf_opaque_terminate_c3_Control_System_Library 1003e710 f   Control_System_Library_sfun:c3_Control_System_Library.obj
 0001:0003d780       _finalize_c3_Control_System_Library 1003e780 f   Control_System_Library_sfun:c3_Control_System_Library.obj
 0001:0003d790       _sf_opaque_init_subchart_simstructs 1003e790 f   Control_System_Library_sfun:c3_Control_System_Library.obj
 0001:0003d7b0       _initSimStructsc3_Control_System_Library 1003e7b0 f   Control_System_Library_sfun:c3_Control_System_Library.obj
 0001:0003d7c0       _mdlRTW_c3_Control_System_Library 1003e7c0 f   Control_System_Library_sfun:c3_Control_System_Library.obj
 0001:0003d8f9       _pre_c_init                1003e8f9 f   MSVCRT:crtdll.obj
 0001:0003db51       ___DllMainCRTStartup       1003eb51 f   MSVCRT:crtdll.obj
