 BDotControllerDiscrete_sfun

 Timestamp is 521b721e (Mon Aug 26 11:19:58 2013)

 Preferred load address is 10000000

 Start         Length     Name                   Class
 0001:00000000 0003ed28H .text                   CODE
 0002:00000000 0000025cH .idata$5                DATA
 0002:0000025c 00000004H .CRT$XCA                DATA
 0002:00000260 00000004H .CRT$XCZ                DATA
 0002:00000264 00000004H .CRT$XIA                DATA
 0002:00000268 00000004H .CRT$XIAA               DATA
 0002:0000026c 00000004H .CRT$XIC                DATA
 0002:00000270 00000004H .CRT$XIZ                DATA
 0002:00000278 000045c8H .rdata                  DATA
 0002:00004840 00000004H .rtc$IAA                DATA
 0002:00004844 00000004H .rtc$IZZ                DATA
 0002:00004848 00000004H .rtc$TAA                DATA
 0002:0000484c 00000004H .rtc$TZZ                DATA
 0002:00004850 00000064H .xdata$x                DATA
 0002:000048b4 000000a0H .idata$2                DATA
 0002:00004954 00000014H .idata$3                DATA
 0002:00004968 0000025cH .idata$4                DATA
 0002:00004bc4 00000b00H .idata$6                DATA
 0002:000056d0 00000061H .edata                  DATA
 0003:00000000 00005bc0H .data                   DATA
 0003:00005bc0 0000238cH .bss                    DATA

  Address         Publics by Value              Rva+Base       Lib:Object

 0000:00000000       __except_list              00000000     <absolute>
 0000:00000000       ___safe_se_handler_table   00000000     <absolute>
 0000:00000000       ___safe_se_handler_count   00000000     <absolute>
 0000:00009876       __ldused                   00009876     <absolute>
 0000:00009876       __fltused                  00009876     <absolute>
 0000:00000000       ___ImageBase               10000000     <linker-defined>
 0001:00000000       _sf_c8_BDotControllerDiscrete_get_eml_resolved_functions_info 10001000 f   c8_BDotControllerDiscrete.obj
 0001:00000950       _sf_c8_BDotControllerDiscrete_get_check_sum 10001950 f   c8_BDotControllerDiscrete.obj
 0001:000009b0       _sf_c8_BDotControllerDiscrete_get_autoinheritance_info 100019b0 f   c8_BDotControllerDiscrete.obj
 0001:00000fe0       _sf_internal_get_sim_state_c8_BDotControllerDiscrete 10001fe0 f   c8_BDotControllerDiscrete.obj
 0001:00001410       _sf_internal_set_sim_state_c8_BDotControllerDiscrete 10002410 f   c8_BDotControllerDiscrete.obj
 0001:00001a40       _c8_BDotControllerDiscrete_method_dispatcher 10002a40 f   c8_BDotControllerDiscrete.obj
 0001:00003e30       _sf_process_check_sum_call 10004e30 f   BDotControllerDiscrete_sfun_registry.obj
 0001:00003e80       _sf_process_autoinheritance_call 10004e80 f   BDotControllerDiscrete_sfun_registry.obj
 0001:00004030       _sf_process_get_eml_resolved_functions_info_call 10005030 f   BDotControllerDiscrete_sfun_registry.obj
 0001:000041b0       _sf_mex_unlock_call        100051b0 f   BDotControllerDiscrete_sfun_registry.obj
 0001:00004240       _sf_machine_global_initializer_called 10005240 f   BDotControllerDiscrete_sfun_registry.obj
 0001:00004260       _sf_machine_global_method_dispatcher 10005260 f   BDotControllerDiscrete_sfun_registry.obj
 0001:000042d0       _sf_machine_global_terminator 100052d0 f   BDotControllerDiscrete_sfun_registry.obj
 0001:00004310       _sf_register_machine_exported_symbols 10005310 f   BDotControllerDiscrete_sfun_registry.obj
 0001:00004330       _callCustomFcn             10005330 f   BDotControllerDiscrete_sfun_registry.obj
 0001:00004340       _sf_machine_global_initializer 10005340 f   BDotControllerDiscrete_sfun_registry.obj
 0001:000043b0       __ssSetStateAbsTol         100053b0 f   BDotControllerDiscrete_sfun_registry.obj
 0001:00004450       __ssGetAbsTol              10005450 f   BDotControllerDiscrete_sfun_registry.obj
 0001:000044a0       __ssSetInputPortMatrixDimensions 100054a0 f   BDotControllerDiscrete_sfun_registry.obj
 0001:00004550       __ssSetOutputPortMatrixDimensions 10005550 f   BDotControllerDiscrete_sfun_registry.obj
 0001:00004600       __ssSetInputPortVectorDimension 10005600 f   BDotControllerDiscrete_sfun_registry.obj
 0001:00004680       __ssSetOutputPortVectorDimension 10005680 f   BDotControllerDiscrete_sfun_registry.obj
 0001:00004700       _ssIsRunTimeParamTunable   10005700 f   BDotControllerDiscrete_sfun_registry.obj
 0001:00004760       _ssGetSFuncBlockHandle     10005760 f   BDotControllerDiscrete_sfun_registry.obj
 0001:000047b0       __ssGetCurrentInputPortWidth 100057b0 f   BDotControllerDiscrete_sfun_registry.obj
 0001:00004880       __ssGetCurrentOutputPortWidth 10005880 f   BDotControllerDiscrete_sfun_registry.obj
 0001:00004950       __ssGetCallSystemNumFcnCallDestinations 10005950 f   BDotControllerDiscrete_sfun_registry.obj
 0001:000049b0       _ssWarning                 100059b0 f   BDotControllerDiscrete_sfun_registry.obj
 0001:00004a90       _ssGetIsZeroCrossControlDisabled 10005a90 f   BDotControllerDiscrete_sfun_registry.obj
 0001:00004af0       _ssSetIsInputPortUsedForContZcSignal 10005af0 f   BDotControllerDiscrete_sfun_registry.obj
 0001:00004b40       _ssSetZcSignalIsZcElementDisc 10005b40 f   BDotControllerDiscrete_sfun_registry.obj
 0001:00004bc0       _ssSetZcSignalName         10005bc0 f   BDotControllerDiscrete_sfun_registry.obj
 0001:00004c10       _ssSetZcSignalWidth        10005c10 f   BDotControllerDiscrete_sfun_registry.obj
 0001:00004c60       _ssSetZcSignalZcEventType  10005c60 f   BDotControllerDiscrete_sfun_registry.obj
 0001:00004cb0       _ssSetZcSignalType         10005cb0 f   BDotControllerDiscrete_sfun_registry.obj
 0001:00004d00       _ssSetZcSignalZcTol        10005d00 f   BDotControllerDiscrete_sfun_registry.obj
 0001:00004d50       _ssSetZcSignalNeedsEventNotification 10005d50 f   BDotControllerDiscrete_sfun_registry.obj
 0001:00004da0       _ssCreateAndAddZcSignalInfo 10005da0 f   BDotControllerDiscrete_sfun_registry.obj
 0001:00004e00       _ssCloneAndAddZcSignalInfo 10005e00 f   BDotControllerDiscrete_sfun_registry.obj
 0001:00004e60       _ssGetNumZcSignals         10005e60 f   BDotControllerDiscrete_sfun_registry.obj
 0001:00004ec0       _ssGetZcSignalVector       10005ec0 f   BDotControllerDiscrete_sfun_registry.obj
 0001:00004f20       _ssGetZcSignalZcEvents     10005f20 f   BDotControllerDiscrete_sfun_registry.obj
 0001:00004f80       _ssGetZcSignalName         10005f80 f   BDotControllerDiscrete_sfun_registry.obj
 0001:00004fe0       _ssGetZcSignalWidth        10005fe0 f   BDotControllerDiscrete_sfun_registry.obj
 0001:00005040       _ssGetZcSignalZcEventType  10006040 f   BDotControllerDiscrete_sfun_registry.obj
 0001:000050a0       _ssGetZcSignalType         100060a0 f   BDotControllerDiscrete_sfun_registry.obj
 0001:00005100       _ssGetZcSignalZcTol        10006100 f   BDotControllerDiscrete_sfun_registry.obj
 0001:00005160       _ssGetZcSignalNeedsEventNotification 10006160 f   BDotControllerDiscrete_sfun_registry.obj
 0001:000051c0       _ssGetZcSignalIsZcElementDisc 100061c0 f   BDotControllerDiscrete_sfun_registry.obj
 0001:00005240       _ssGetIsInputPortElementContinuous 10006240 f   BDotControllerDiscrete_sfun_registry.obj
 0001:000052c0       __ssGetInputPortSignalPtrsFcn 100062c0 f   BDotControllerDiscrete_sfun_registry.obj
 0001:000054c0       __ssGetInputPortSignalFcn  100064c0 f   BDotControllerDiscrete_sfun_registry.obj
 0001:00005650       __ssSetInputPortDirectFeedThroughFcn 10006650 f   BDotControllerDiscrete_sfun_registry.obj
 0001:00005780       __ssSetInputPortReusableFcn 10006780 f   BDotControllerDiscrete_sfun_registry.obj
 0001:00005810       __ssSetOutputPortReusableFcn 10006810 f   BDotControllerDiscrete_sfun_registry.obj
 0001:000058a0       _ssGetDTypeIdFromMxArray   100068a0 f   BDotControllerDiscrete_sfun_registry.obj
 0001:00005990       _ssWriteRTWStr             10006990 f   BDotControllerDiscrete_sfun_registry.obj
 0001:000059d0       _ssWriteRTWMxVectParam     100069d0 f   BDotControllerDiscrete_sfun_registry.obj
 0001:00005a10       _ssWriteRTWMx2dMatParam    10006a10 f   BDotControllerDiscrete_sfun_registry.obj
 0001:00005a50       _ssWriteRTWNameValuePair   10006a50 f   BDotControllerDiscrete_sfun_registry.obj
 0001:00005dc0       _ssWriteRTWParameters      10006dc0 f   BDotControllerDiscrete_sfun_registry.obj
 0001:00006160       _ssWriteRTWParamSettings   10007160 f   BDotControllerDiscrete_sfun_registry.obj
 0001:00006610       _ssWriteRTWWorkVect        10007610 f   BDotControllerDiscrete_sfun_registry.obj
 0001:000069a0       _mexFunction               100079a0 f   BDotControllerDiscrete_sfun_registry.obj
 0001:000080d0       _ProcessMexSfunctionEveryCall 100090d0 f   BDotControllerDiscrete_sfun_registry.obj
 0001:000081e0       _BDotControllerDiscrete_initializer 100091e0 f   BDotControllerDiscrete_sfun.obj
 0001:000081f0       _BDotControllerDiscrete_terminator 100091f0 f   BDotControllerDiscrete_sfun.obj
 0001:00008200       _sf_BDotControllerDiscrete_method_dispatcher 10009200 f   BDotControllerDiscrete_sfun.obj
 0001:00008230       _sf_BDotControllerDiscrete_process_check_sum_call 10009230 f   BDotControllerDiscrete_sfun.obj
 0001:000085e0       _sf_BDotControllerDiscrete_autoinheritance_info 100095e0 f   BDotControllerDiscrete_sfun.obj
 0001:00008700       _sf_BDotControllerDiscrete_get_eml_resolved_functions_info 10009700 f   BDotControllerDiscrete_sfun.obj
 0001:000087f0       _BDotControllerDiscrete_debug_initialize 100097f0 f   BDotControllerDiscrete_sfun.obj
 0001:00008840       _BDotControllerDiscrete_register_exported_symbols 10009840 f   BDotControllerDiscrete_sfun.obj
 0001:00008850       _load_BDotControllerDiscrete_optimization_info 10009850 f   BDotControllerDiscrete_sfun.obj
 0001:00008890       _unload_BDotControllerDiscrete_optimization_info 10009890 f   BDotControllerDiscrete_sfun.obj
 0001:00008960       _sf_mex_mx_is_numeric      10009960 f   sfc_mexmsvc80:sfc_mex.obj
 0001:000089a0       _strcmp_ignore_ws          100099a0 f   sfc_mexmsvc80:sfc_mex.obj
 0001:00008ac0       _sf_mex_duplicatearraysafe 10009ac0 f   sfc_mexmsvc80:sfc_mex.obj
 0001:00008ca0       _sf_set_error_debugger_context_message_fcn 10009ca0 f   sfc_mexmsvc80:sfc_mex.obj
 0001:00008cb0       _sf_set_debugger_matlab_error_fcn 10009cb0 f   sfc_mexmsvc80:sfc_mex.obj
 0001:00008cd0       _sf_set_error_prefix_string 10009cd0 f   sfc_mexmsvc80:sfc_mex.obj
 0001:00008d00       _sf_get_error_prefix_string 10009d00 f   sfc_mexmsvc80:sfc_mex.obj
 0001:00008d10       _sf_mex_enter_parallel_region 10009d10 f   sfc_mexmsvc80:sfc_mex.obj
 0001:00008d20       _sf_mex_exit_parallel_region 10009d20 f   sfc_mexmsvc80:sfc_mex.obj
 0001:00008d30       _sf_get_current_jmp_buf_ptr 10009d30 f   sfc_mexmsvc80:sfc_mex.obj
 0001:00008d40       _sf_set_current_jmp_buf_ptr 10009d40 f   sfc_mexmsvc80:sfc_mex.obj
 0001:00008d50       _sf_mex_set_halt_simulation 10009d50 f   sfc_mexmsvc80:sfc_mex.obj
 0001:00008d60       _sf_mex_get_halt_simulation 10009d60 f   sfc_mexmsvc80:sfc_mex.obj
 0001:00008d70       _sf_mex_clear_error_message 10009d70 f   sfc_mexmsvc80:sfc_mex.obj
 0001:00008d90       _sf_mex_get_error_message_for_read 10009d90 f   sfc_mexmsvc80:sfc_mex.obj
 0001:00008da0       _sf_mex_get_error_message_buffer_length 10009da0 f   sfc_mexmsvc80:sfc_mex.obj
 0001:00008e70       _sf_mex_warning_message    10009e70 f   sfc_mexmsvc80:sfc_mex.obj
 0001:00008ec0       _sf_mex_v_errbuf_createf   10009ec0 f   sfc_mexmsvc80:sfc_mex.obj
 0001:00008ee0       _sf_mex_errbuf_createf     10009ee0 f   sfc_mexmsvc80:sfc_mex.obj
 0001:00008f00       _sf_mex_v_errbuf_catf      10009f00 f   sfc_mexmsvc80:sfc_mex.obj
 0001:00008f40       _sf_mex_errbuf_catf        10009f40 f   sfc_mexmsvc80:sfc_mex.obj
 0001:00008f80       _sf_mex_errbuf_copy        10009f80 f   sfc_mexmsvc80:sfc_mex.obj
 0001:00008fa0       _sf_mex_errbuf_clear       10009fa0 f   sfc_mexmsvc80:sfc_mex.obj
 0001:00008fb0       _sf_mex_errbuf_isempty     10009fb0 f   sfc_mexmsvc80:sfc_mex.obj
 0001:00009040       _sf_mex_set_error_status   1000a040 f   sfc_mexmsvc80:sfc_mex.obj
 0001:00009070       _sf_mex_error_direct_call  1000a070 f   sfc_mexmsvc80:sfc_mex.obj
 0001:00009090       _sf_mex_error_message_no_long_jump 1000a090 f   sfc_mexmsvc80:sfc_mex.obj
 0001:000090c0       _sf_mex_long_jump_on_error 1000a0c0 f   sfc_mexmsvc80:sfc_mex.obj
 0001:000090f0       _sf_mex_call_matlab        1000a0f0 f   sfc_mexmsvc80:sfc_mex.obj
 0001:000091c0       _sf_mex_check_builtin      1000a1c0 f   sfc_mexmsvc80:sfc_mex.obj
 0001:00009220       _sf_mex_check_builtin_vs   1000a220 f   sfc_mexmsvc80:sfc_mex.obj
 0001:00009280       _sf_mex_check_enum         1000a280 f   sfc_mexmsvc80:sfc_mex.obj
 0001:000092d0       _sf_mex_create_enum        1000a2d0 f   sfc_mexmsvc80:sfc_mex.obj
 0001:00009320       _sf_mex_get_enum_element   1000a320 f   sfc_mexmsvc80:sfc_mex.obj
 0001:00009330       _sf_mex_createcellarray    1000a330 f   sfc_mexmsvc80:sfc_mex.obj
 0001:00009350       _sf_mex_setcell            1000a350 f   sfc_mexmsvc80:sfc_mex.obj
 0001:00009360       _sf_mex_getcell            1000a360 f   sfc_mexmsvc80:sfc_mex.obj
 0001:00009370       _sf_mex_dup                1000a370 f   sfc_mexmsvc80:sfc_mex.obj
 0001:000093a0       _sf_mex_assign             1000a3a0 f   sfc_mexmsvc80:sfc_mex.obj
 0001:000093f0       _sf_mex_destroy            1000a3f0 f   sfc_mexmsvc80:sfc_mex.obj
 0001:00009410       _mx_array_has_fi_type      1000a410 f   sfc_mexmsvc80:sfc_mex.obj
 0001:00009440       _sf_mex_convert_from_fi    1000a440 f   sfc_mexmsvc80:sfc_mex.obj
 0001:00009520       _sf_mex_convert_to_double  1000a520 f   sfc_mexmsvc80:sfc_mex.obj
 0001:00009560       _sf_mex_import_fi_vs       1000a560 f   sfc_mexmsvc80:sfc_mex.obj
 0001:000096c0       _sf_matrix_matrix_index_ok 1000a6c0 f   sfc_mexmsvc80:sfc_mex.obj
 0001:00009730       _sf_vector_vector_index_ok 1000a730 f   sfc_mexmsvc80:sfc_mex.obj
 0001:00009760       _ssGetCurrentInputPortDimensions_wrapper 1000a760 f   sfc_mexmsvc80:sfc_mex.obj
 0001:00009780       _ssGetCurrentOutputPortDimensions_wrapper 1000a780 f   sfc_mexmsvc80:sfc_mex.obj
 0001:000097a0       _sf_mex_emlrt_context_is_debug_mode 1000a7a0 f   sfc_mexmsvc80:sfc_mex.obj
 0001:000097b0       _sf_mex_emlrt_context_set_debug_mode 1000a7b0 f   sfc_mexmsvc80:sfc_mex.obj
 0001:000097c0       _sf_mex_emlrtNameCapturePostProcessR2012a 1000a7c0 f   sfc_mexmsvc80:sfc_mex.obj
 0001:00009820       _sf_clear_error_manager_info 1000a820 f   sfc_mexmsvc80:sfc_mex.obj
 0001:00009870       _sf_mex_stop_simulation_abruptly_wo_error 1000a870 f   sfc_mexmsvc80:sfc_mex.obj
 0001:000098a0       _sf_mex_error_message      1000a8a0 f   sfc_mexmsvc80:sfc_mex.obj
 0001:000098f0       _sf_react_to_error_in_matlab_call 1000a8f0 f   sfc_mexmsvc80:sfc_mex.obj
 0001:00009910       _sf_mex_addfield           1000a910 f   sfc_mexmsvc80:sfc_mex.obj
 0001:00009990       _sf_mex_getfield           1000a990 f   sfc_mexmsvc80:sfc_mex.obj
 0001:00009c10       _sf_mex_check_class        1000ac10 f   sfc_mexmsvc80:sfc_mex.obj
 0001:00009c90       _sf_mex_is_real            1000ac90 f   sfc_mexmsvc80:sfc_mex.obj
 0001:00009ea0       _sf_mex_decode_encoded_mx_struct_array 1000aea0 f   sfc_mexmsvc80:sfc_mex.obj
 0001:0000a040       _sf_mex_lw_bounds_check    1000b040 f   sfc_mexmsvc80:sfc_mex.obj
 0001:0000a070       _sf_mex_lw_size_eq_check_1d 1000b070 f   sfc_mexmsvc80:sfc_mex.obj
 0001:0000a090       _sf_mex_lw_size_eq_check_nd 1000b090 f   sfc_mexmsvc80:sfc_mex.obj
 0001:0000a170       _sf_mex_lw_dim_size_eq_check 1000b170 f   sfc_mexmsvc80:sfc_mex.obj
 0001:0000a1a0       _sf_mex_lw_dim_size_geq_check 1000b1a0 f   sfc_mexmsvc80:sfc_mex.obj
 0001:0000a1d0       _sf_mex_lw_sub_assign_size_check_nd 1000b1d0 f   sfc_mexmsvc80:sfc_mex.obj
 0001:0000a300       _sf_mex_lw_runtime_error_msgid 1000b300 f   sfc_mexmsvc80:sfc_mex.obj
 0001:0000a3b0       _sf_mex_lw_matrix_matrix_index_check 1000b3b0 f   sfc_mexmsvc80:sfc_mex.obj
 0001:0000a3e0       _sf_mex_lw_vector_vector_index_check 1000b3e0 f   sfc_mexmsvc80:sfc_mex.obj
 0001:0000a420       _sf_mex_lw_for_loop_vector_check 1000b420 f   sfc_mexmsvc80:sfc_mex.obj
 0001:0000a480       _sf_mex_lw_non_negative_check 1000b480 f   sfc_mexmsvc80:sfc_mex.obj
 0001:0000a4b0       _sf_mex_overflow_error     1000b4b0 f   sfc_mexmsvc80:sfc_mex.obj
 0001:0000a4c0       _sf_mex_dividebyzero_error 1000b4c0 f   sfc_mexmsvc80:sfc_mex.obj
 0001:0000a4d0       _sf_mex_unsafe_enum_error  1000b4d0 f   sfc_mexmsvc80:sfc_mex.obj
 0001:0000a4e0       _sf_emlrtErrHandler        1000b4e0 f   sfc_mexmsvc80:sfc_mex.obj
 0001:0000a5a0       _sf_mex_size_one_check     1000b5a0 f   sfc_mexmsvc80:sfc_mex.obj
 0001:0000a5c0       _sf_mex_printf             1000b5c0 f   sfc_mexmsvc80:sfc_mex.obj
 0001:0000a6a0       _sf_mex_check_size         1000b6a0 f   sfc_mexmsvc80:sfc_mex.obj
 0001:0000a920       _sf_mex_check_struct       1000b920 f   sfc_mexmsvc80:sfc_mex.obj
 0001:0000ab70       _sf_mex_check_struct_vs    1000bb70 f   sfc_mexmsvc80:sfc_mex.obj
 0001:0000abb0       _sf_mex_check_fi           1000bbb0 f   sfc_mexmsvc80:sfc_mex.obj
 0001:0000ac80       _sf_mex_check_fi_vs        1000bc80 f   sfc_mexmsvc80:sfc_mex.obj
 0001:0000acd0       _sf_echo_expression        1000bcd0 f   sfc_mexmsvc80:sfc_mex.obj
 0001:0000ad20       _sf_assertion_failed       1000bd20 f   sfc_mexmsvc80:sfc_mex.obj
 0001:0000afb0       _sf_mex_evalin             1000bfb0 f   sfc_mexmsvc80:sfc_mex.obj
 0001:0000b210       _sf_mex_export             1000c210 f   sfc_mexmsvc80:sfc_mex.obj
 0001:0000b2c0       _sf_mex_get_ml_var_no_error 1000c2c0 f   sfc_mexmsvc80:sfc_mex.obj
 0001:0000b420       _sf_mex_get_ml_var         1000c420 f   sfc_mexmsvc80:sfc_mex.obj
 0001:0000b8f0       _ml_set_element_value_in_array 1000c8f0 f   sfc_mexmsvc80:sfc_mex.obj
 0001:0000ca20       _sf_mex_call_impl          1000da20 f   sfc_mexmsvc80:sfc_mex.obj
 0001:0000cdb0       _sf_mex_call_debug         1000ddb0 f   sfc_mexmsvc80:sfc_mex.obj
 0001:0000cdd0       _sf_mex_call               1000ddd0 f   sfc_mexmsvc80:sfc_mex.obj
 0001:0000d4e0       _sf_mex_createstruct       1000e4e0 f   sfc_mexmsvc80:sfc_mex.obj
 0001:0000d580       _sf_mex_createstructarray  1000e580 f   sfc_mexmsvc80:sfc_mex.obj
 0001:0000d5e0       _sf_mex_get_mx_datatype_from_sf_datatype 1000e5e0 f   sfc_mexmsvc80:sfc_mex.obj
 0001:0000d860       _sf_mex_ml_var_sub         1000e860 f   sfc_mexmsvc80:sfc_mex.obj
 0001:0000d9d0       _sf_mex_ml_var_subsasgn    1000e9d0 f   sfc_mexmsvc80:sfc_mex.obj
 0001:0000dce0       _sf_mex_sub                1000ece0 f   sfc_mexmsvc80:sfc_mex.obj
 0001:0000de80       _sf_mex_subsasgn           1000ee80 f   sfc_mexmsvc80:sfc_mex.obj
 0001:0000e260       _sf_mex_create             1000f260 f   sfc_mexmsvc80:sfc_mex.obj
 0001:0000eb50       _sf_mex_import_named       1000fb50 f   sfc_mexmsvc80:sfc_mex.obj
 0001:0000eba0       _sf_mex_import             1000fba0 f   sfc_mexmsvc80:sfc_mex.obj
 0001:0000ebe0       _sf_mex_import_vs          1000fbe0 f   sfc_mexmsvc80:sfc_mex.obj
 0001:0000ec70       _sf_mex_lower_fixpt_mx_array 1000fc70 f   sfc_mexmsvc80:sfc_mex.obj
 0001:0000ee30       _sf_send_message_wrapper   1000fe30 f   sfc_mexmsvc80:sfc_sf.obj
 0001:0000ee60       _sf_receive_message_wrapper 1000fe60 f   sfc_mexmsvc80:sfc_sf.obj
 0001:0000eea0       _sf_check_out_message_wrapper 1000fea0 f   sfc_mexmsvc80:sfc_sf.obj
 0001:0000eee0       _sf_check_in_message_wrapper 1000fee0 f   sfc_mexmsvc80:sfc_sf.obj
 0001:0000ef20       _sf_no_message_wrapper     1000ff20 f   sfc_mexmsvc80:sfc_sf.obj
 0001:0000f190       _sim_mode_is_rtw_gen       10010190 f   sfc_mexmsvc80:sfc_sf.obj
 0001:0000f1d0       _sim_mode_is_external      100101d0 f   sfc_mexmsvc80:sfc_sf.obj
 0001:0000f1f0       _sim_mode_is_modelref_sim  100101f0 f   sfc_mexmsvc80:sfc_sf.obj
 0001:0000f220       _mdlInitializeSizes        10010220 f   sfc_mexmsvc80:sfc_sf.obj
 0001:0000f240       _mdlInitializeSampleTimes  10010240 f   sfc_mexmsvc80:sfc_sf.obj
 0001:0000f280       _mdlZeroCrossings          10010280 f   sfc_mexmsvc80:sfc_sf.obj
 0001:0000f330       _mdlDerivatives            10010330 f   sfc_mexmsvc80:sfc_sf.obj
 0001:0000f3d0       _mdl_initialize_conditions_processing 100103d0 f   sfc_mexmsvc80:sfc_sf.obj
 0001:0000f400       _mdlInitializeConditions   10010400 f   sfc_mexmsvc80:sfc_sf.obj
 0001:0000f4a0       _mdlGetSimState            100104a0 f   sfc_mexmsvc80:sfc_sf.obj
 0001:0000f4c0       _mdlSetSimState            100104c0 f   sfc_mexmsvc80:sfc_sf.obj
 0001:0000f4e0       _mdl_ext_mode_exec_processing 100104e0 f   sfc_mexmsvc80:sfc_sf.obj
 0001:0000f500       _mdlExtModeExec            10010500 f   sfc_mexmsvc80:sfc_sf.obj
 0001:0000f690       _mdlTerminate              10010690 f   sfc_mexmsvc80:sfc_sf.obj
 0001:0000f6f0       _mdlRTW                    100106f0 f   sfc_mexmsvc80:sfc_sf.obj
 0001:0000f720       _mdlSetWorkWidths          10010720 f   sfc_mexmsvc80:sfc_sf.obj
 0001:0000f740       _mdlProcessParameters      10010740 f   sfc_mexmsvc80:sfc_sf.obj
 0001:0000f760       _mdl_start_processing      10010760 f   sfc_mexmsvc80:sfc_sf.obj
 0001:0000f7b0       _mdlStart                  100107b0 f   sfc_mexmsvc80:sfc_sf.obj
 0001:0000f860       _mdlEnable                 10010860 f   sfc_mexmsvc80:sfc_sf.obj
 0001:0000f910       _mdlDisable                10010910 f   sfc_mexmsvc80:sfc_sf.obj
 0001:0000f9a0       _sf_get_chart_instance_ptr 100109a0 f   sfc_mexmsvc80:sfc_sf.obj
 0001:0000f9c0       _sf_load_rtw_optimization_info 100109c0 f   sfc_mexmsvc80:sfc_sf.obj
 0001:0000fa60       _sf_rtw_info_uint_prop     10010a60 f   sfc_mexmsvc80:sfc_sf.obj
 0001:0000fb80       _sf_is_chart_inlinable     10010b80 f   sfc_mexmsvc80:sfc_sf.obj
 0001:0000fbb0       _sf_mark_output_events_with_multiple_callers 10010bb0 f   sfc_mexmsvc80:sfc_sf.obj
 0001:0000fd10       _sf_mark_chart_reusable_outputs 10010d10 f   sfc_mexmsvc80:sfc_sf.obj
 0001:0000fe70       _sf_mark_chart_expressionable_inputs 10010e70 f   sfc_mexmsvc80:sfc_sf.obj
 0001:0000ffd0       _sf_get_subchart_simstruct 10010fd0 f   sfc_mexmsvc80:sfc_sf.obj
 0001:00010010       _sf_get_fixpt_data_type_id 10011010 f   sfc_mexmsvc80:sfc_sf.obj
 0001:00010050       _sf_get_enum_data_type_id  10011050 f   sfc_mexmsvc80:sfc_sf.obj
 0001:00010090       _sf_get_param_data_type_id 10011090 f   sfc_mexmsvc80:sfc_sf.obj
 0001:000100c0       _sf_mex_listen_for_ctrl_c_force 100110c0 f   sfc_mexmsvc80:sfc_sf.obj
 0001:000101c0       _sf_mex_draw_now           100111c0 f   sfc_mexmsvc80:sfc_sf.obj
 0001:00010200       _sf_mex_set_debugger_sim_status_listener_fcn 10011200 f   sfc_mexmsvc80:sfc_sf.obj
 0001:00010210       _sf_mex_listen_for_ctrl_c  10011210 f   sfc_mexmsvc80:sfc_sf.obj
 0001:000102a0       _sf_mex_get_sfun_param     100112a0 f   sfc_mexmsvc80:sfc_sf.obj
 0001:000102f0       _sf_get_runtime_param_data 100112f0 f   sfc_mexmsvc80:sfc_sf.obj
 0001:00010330       _sf_call_output_fcn_call   10011330 f   sfc_mexmsvc80:sfc_sf.obj
 0001:00010450       _sf_call_output_fcn_enable 10011450 f   sfc_mexmsvc80:sfc_sf.obj
 0001:000104d0       _sf_call_output_fcn_disable 100114d0 f   sfc_mexmsvc80:sfc_sf.obj
 0001:00010550       _sf_clear_rtw_identifier   10011550 f   sfc_mexmsvc80:sfc_sf.obj
 0001:00010d80       _sf_set_encoded_dwork_info 10011d80 f   sfc_mexmsvc80:sfc_sf.obj
 0001:00010dc0       _sf_get_dwork_info_from_mat_file 10011dc0 f   sfc_mexmsvc80:sfc_sf.obj
 0001:00010f10       _sf_set_rtw_dwork_info     10011f10 f   sfc_mexmsvc80:sfc_sf.obj
 0001:00011030       _mdlOutputs                10012030 f   sfc_mexmsvc80:sfc_sf.obj
 0001:00011140       _sf_debug_disp             10012140 f   sfc_debugmsvc80:sfcdebug.obj
 0001:00011340       _sf_debug_data_runtime_size_mismatch_error_check 10012340 f   sfc_debugmsvc80:sfcdebug.obj
 0001:00011380       _sf_debug_try_loading_machine 10012380 f   sfc_debugmsvc80:sfcdebug.obj
 0001:00011450       _sf_debug_reset_current_state_configuration 10012450 f   sfc_debugmsvc80:sfcdebug.obj
 0001:00011490       _sf_debug_store_current_state_configuration 10012490 f   sfc_debugmsvc80:sfcdebug.obj
 0001:000114d0       _sf_debug_restore_previous_state_configuration 100124d0 f   sfc_debugmsvc80:sfcdebug.obj
 0001:00011510       _sf_debug_restore_previous_state_configuration2 10012510 f   sfc_debugmsvc80:sfcdebug.obj
 0001:00011550       _sf_debug_get_event_scope  10012550 f   sfc_debugmsvc80:sfcdebug.obj
 0001:00011670       _use_debugger_step_animation 10012670 f   sfc_debugmsvc80:sfcdebug.obj
 0001:00011690       _sf_debug_get_script_id    10012690 f   sfc_debugmsvc80:sfcdebug.obj
 0001:00011720       _sf_debug_set_script_translation 10012720 f   sfc_debugmsvc80:sfcdebug.obj
 0001:00011850       _sf_debug_extract_message_post_receive_info 10012850 f   sfc_debugmsvc80:sfcdebug.obj
 0001:00011910       _sf_debug_get_current_machine_id 10012910 f   sfc_debugmsvc80:sfcdebug.obj
 0001:00011930       _sf_debug_get_current_optional_integer 10012930 f   sfc_debugmsvc80:sfcdebug.obj
 0001:00011940       _sf_debug_get_current_machine_number 10012940 f   sfc_debugmsvc80:sfcdebug.obj
 0001:00011960       _sf_debug_get_current_machine_name 10012960 f   sfc_debugmsvc80:sfcdebug.obj
 0001:00011980       _sf_debug_get_current_chart_id 10012980 f   sfc_debugmsvc80:sfcdebug.obj
 0001:000119b0       _sf_debug_get_current_chart_number 100129b0 f   sfc_debugmsvc80:sfcdebug.obj
 0001:000119c0       _sf_debug_get_current_instance_number 100129c0 f   sfc_debugmsvc80:sfcdebug.obj
 0001:000119d0       _sf_debug_get_current_is_minor_time_step 100129d0 f   sfc_debugmsvc80:sfcdebug.obj
 0001:00011a40       _sf_debug_get_current_object_type 10012a40 f   sfc_debugmsvc80:sfcdebug.obj
 0001:00011a50       _sf_debug_get_current_instance_handle 10012a50 f   sfc_debugmsvc80:sfcdebug.obj
 0001:00011aa0       _sf_debug_get_current_event_type 10012aa0 f   sfc_debugmsvc80:sfcdebug.obj
 0001:00011ab0       _sf_debug_get_current_object_id 10012ab0 f   sfc_debugmsvc80:sfcdebug.obj
 0001:00011ae0       _sf_debug_get_current_active_event_type 10012ae0 f   sfc_debugmsvc80:sfcdebug.obj
 0001:00011af0       _sf_debug_get_current_active_event_id 10012af0 f   sfc_debugmsvc80:sfcdebug.obj
 0001:00011b20       _sf_debug_get_current_tag_type 10012b20 f   sfc_debugmsvc80:sfcdebug.obj
 0001:00011b30       _sf_debug_get_current_simulation_time 10012b30 f   sfc_debugmsvc80:sfcdebug.obj
 0001:00011b40       _sf_debug_get_current_coverage_percentage 10012b40 f   sfc_debugmsvc80:sfcdebug.obj
 0001:00011b50       _sf_debug_current_statement_context 10012b50 f   sfc_debugmsvc80:sfcdebug.obj
 0001:00011bd0       _sf_debug_get_current_statement_info 10012bd0 f   sfc_debugmsvc80:sfcdebug.obj
 0001:00011d10       _sf_debug_terminate_instance 10012d10 f   sfc_debugmsvc80:sfcdebug.obj
 0001:00011fb0       _sf_debug_assertion_failed 10012fb0 f   sfc_debugmsvc80:sfcdebug.obj
 0001:00012230       _sf_debug_set_number_of_data_with_change_event_for_machine 10013230 f   sfc_debugmsvc80:sfcdebug.obj
 0001:00012270       _sf_debug_set_machine_event_thresholds 10013270 f   sfc_debugmsvc80:sfcdebug.obj
 0001:000122a0       _sf_debug_set_machine_event_scope 100132a0 f   sfc_debugmsvc80:sfcdebug.obj
 0001:000122e0       _sf_debug_set_machine_data_thresholds 100132e0 f   sfc_debugmsvc80:sfcdebug.obj
 0001:00012320       _sf_debug_set_machine_data_scope 10013320 f   sfc_debugmsvc80:sfcdebug.obj
 0001:000123a0       _sf_debug_set_machine_data_name 100133a0 f   sfc_debugmsvc80:sfcdebug.obj
 0001:000123f0       _sf_debug_set_machine_data_size 100133f0 f   sfc_debugmsvc80:sfcdebug.obj
 0001:000124e0       _sf_debug_set_machine_data_type 100134e0 f   sfc_debugmsvc80:sfcdebug.obj
 0001:00012600       _sf_debug_get_chart_data_number 10013600 f   sfc_debugmsvc80:sfcdebug.obj
 0001:00012630       _sf_debug_get_chart_event_number 10013630 f   sfc_debugmsvc80:sfcdebug.obj
 0001:00012660       _sf_debug_set_chart_state_info 10013660 f   sfc_debugmsvc80:sfcdebug.obj
 0001:000126e0       _sf_debug_set_chart_decomposition 100136e0 f   sfc_debugmsvc80:sfcdebug.obj
 0001:00012750       _sf_debug_set_chart_substate_count 10013750 f   sfc_debugmsvc80:sfcdebug.obj
 0001:00012810       _sf_debug_set_chart_substate_index 10013810 f   sfc_debugmsvc80:sfcdebug.obj
 0001:00012880       _sf_debug_set_chart_state_substate_count 10013880 f   sfc_debugmsvc80:sfcdebug.obj
 0001:00012960       _sf_debug_set_chart_state_substate_index 10013960 f   sfc_debugmsvc80:sfcdebug.obj
 0001:000129e0       _sf_debug_set_number_of_data_with_change_event_for_chart 100139e0 f   sfc_debugmsvc80:sfcdebug.obj
 0001:00012a60       _sf_debug_set_number_of_states_with_entry_event_for_chart 10013a60 f   sfc_debugmsvc80:sfcdebug.obj
 0001:00012ad0       _sf_debug_set_number_of_states_with_exit_event_for_chart 10013ad0 f   sfc_debugmsvc80:sfcdebug.obj
 0001:00012b40       _sf_debug_set_chart_disable_implicit_casting 10013b40 f   sfc_debugmsvc80:sfcdebug.obj
 0001:00012bb0       _sf_debug_set_chart_event_thresholds 10013bb0 f   sfc_debugmsvc80:sfcdebug.obj
 0001:00012c20       _sf_debug_set_chart_data_compiled_props 10013c20 f   sfc_debugmsvc80:sfcdebug.obj
 0001:00012e90       _sf_debug_set_chart_data_props 10013e90 f   sfc_debugmsvc80:sfcdebug.obj
 0001:00013100       _sf_debug_check_fi_license 10014100 f   sfc_debugmsvc80:sfcdebug.obj
 0001:00013290       _sf_debug_symbol_scope_push 10014290 f   sfc_debugmsvc80:sfcdebug.obj
 0001:000132d0       _sf_debug_symbol_scope_push_eml 100142d0 f   sfc_debugmsvc80:sfcdebug.obj
 0001:00013310       _sf_debug_symbol_scope_pop 10014310 f   sfc_debugmsvc80:sfcdebug.obj
 0001:00013340       _sf_debug_symbol_scope_add_importable 10014340 f   sfc_debugmsvc80:sfcdebug.obj
 0001:000133a0       _sf_debug_symbol_scope_add 100143a0 f   sfc_debugmsvc80:sfcdebug.obj
 0001:00013400       _sf_debug_symbol_scope_add_dyn_importable 10014400 f   sfc_debugmsvc80:sfcdebug.obj
 0001:00013470       _sf_debug_symbol_scope_add_dyn 10014470 f   sfc_debugmsvc80:sfcdebug.obj
 0001:000134a0       _sf_debug_symbol_scope_add_eml_importable 100144a0 f   sfc_debugmsvc80:sfcdebug.obj
 0001:000134d0       _sf_debug_symbol_scope_add_eml 100144d0 f   sfc_debugmsvc80:sfcdebug.obj
 0001:00013500       _sf_debug_symbol_scope_add_eml_dyn_importable 10014500 f   sfc_debugmsvc80:sfcdebug.obj
 0001:00013550       _sf_debug_symbol_scope_add_eml_dyn 10014550 f   sfc_debugmsvc80:sfcdebug.obj
 0001:000135a0       _sf_debug_symbol_switch    100145a0 f   sfc_debugmsvc80:sfcdebug.obj
 0001:000135c0       _sf_debug_symbol_scope_add_verbose 100145c0 f   sfc_debugmsvc80:sfcdebug.obj
 0001:00013630       _sf_debug_set_machine_data_value_ptr 10014630 f   sfc_debugmsvc80:sfcdebug.obj
 0001:00013670       _sf_debug_set_instance_data_value_ptr 10014670 f   sfc_debugmsvc80:sfcdebug.obj
 0001:000136d0       _sf_debug_unset_instance_data_value_ptr 100146d0 f   sfc_debugmsvc80:sfcdebug.obj
 0001:00013720       _sf_debug_set_chart_event_scope 10014720 f   sfc_debugmsvc80:sfcdebug.obj
 0001:000137a0       _sf_debug_set_chart_transition_coverage_maps 100147a0 f   sfc_debugmsvc80:sfcdebug.obj
 0001:00013830       _sf_debug_set_chart_state_coverage_maps 10014830 f   sfc_debugmsvc80:sfcdebug.obj
 0001:000138b0       _sf_debug_set_instance_transition_coverage_weights 100148b0 f   sfc_debugmsvc80:sfcdebug.obj
 0001:00013920       _sf_debug_set_instance_state_coverage_weights 10014920 f   sfc_debugmsvc80:sfcdebug.obj
 0001:00013b20       _sf_debug_unload_machine   10014b20 f   sfc_debugmsvc80:sfcdebug.obj
 0001:00013b70       _sf_debug_load_machine     10014b70 f   sfc_debugmsvc80:sfcdebug.obj
 0001:00013c20       _sf_debug_set_active_instance_in_data_dictionary 10014c20 f   sfc_debugmsvc80:sfcdebug.obj
 0001:00013da0       _sf_debug_set_active_instance 10014da0 f   sfc_debugmsvc80:sfcdebug.obj
 0001:00013e90       _sf_debug_chart_visiblity_change 10014e90 f   sfc_debugmsvc80:sfcdebug.obj
 0001:00013f40       _sf_debug_select_chart     10014f40 f   sfc_debugmsvc80:sfcdebug.obj
 0001:00014020       _sf_debug_set_instance_cv_ids 10015020 f   sfc_debugmsvc80:sfcdebug.obj
 0001:000141e0       _sf_debug_select_charts    100151e0 f   sfc_debugmsvc80:sfcdebug.obj
 0001:00014330       _sf_debug_initialized      10015330 f   sfc_debugmsvc80:sfcdebug.obj
 0001:00014340       _sf_debug_is_uninterruptible 10015340 f   sfc_debugmsvc80:sfcdebug.obj
 0001:00014370       _sf_debug_initialize_debugger_gui 10015370 f   sfc_debugmsvc80:sfcdebug.obj
 0001:000146f0       _sf_debug_resume           100156f0 f   sfc_debugmsvc80:sfcdebug.obj
 0001:00014710       _sf_debug_go               10015710 f   sfc_debugmsvc80:sfcdebug.obj
 0001:00014720       _sf_debug_break            10015720 f   sfc_debugmsvc80:sfcdebug.obj
 0001:00014730       _sf_debug_step_over        10015730 f   sfc_debugmsvc80:sfcdebug.obj
 0001:00014740       _sf_debug_step_out         10015740 f   sfc_debugmsvc80:sfcdebug.obj
 0001:00014750       _sf_debug_set_disable_all_breakpoints 10015750 f   sfc_debugmsvc80:sfcdebug.obj
 0001:00014760       _sf_debug_disable_all_breakpoints_and_go 10015760 f   sfc_debugmsvc80:sfcdebug.obj
 0001:00014770       _sf_debug_break_on_chart_entry 10015770 f   sfc_debugmsvc80:sfcdebug.obj
 0001:00014780       _sf_debug_break_on_event_broadcast 10015780 f   sfc_debugmsvc80:sfcdebug.obj
 0001:00014790       _sf_debug_break_on_state_entry 10015790 f   sfc_debugmsvc80:sfcdebug.obj
 0001:000147a0       _sf_debug_break_between_times 100157a0 f   sfc_debugmsvc80:sfcdebug.obj
 0001:000147d0       _sf_debug_browse_data      100157d0 f   sfc_debugmsvc80:sfcdebug.obj
 0001:000147f0       _sf_debug_watch_data       100157f0 f   sfc_debugmsvc80:sfcdebug.obj
 0001:00014820       _sf_debug_assign_data      10015820 f   sfc_debugmsvc80:sfcdebug.obj
 0001:00014840       _sf_debug_whos             10015840 f   sfc_debugmsvc80:sfcdebug.obj
 0001:00014860       _sf_debug_get_consistency_info 10015860 f   sfc_debugmsvc80:sfcdebug.obj
 0001:00014880       _sf_debug_browse_trace     10015880 f   sfc_debugmsvc80:sfcdebug.obj
 0001:000148a0       _sf_debug_set_breakpoints  100158a0 f   sfc_debugmsvc80:sfcdebug.obj
 0001:00014960       _sf_debug_set_eml_breakpoints 10015960 f   sfc_debugmsvc80:sfcdebug.obj
 0001:00014a70       _sf_debug_set_script_breakpoints 10015a70 f   sfc_debugmsvc80:sfcdebug.obj
 0001:00014af0       _sf_debug_add_script_breakpoints 10015af0 f   sfc_debugmsvc80:sfcdebug.obj
 0001:00014b60       _sf_debug_clear_script_breakpoints 10015b60 f   sfc_debugmsvc80:sfcdebug.obj
 0001:00014bd0       _sf_debug_query_script_breakpoints 10015bd0 f   sfc_debugmsvc80:sfcdebug.obj
 0001:00014c70       _sf_debug_get_eml_script_id 10015c70 f   sfc_debugmsvc80:sfcdebug.obj
 0001:00014cc0       _sf_debug_set_watch        10015cc0 f   sfc_debugmsvc80:sfcdebug.obj
 0001:00014e50       _sf_debug_get_instance_handle 10015e50 f   sfc_debugmsvc80:sfcdebug.obj
 0001:00014ed0       _sf_debug_get_active_states 10015ed0 f   sfc_debugmsvc80:sfcdebug.obj
 0001:00014ef0       _sf_debug_get_animation    10015ef0 f   sfc_debugmsvc80:sfcdebug.obj
 0001:00014f00       _sf_debug_set_animation    10015f00 f   sfc_debugmsvc80:sfcdebug.obj
 0001:00014f10       _sf_debug_animate          10015f10 f   sfc_debugmsvc80:sfcdebug.obj
 0001:00014f40       _sf_debug_cycle_detection_check 10015f40 f   sfc_debugmsvc80:sfcdebug.obj
 0001:00014f50       _sf_debug_data_range_check 10015f50 f   sfc_debugmsvc80:sfcdebug.obj
 0001:00014f60       _sf_debug_transition_conflict_check 10015f60 f   sfc_debugmsvc80:sfcdebug.obj
 0001:00014f70       _sf_debug_state_consistency_check 10015f70 f   sfc_debugmsvc80:sfcdebug.obj
 0001:00014f80       _sf_debug_data_range_check_enabled 10015f80 f   sfc_debugmsvc80:sfcdebug.obj
 0001:00014f90       _sf_debug_transition_conflict_check_enabled 10015f90 f   sfc_debugmsvc80:sfcdebug.obj
 0001:00014fa0       _sf_debug_transition_conflict_check_begin 10015fa0 f   sfc_debugmsvc80:sfcdebug.obj
 0001:00014fc0       _sf_debug_transition_conflict_check_end 10015fc0 f   sfc_debugmsvc80:sfcdebug.obj
 0001:00014fe0       _sf_debug_stop_debugging   10015fe0 f   sfc_debugmsvc80:sfcdebug.obj
 0001:00015010       _sf_debug_is_cycle_detected 10016010 f   sfc_debugmsvc80:sfcdebug.obj
 0001:00015020       _sf_debug_is_array_bounds_detected 10016020 f   sfc_debugmsvc80:sfcdebug.obj
 0001:00015030       _sf_debug_get_state_vectors_data_size 10016030 f   sfc_debugmsvc80:sfcdebug.obj
 0001:00015070       _sf_debug_get_state_vectors_data 10016070 f   sfc_debugmsvc80:sfcdebug.obj
 0001:00015140       _sf_debug_set_state_vectors_data 10016140 f   sfc_debugmsvc80:sfcdebug.obj
 0001:00015370       _sf_debug_get_script_index 10016370 f   sfc_debugmsvc80:sfcdebug.obj
 0001:000154a0       _sf_debug_add_script       100164a0 f   sfc_debugmsvc80:sfcdebug.obj
 0001:000155f0       _cv_eval_point             100165f0 f   sfc_debugmsvc80:sfcdebug.obj
 0001:000156c0       _cv_eval_testobjective     100166c0 f   sfc_debugmsvc80:sfcdebug.obj
 0001:00015770       _sf_debug_cv_init_state    10016770 f   sfc_debugmsvc80:sfcdebug.obj
 0001:00015800       _sf_debug_cv_init_chart    10016800 f   sfc_debugmsvc80:sfcdebug.obj
 0001:00015880       _sf_debug_cv_init_trans    10016880 f   sfc_debugmsvc80:sfcdebug.obj
 0001:00015910       _sf_debug_cv_init_testobjectives 10016910 f   sfc_debugmsvc80:sfcdebug.obj
 0001:00015a50       _cv_eml_init_script        10016a50 f   sfc_debugmsvc80:sfcdebug.obj
 0001:00015ad0       _cv_eml_init_fcn           10016ad0 f   sfc_debugmsvc80:sfcdebug.obj
 0001:00015b30       _cv_eml_init_testobjective 10016b30 f   sfc_debugmsvc80:sfcdebug.obj
 0001:00015ba0       _cv_eml_init_saturation    10016ba0 f   sfc_debugmsvc80:sfcdebug.obj
 0001:00015c10       _cv_eml_init_if            10016c10 f   sfc_debugmsvc80:sfcdebug.obj
 0001:00015c80       _cv_eml_init_for           10016c80 f   sfc_debugmsvc80:sfcdebug.obj
 0001:00015cf0       _cv_eml_init_while         10016cf0 f   sfc_debugmsvc80:sfcdebug.obj
 0001:00015d60       _cv_eml_init_mcdc          10016d60 f   sfc_debugmsvc80:sfcdebug.obj
 0001:00015de0       _cv_eml_init_switch        10016de0 f   sfc_debugmsvc80:sfcdebug.obj
 0001:00015e60       _cv_eml_eval               10016e60 f   sfc_debugmsvc80:sfcdebug.obj
 0001:00015ee0       _sf_debug_bm_is_a_eml_breakpoint 10016ee0 f   sfc_debugmsvc80:sfcdebug.obj
 0001:00016010       _sf_debug_temporal_threshold 10017010 f   sfc_debugmsvc80:sfcdebug.obj
 0001:00016300       _sf_debug_transition_conflict_error 10017300 f   sfc_debugmsvc80:sfcdebug.obj
 0001:000165a0       _sf_debug_state_inconsistency_error 100175a0 f   sfc_debugmsvc80:sfcdebug.obj
 0001:00016690       _sf_debug_check_for_state_inconsistency 10017690 f   sfc_debugmsvc80:sfcdebug.obj
 0001:000166d0       _sf_debug_cycle_detecton_error 100176d0 f   sfc_debugmsvc80:sfcdebug.obj
 0001:00016ce0       _sf_debug_size_eq_check_1d 10017ce0 f   sfc_debugmsvc80:sfcdebug.obj
 0001:00016d00       _sf_debug_size_eq_check_nd 10017d00 f   sfc_debugmsvc80:sfcdebug.obj
 0001:00016de0       _sf_debug_dim_size_eq_check 10017de0 f   sfc_debugmsvc80:sfcdebug.obj
 0001:00016e10       _sf_debug_dim_size_geq_check 10017e10 f   sfc_debugmsvc80:sfcdebug.obj
 0001:00016e40       _sf_debug_sub_assign_size_check_nd 10017e40 f   sfc_debugmsvc80:sfcdebug.obj
 0001:00016f60       _sf_debug_matrix_matrix_index_check 10017f60 f   sfc_debugmsvc80:sfcdebug.obj
 0001:00016fa0       _sf_debug_vector_vector_index_check 10017fa0 f   sfc_debugmsvc80:sfcdebug.obj
 0001:00016fe0       _sf_debug_for_loop_vector_check 10017fe0 f   sfc_debugmsvc80:sfcdebug.obj
 0001:00017040       _sf_debug_runtime_error_msgid 10018040 f   sfc_debugmsvc80:sfcdebug.obj
 0001:000170d0       _sf_debug_data_array_bounds_error_check 100180d0 f   sfc_debugmsvc80:sfcdebug.obj
 0001:00017130       _sf_debug_eml_data_array_bounds_error_check 10018130 f   sfc_debugmsvc80:sfcdebug.obj
 0001:00017420       _sf_debug_integer_check    10018420 f   sfc_debugmsvc80:sfcdebug.obj
 0001:000174a0       _sf_debug_not_nan_check    100184a0 f   sfc_debugmsvc80:sfcdebug.obj
 0001:000174f0       _sf_debug_non_negative_check 100184f0 f   sfc_debugmsvc80:sfcdebug.obj
 0001:00017550       _sf_debug_overflow_detection 10018550 f   sfc_debugmsvc80:sfcdebug.obj
 0001:00017a70       _sf_debug_cast_to_real32_T 10018a70 f   sfc_debugmsvc80:sfcdebug.obj
 0001:00017ad0       _sf_debug_cast_to_int8_T   10018ad0 f   sfc_debugmsvc80:sfcdebug.obj
 0001:00017b50       _sf_debug_cast_to_uint8_T  10018b50 f   sfc_debugmsvc80:sfcdebug.obj
 0001:00017be0       _sf_debug_cast_to_int16_T  10018be0 f   sfc_debugmsvc80:sfcdebug.obj
 0001:00017c60       _sf_debug_cast_to_uint16_T 10018c60 f   sfc_debugmsvc80:sfcdebug.obj
 0001:00017cf0       _sf_debug_cast_to_int32_T  10018cf0 f   sfc_debugmsvc80:sfcdebug.obj
 0001:00017d60       _sf_debug_cast_to_uint32_T 10018d60 f   sfc_debugmsvc80:sfcdebug.obj
 0001:00017df0       _sf_debug_data_range_error 10018df0 f   sfc_debugmsvc80:sfcdebug.obj
 0001:00018070       _sf_debug_read_before_write_check 10019070 f   sfc_debugmsvc80:sfcdebug.obj
 0001:000183d0       _sf_debug_data_range_error_wrapper_min_max 100193d0 f   sfc_debugmsvc80:sfcdebug.obj
 0001:00018440       _sf_debug_data_range_error_wrapper_min 10019440 f   sfc_debugmsvc80:sfcdebug.obj
 0001:000184a0       _sf_debug_data_range_error_wrapper_max 100194a0 f   sfc_debugmsvc80:sfcdebug.obj
 0001:00018500       _sf_debug_data_range_wrapper 10019500 f   sfc_debugmsvc80:sfcdebug.obj
 0001:00018550       _sf_debug_set_current_status_info 10019550 f   sfc_debugmsvc80:sfcdebug.obj
 0001:000188b0       _sf_debug_register_message_post_receive_info 100198b0 f   sfc_debugmsvc80:sfcdebug.obj
 0001:00018a50       _sf_debug_call             10019a50 f   sfc_debugmsvc80:sfcdebug.obj
 0001:00019240       _sf_debug_initialize_machine 1001a240 f   sfc_debugmsvc80:sfcdebug.obj
 0001:000194f0       _sf_debug_initialize_chart 1001a4f0 f   sfc_debugmsvc80:sfcdebug.obj
 0001:000197e0       _sf_debug_ensure_script    1001a7e0 f   sfc_debugmsvc80:sfcdebug.obj
 0001:00019890       _cv_script_init_script     1001a890 f   sfc_debugmsvc80:sfcdebug.obj
 0001:000198f0       _cv_script_init_fcn        1001a8f0 f   sfc_debugmsvc80:sfcdebug.obj
 0001:00019940       _cv_script_init_testobjective 1001a940 f   sfc_debugmsvc80:sfcdebug.obj
 0001:00019990       _cv_script_init_if         1001a990 f   sfc_debugmsvc80:sfcdebug.obj
 0001:000199e0       _cv_script_init_for        1001a9e0 f   sfc_debugmsvc80:sfcdebug.obj
 0001:00019a30       _cv_script_init_while      1001aa30 f   sfc_debugmsvc80:sfcdebug.obj
 0001:00019a80       _cv_script_init_mcdc       1001aa80 f   sfc_debugmsvc80:sfcdebug.obj
 0001:00019ae0       _cv_script_init_switch     1001aae0 f   sfc_debugmsvc80:sfcdebug.obj
 0001:00019b40       _cv_script_eval            1001ab40 f   sfc_debugmsvc80:sfcdebug.obj
 0001:00019ba0       _eml_debug_line_call       1001aba0 f   sfc_debugmsvc80:sfcdebug.obj
 0001:00019ca0       _sf_debug_terminate        1001aca0 f   sfc_debugmsvc80:sfcdebug.obj
 0001:00019dd0       _sf_debug_set_script_cv_ids 1001add0 f   sfc_debugmsvc80:sfcdebug.obj
 0001:00019ed0       _sf_debug_api              1001aed0 f   sfc_debugmsvc80:sfc_api.obj
 0001:0001b780       _sf_debug_sm_terminate     1001c780 f   sfc_debugmsvc80:sfdb_animation.obj
 0001:0001b8f0       _sf_debug_reset_path_objects 1001c8f0 f   sfc_debugmsvc80:sfdb_animation.obj
 0001:0001b960       _sf_debug_sm_reset_object_selection_status 1001c960 f   sfc_debugmsvc80:sfdb_animation.obj
 0001:0001ba00       _sf_debug_sm_reset_state_buffer 1001ca00 f   sfc_debugmsvc80:sfdb_animation.obj
 0001:0001bac0       _sf_debug_sm_store_state_buffer 1001cac0 f   sfc_debugmsvc80:sfdb_animation.obj
 0001:0001bb40       _sf_debug_sm_restore_state_buffer1 1001cb40 f   sfc_debugmsvc80:sfdb_animation.obj
 0001:0001bba0       _sf_debug_sm_restore_state_buffer2 1001cba0 f   sfc_debugmsvc80:sfdb_animation.obj
 0001:0001bc00       _sf_debug_sm_chart_active  1001cc00 f   sfc_debugmsvc80:sfdb_animation.obj
 0001:0001bc50       _sf_debug_sm_select_active_objects 1001cc50 f   sfc_debugmsvc80:sfdb_animation.obj
 0001:0001c010       _sf_debug_sm_is_chart_active 1001d010 f   sfc_debugmsvc80:sfdb_animation.obj
 0001:0001c050       _sf_debug_sm_is_state_active 1001d050 f   sfc_debugmsvc80:sfdb_animation.obj
 0001:0001c200       _sf_debug_sm_get_active_states 1001d200 f   sfc_debugmsvc80:sfdb_animation.obj
 0001:0001c630       _sf_debug_sm_initialize_instance 1001d630 f   sfc_debugmsvc80:sfdb_animation.obj
 0001:0001c840       _sf_debug_sm_change_object_selection_status 1001d840 f   sfc_debugmsvc80:sfdb_animation.obj
 0001:0001ca30       _cv_create_interface       1001da30 f   sfc_debugmsvc80:cv_sfinterface.obj
 0001:0001cd40       _cv_init_trans             1001dd40 f   sfc_debugmsvc80:cv_sfinterface.obj
 0001:0001cd90       _cv_init_testobjective     1001dd90 f   sfc_debugmsvc80:cv_sfinterface.obj
 0001:0001cde0       _cv_init_state             1001dde0 f   sfc_debugmsvc80:cv_sfinterface.obj
 0001:0001ce40       _cv_init_chart             1001de40 f   sfc_debugmsvc80:cv_sfinterface.obj
 0001:0001ce90       _cv_dec_update_call        1001de90 f   sfc_debugmsvc80:cv_sfinterface.obj
 0001:0001ced0       _cv_cond_update_call       1001ded0 f   sfc_debugmsvc80:cv_sfinterface.obj
 0001:0001cf10       _cv_testobjective_update_call 1001df10 f   sfc_debugmsvc80:cv_sfinterface.obj
 0001:0001cf50       _cv_sigrange_update        1001df50 f   sfc_debugmsvc80:cv_sfinterface.obj
 0001:0001cfa0       _cvsf_eml_eval             1001dfa0 f   sfc_debugmsvc80:cv_sfinterface.obj
 0001:0001d090       _cvsf_eml_init_script      1001e090 f   sfc_debugmsvc80:cv_sfinterface.obj
 0001:0001d100       _cvsf_eml_init_fcn         1001e100 f   sfc_debugmsvc80:cv_sfinterface.obj
 0001:0001d160       _cvsf_eml_init_testobjective 1001e160 f   sfc_debugmsvc80:cv_sfinterface.obj
 0001:0001d1c0       _cvsf_eml_init_saturation  1001e1c0 f   sfc_debugmsvc80:cv_sfinterface.obj
 0001:0001d220       _cvsf_eml_init_if          1001e220 f   sfc_debugmsvc80:cv_sfinterface.obj
 0001:0001d280       _cvsf_eml_init_for         1001e280 f   sfc_debugmsvc80:cv_sfinterface.obj
 0001:0001d2e0       _cvsf_eml_init_while       1001e2e0 f   sfc_debugmsvc80:cv_sfinterface.obj
 0001:0001d340       _cvsf_eml_init_mcdc        1001e340 f   sfc_debugmsvc80:cv_sfinterface.obj
 0001:0001d3b0       _cvsf_eml_init_switch      1001e3b0 f   sfc_debugmsvc80:cv_sfinterface.obj
 0001:0001d410       _cvsf_script_eval          1001e410 f   sfc_debugmsvc80:cv_sfinterface.obj
 0001:0001d500       _cvsf_script_init_script   1001e500 f   sfc_debugmsvc80:cv_sfinterface.obj
 0001:0001d570       _cvsf_script_init_fcn      1001e570 f   sfc_debugmsvc80:cv_sfinterface.obj
 0001:0001d5d0       _cvsf_script_init_testobjective 1001e5d0 f   sfc_debugmsvc80:cv_sfinterface.obj
 0001:0001d630       _cvsf_script_init_saturation 1001e630 f   sfc_debugmsvc80:cv_sfinterface.obj
 0001:0001d690       _cvsf_script_init_if       1001e690 f   sfc_debugmsvc80:cv_sfinterface.obj
 0001:0001d6f0       _cvsf_script_init_for      1001e6f0 f   sfc_debugmsvc80:cv_sfinterface.obj
 0001:0001d740       _cvsf_script_init_while    1001e740 f   sfc_debugmsvc80:cv_sfinterface.obj
 0001:0001d790       _cvsf_script_init_mcdc     1001e790 f   sfc_debugmsvc80:cv_sfinterface.obj
 0001:0001d800       _cvsf_script_init_switch   1001e800 f   sfc_debugmsvc80:cv_sfinterface.obj
 0001:0001d860       _cv_destroy_interface      1001e860 f   sfc_debugmsvc80:cv_sfinterface.obj
 0001:0001d880       _cv_create_instance_objects 1001e880 f   sfc_debugmsvc80:cv_sfinterface.obj
 0001:0001dbc0       _cv_is_enabled             1001ebc0 f   sfc_debugmsvc80:cv_sfinterface.obj
 0001:0001dbd0       _sf_debug_cv_initialize_script 1001ebd0 f   sfc_debugmsvc80:cv_sfinterface.obj
 0001:0001dd60       _sf_debug_cv_initialize_instance 1001ed60 f   sfc_debugmsvc80:cv_sfinterface.obj
 0001:0001e060       _sf_debug_cv_terminate_chart 1001f060 f   sfc_debugmsvc80:cv_sfinterface.obj
 0001:0001e150       _cv_call_trans_test        1001f150 f   sfc_debugmsvc80:cv_sfinterface.obj
 0001:0001e160       _cv_call_sub_cond_test     1001f160 f   sfc_debugmsvc80:cv_sfinterface.obj
 0001:0001e1a0       _sf_debug_st_initialize_machine 1001f1a0 f   sfc_debugmsvc80:sfdb_data_browse.obj
 0001:0001e250       _sf_debug_st_initialize_instance 1001f250 f   sfc_debugmsvc80:sfdb_data_browse.obj
 0001:0001e410       _sf_debug_st_terminate     1001f410 f   sfc_debugmsvc80:sfdb_data_browse.obj
 0001:0001e570       _sf_debug_st_set_data_value_ptr_in_machine 1001f570 f   sfc_debugmsvc80:sfdb_data_browse.obj
 0001:0001e5e0       _sf_debug_st_set_data_value_ptr_in_instance 1001f5e0 f   sfc_debugmsvc80:sfdb_data_browse.obj
 0001:0001e690       _sf_debug_st_unset_data_value_ptr_in_machine 1001f690 f   sfc_debugmsvc80:sfdb_data_browse.obj
 0001:0001e6f0       _sf_debug_st_unset_data_value_ptr_in_instance 1001f6f0 f   sfc_debugmsvc80:sfdb_data_browse.obj
 0001:0001ea00       _sf_debug_mx_value         1001fa00 f   sfc_debugmsvc80:sfdb_data_browse.obj
 0001:0001ea50       _sf_debug_mx_packed_vector 1001fa50 f   sfc_debugmsvc80:sfdb_data_browse.obj
 0001:0001eaf0       _sf_debug_mx_uint_vector   1001faf0 f   sfc_debugmsvc80:sfdb_data_browse.obj
 0001:0001eb70       _sf_debug_st_get_double_value_from_void_ptr_vector 1001fb70 f   sfc_debugmsvc80:sfdb_data_browse.obj
 0001:0001f370       _sf_debug_st_browse_data   10020370 f   sfc_debugmsvc80:sfdb_data_browse.obj
 0001:0001fa40       _sf_debug_hm_initialize_instance 10020a40 f   sfc_debugmsvc80:sfdb_handle_management.obj
 0001:0001fef0       _sf_debug_hm_get_object_id 10020ef0 f   sfc_debugmsvc80:sfdb_handle_management.obj
 0001:00020910       _sf_debug_hm_update_chart_visibility 10021910 f   sfc_debugmsvc80:sfdb_handle_management.obj
 0001:000218d0       _sf_debug_object_is_eml_function 100228d0 f   sfc_debugmsvc80:sfdb_handle_management.obj
 0001:00021930       _sf_debug_hm_initialize_ids_in_machine 10022930 f   sfc_debugmsvc80:sfdb_handle_management.obj
 0001:00021a80       _sf_debug_hm_initialize_ids_in_chart 10022a80 f   sfc_debugmsvc80:sfdb_handle_management.obj
 0001:00021b70       _sf_debug_hm_initialize_chart 10022b70 f   sfc_debugmsvc80:sfdb_handle_management.obj
 0001:00022210       _sf_debug_hm_terminate     10023210 f   sfc_debugmsvc80:sfdb_handle_management.obj
 0001:00022270       _sf_debug_hm_initialize_machine 10023270 f   sfc_debugmsvc80:sfdb_handle_management.obj
 0001:00022930       _sf_debug_ss_initialize    10023930 f   sfc_debugmsvc80:sfdb_symbol_scope.obj
 0001:00022950       _sf_debug_ss_terminate     10023950 f   sfc_debugmsvc80:sfdb_symbol_scope.obj
 0001:000229d0       _sf_debug_ss_push_symbol_scope 100239d0 f   sfc_debugmsvc80:sfdb_symbol_scope.obj
 0001:00022a90       _sf_debug_ss_push_symbol_scope_eml 10023a90 f   sfc_debugmsvc80:sfdb_symbol_scope.obj
 0001:00022ae0       _sf_debug_ss_pop_symbol_scope 10023ae0 f   sfc_debugmsvc80:sfdb_symbol_scope.obj
 0001:00022b80       _sf_debug_ss_add_symbol    10023b80 f   sfc_debugmsvc80:sfdb_symbol_scope.obj
 0001:00022c70       _sf_debug_ss_add_symbol_eml 10023c70 f   sfc_debugmsvc80:sfdb_symbol_scope.obj
 0001:00023580       _sf_debug_ss_set_data_value 10024580 f   sfc_debugmsvc80:sfdb_symbol_scope.obj
 0001:000238d0       _getInstanceNumber         100248d0 f   sfc_debugmsvc80:sfdb_symbol_scope.obj
 0001:000239a0       _sf_debug_ss_watch_data    100249a0 f   sfc_debugmsvc80:sfdb_symbol_scope.obj
 0001:00023a90       _sf_debug_ss_assign_data   10024a90 f   sfc_debugmsvc80:sfdb_symbol_scope.obj
 0001:00024330       _get_data_entry_name       10025330 f   sfc_debugmsvc80:sfdb_symbol_scope.obj
 0001:00024380       _sf_debug_ss_whos          10025380 f   sfc_debugmsvc80:sfdb_symbol_scope.obj
 0001:00024830       _sf_debug_cc_initialize_chart 10025830 f   sfc_debugmsvc80:sfdb_coverage.obj
 0001:00025200       _sf_debug_cc_initialize_instance 10026200 f   sfc_debugmsvc80:sfdb_coverage.obj
 0001:00025e60       _sf_debug_cc_terminate     10026e60 f   sfc_debugmsvc80:sfdb_coverage.obj
 0001:00025f30       _sf_debug_cc_set_transition_maps 10026f30 f   sfc_debugmsvc80:sfdb_coverage.obj
 0001:00026030       _sf_debug_cc_set_state_maps 10027030 f   sfc_debugmsvc80:sfdb_coverage.obj
 0001:00026100       _sf_debug_cc_set_transition_weights 10027100 f   sfc_debugmsvc80:sfdb_coverage.obj
 0001:00026340       _sf_debug_cc_set_state_weights 10027340 f   sfc_debugmsvc80:sfdb_coverage.obj
 0001:00026580       _sf_debug_cc_mark_transition_guard 10027580 f   sfc_debugmsvc80:sfdb_coverage.obj
 0001:00026600       _sf_debug_cc_mark_transition_trigger 10027600 f   sfc_debugmsvc80:sfdb_coverage.obj
 0001:00026680       _sf_debug_cc_mark_transition_decision 10027680 f   sfc_debugmsvc80:sfdb_coverage.obj
 0001:000266e0       _sf_debug_cc_mark_transition_condition_action 100276e0 f   sfc_debugmsvc80:sfdb_coverage.obj
 0001:00026730       _sf_debug_cc_mark_transition_transition_action 10027730 f   sfc_debugmsvc80:sfdb_coverage.obj
 0001:00026780       _sf_debug_cc_mark_state_entry 10027780 f   sfc_debugmsvc80:sfdb_coverage.obj
 0001:000267d0       _sf_debug_cc_mark_state_during 100277d0 f   sfc_debugmsvc80:sfdb_coverage.obj
 0001:00026820       _sf_debug_cc_mark_state_exit 10027820 f   sfc_debugmsvc80:sfdb_coverage.obj
 0001:00026870       _sf_debug_bm_clear_script_breakpoints 10027870 f   sfc_debugmsvc80:sfdb_breakpoints.obj
 0001:000268b0       _sf_debug_bm_set_script_breakpoint 100278b0 f   sfc_debugmsvc80:sfdb_breakpoints.obj
 0001:00026920       _sf_debug_bm_clear_single_script_breakpoint 10027920 f   sfc_debugmsvc80:sfdb_breakpoints.obj
 0001:00026990       _sf_debug_bm_query_script_breakpoint 10027990 f   sfc_debugmsvc80:sfdb_breakpoints.obj
 0001:000269e0       _sf_debug_bm_initialize_scripts 100279e0 f   sfc_debugmsvc80:sfdb_breakpoints.obj
 0001:00026f80       _sf_debug_bm_terminate     10027f80 f   sfc_debugmsvc80:sfdb_breakpoints.obj
 0001:00027240       _sf_debug_bm_remove_all_breakpoints_in_machine 10028240 f   sfc_debugmsvc80:sfdb_breakpoints.obj
 0001:00027290       _sf_debug_bm_remove_all_breakpoints_in_chart 10028290 f   sfc_debugmsvc80:sfdb_breakpoints.obj
 0001:000273c0       _sf_debug_bm_initialize_global_breakpoints 100283c0 f   sfc_debugmsvc80:sfdb_breakpoints.obj
 0001:00027570       _sf_debug_bm_set_breakpoint 10028570 f   sfc_debugmsvc80:sfdb_breakpoints.obj
 0001:00027ad0       _sf_debug_bm_set_eml_breakpoint 10028ad0 f   sfc_debugmsvc80:sfdb_breakpoints.obj
 0001:00027b50       _sf_debug_bm_initialize_machine_breakpoint_map 10028b50 f   sfc_debugmsvc80:sfdb_breakpoints.obj
 0001:00027ef0       _sf_debug_bm_is_a_breakpoint 10028ef0 f   sfc_debugmsvc80:sfdb_breakpoints.obj
 0001:000283e0       _sf_debug_bm_get_all_breakpoints_in_machine 100293e0 f   sfc_debugmsvc80:sfdb_breakpoints.obj
 0001:00028680       _sf_debug_bm_get_all_breakpoints_in_chart 10029680 f   sfc_debugmsvc80:sfdb_breakpoints.obj
 0001:000290b0       _sf_debug_bm_initialize_machine 1002a0b0 f   sfc_debugmsvc80:sfdb_breakpoints.obj
 0001:00029150       _sf_debug_bm_initialize_chart 1002a150 f   sfc_debugmsvc80:sfdb_breakpoints.obj
 0001:000294e0       _sf_debug_sc_terminate     1002a4e0 f   sfc_debugmsvc80:sfdb_state_consistency.obj
 0001:00029760       _sf_debug_sc_is_chart_consistent 1002a760 f   sfc_debugmsvc80:sfdb_state_consistency.obj
 0001:00029940       _sf_debug_sc_get_consistency_error_info 1002a940 f   sfc_debugmsvc80:sfdb_state_consistency.obj
 0001:00029ca0       _sf_debug_tm_terminate     1002aca0 f   sfc_debugmsvc80:sfdb_call_stack.obj
 0001:00029d40       _sf_debug_tm_push_chart_instance 1002ad40 f   sfc_debugmsvc80:sfdb_call_stack.obj
 0001:00029e70       _sf_debug_tm_pop_chart_instance 1002ae70 f   sfc_debugmsvc80:sfdb_call_stack.obj
 0001:00029ed0       _sf_debug_tm_push_trace_node 1002aed0 f   sfc_debugmsvc80:sfdb_call_stack.obj
 0001:00029fe0       _sf_debug_tm_pop_trace_node 1002afe0 f   sfc_debugmsvc80:sfdb_call_stack.obj
 0001:0002a060       _sf_debug_tm_get_current_global_trace_index 1002b060 f   sfc_debugmsvc80:sfdb_call_stack.obj
 0001:0002a080       _sf_debug_tm_get_current_local_trace_index 1002b080 f   sfc_debugmsvc80:sfdb_call_stack.obj
 0001:0002a0b0       _sf_debug_tm_set_cycle_detected_flag 1002b0b0 f   sfc_debugmsvc80:sfdb_call_stack.obj
 0001:0002a100       _sf_debug_tm_set_cycle_started_flag 1002b100 f   sfc_debugmsvc80:sfdb_call_stack.obj
 0001:0002a150       _sf_debug_tm_get_chart_number_from_stack 1002b150 f   sfc_debugmsvc80:sfdb_call_stack.obj
 0001:0002a2f0       _sf_debug_tm_browse_trace  1002b2f0 f   sfc_debugmsvc80:sfdb_call_stack.obj
 0001:0002a560       _sf_debug_cd_initialize_instance 1002b560 f   sfc_debugmsvc80:sfdb_cycle_detection.obj
 0001:0002a790       _sf_debug_cd_mark_processed_transition_in_instance 1002b790 f   sfc_debugmsvc80:sfdb_cycle_detection.obj
 0001:0002a810       _sf_debug_cd_checksum_push 1002b810 f   sfc_debugmsvc80:sfdb_cycle_detection.obj
 0001:0002ab10       _sf_debug_cd_checksum_pop  1002bb10 f   sfc_debugmsvc80:sfdb_cycle_detection.obj
 0001:0002ab70       _sf_debug_cd_turn_off_cycle_detection 1002bb70 f   sfc_debugmsvc80:sfdb_cycle_detection.obj
 0001:0002abc0       _sf_debug_cd_terminate     1002bbc0 f   sfc_debugmsvc80:sfdb_cycle_detection.obj
 0001:0002ad90       _md5_initialize_state      1002bd90 f   sfc_debugmsvc80:ckmd5.obj
 0001:0002b620       _md5_update_state          1002c620 f   sfc_debugmsvc80:ckmd5.obj
 0001:0002b640       _md5_get_hash              1002c640 f   sfc_debugmsvc80:ckmd5.obj
 0001:0002b660       _md5_get_hash_for_a_single_string 1002c660 f   sfc_debugmsvc80:ckmd5.obj
 0001:0002b6ca       _mxGetPr                   1002c6ca f   libmx:libmx.dll
 0001:0002b6d0       _mxCreateDoubleScalar      1002c6d0 f   libmx:libmx.dll
 0001:0002b6d6       _mxCreateDoubleMatrix_730  1002c6d6 f   libmx:libmx.dll
 0001:0002b6dc       _mxSetField_730            1002c6dc f   libmx:libmx.dll
 0001:0002b6e2       _mxCreateString            1002c6e2 f   libmx:libmx.dll
 0001:0002b6e8       _mxCreateStructMatrix_730  1002c6e8 f   libmx:libmx.dll
 0001:0002b6ee       _mxDestroyArray            1002c6ee f   libmx:libmx.dll
 0001:0002b6f4       _mxDuplicateArray          1002c6f4 f   libmx:libmx.dll
 0001:0002b6fa       _mxIsEmpty                 1002c6fa f   libmx:libmx.dll
 0001:0002b700       _mxGetString_730           1002c700 f   libmx:libmx.dll
 0001:0002b706       _mxIsChar                  1002c706 f   libmx:libmx.dll
 0001:0002b70c       _mxGetClassID              1002c70c f   libmx:libmx.dll
 0001:0002b712       _mxIsNumeric               1002c712 f   libmx:libmx.dll
 0001:0002b718       _mxIsComplex               1002c718 f   libmx:libmx.dll
 0001:0002b71e       _mxGetN                    1002c71e f   libmx:libmx.dll
 0001:0002b724       _mxGetM                    1002c724 f   libmx:libmx.dll
 0001:0002b72a       _mxCalloc                  1002c72a f   libmx:libmx.dll
 0001:0002b730       _mxGetScalar               1002c730 f   libmx:libmx.dll
 0001:0002b736       _mxIsLogical               1002c736 f   libmx:libmx.dll
 0001:0002b73c       _mxCreateDoubleMatrix_700  1002c73c f   libmx:libmx.dll
 0001:0002b742       _mxFree                    1002c742 f   libmx:libmx.dll
 0001:0002b748       _mxArrayToString           1002c748 f   libmx:libmx.dll
 0001:0002b74e       _mxCreateCellMatrix_700    1002c74e f   libmx:libmx.dll
 0001:0002b754       _mxSetCell_700             1002c754 f   libmx:libmx.dll
 0001:0002b75a       _mxGetCell_700             1002c75a f   libmx:libmx.dll
 0001:0002b760       _mxGetClassName            1002c760 f   libmx:libmx.dll
 0001:0002b766       _mxSetField_700            1002c766 f   libmx:libmx.dll
 0001:0002b76c       _mxAddField                1002c76c f   libmx:libmx.dll
 0001:0002b772       _mxGetField_700            1002c772 f   libmx:libmx.dll
 0001:0002b778       _mxGetNumberOfElements     1002c778 f   libmx:libmx.dll
 0001:0002b77e       _mxIsStruct                1002c77e f   libmx:libmx.dll
 0001:0002b784       _mxIsA                     1002c784 f   libmx:libmx.dll
 0001:0002b78a       _mxIsClass                 1002c78a f   libmx:libmx.dll
 0001:0002b790       _mxGetLogicals             1002c790 f   libmx:libmx.dll
 0001:0002b796       _mxIsSparse                1002c796 f   libmx:libmx.dll
 0001:0002b79c       _mxSetFieldByNumber_700    1002c79c f   libmx:libmx.dll
 0001:0002b7a2       _mxGetFieldByNumber_700    1002c7a2 f   libmx:libmx.dll
 0001:0002b7a8       _mxGetFieldNameByNumber    1002c7a8 f   libmx:libmx.dll
 0001:0002b7ae       _mxGetNumberOfFields       1002c7ae f   libmx:libmx.dll
 0001:0002b7b4       _mxCreateStructMatrix_700  1002c7b4 f   libmx:libmx.dll
 0001:0002b7ba       _mxGetFieldNumber          1002c7ba f   libmx:libmx.dll
 0001:0002b7c0       _mxIsNaN                   1002c7c0 f   libmx:libmx.dll
 0001:0002b7c6       _mxGetData                 1002c7c6 f   libmx:libmx.dll
 0001:0002b7cc       _mxGetImagData             1002c7cc f   libmx:libmx.dll
 0001:0002b7d2       _mxArrayClassIDName        1002c7d2 f   libmx:libmx.dll
 0001:0002b7d8       _mxCreateNumericMatrix_700 1002c7d8 f   libmx:libmx.dll
 0001:0002b7de       _mxCreateStructArray_700   1002c7de f   libmx:libmx.dll
 0001:0002b7e4       _mxCalcSingleSubscript_700 1002c7e4 f   libmx:libmx.dll
 0001:0002b7ea       _mxGetDimensions_700       1002c7ea f   libmx:libmx.dll
 0001:0002b7f0       _mxGetNumberOfDimensions_700 1002c7f0 f   libmx:libmx.dll
 0001:0002b7f6       _mxCreateNumericArray_700  1002c7f6 f   libmx:libmx.dll
 0001:0002b7fc       _mxGetElementSize          1002c7fc f   libmx:libmx.dll
 0001:0002b802       _mxCreateStringFromNChars_700 1002c802 f   libmx:libmx.dll
 0001:0002b808       _mxGetString_700           1002c808 f   libmx:libmx.dll
 0001:0002b80e       _mxIsLogicalScalarTrue     1002c80e f   libmx:libmx.dll
 0001:0002b814       _mxCreateLogicalScalar     1002c814 f   libmx:libmx.dll
 0001:0002b81a       _mexUnlock                 1002c81a f   libmex:libmex.dll
 0001:0002b820       _mexIsLocked               1002c820 f   libmex:libmex.dll
 0001:0002b826       _mexWarnMsgTxt             1002c826 f   libmex:libmex.dll
 0001:0002b82c       _mexCallMATLAB             1002c82c f   libmex:libmex.dll
 0001:0002b832       _mexErrMsgTxt              1002c832 f   libmex:libmex.dll
 0001:0002b838       _mexMakeArrayPersistent    1002c838 f   libmex:libmex.dll
 0001:0002b83e       _mexSetTrapFlag            1002c83e f   libmex:libmex.dll
 0001:0002b844       _mexPutVariable            1002c844 f   libmex:libmex.dll
 0001:0002b84a       _mexGetVariable            1002c84a f   libmex:libmex.dll
 0001:0002b850       _mexLock                   1002c850 f   libmex:libmex.dll
 0001:0002b856       _mexMakeMemoryPersistent   1002c856 f   libmex:libmex.dll
 0001:0002b85c       _mexFunctionName           1002c85c f   libmex:libmex.dll
 0001:0002b862       _ssRegisterDataTypeFxpFSlopeFixExpBias 1002c862 f   libfixedpoint:libfixedpoint.dll
 0001:0002b868       _utVSNprintf               1002c868 f   libut:libut.dll
 0001:0002b86e       _utCPUtime                 1002c86e f   libut:libut.dll
 0001:0002b874       _utFree                    1002c874 f   libut:libut.dll
 0001:0002b87a       _utMalloc                  1002c87a f   libut:libut.dll
 0001:0002b880       _emlrtCreateRootTLS        1002c880 f   libemlrt:libemlrt.dll
 0001:0002b886       _emlrtDestroyRootTLS       1002c886 f   libemlrt:libemlrt.dll
 0001:0002b88c       _emlrtCheckBuiltInR2012b   1002c88c f   libemlrt:libemlrt.dll
 0001:0002b892       _emlrtCheckVsBuiltInR2012b 1002c892 f   libemlrt:libemlrt.dll
 0001:0002b898       _emlrtCheckEnumR2012b      1002c898 f   libemlrt:libemlrt.dll
 0001:0002b89e       _emlrtCreateEnumR2012b     1002c89e f   libemlrt:libemlrt.dll
 0001:0002b8a4       _emlrtGetEnumElementR2009a 1002c8a4 f   libemlrt:libemlrt.dll
 0001:0002b8aa       _emlrtCreateReference      1002c8aa f   libemlrt:libemlrt.dll
 0001:0002b8b0       _emlrtImportVsFiArrayR2009b 1002c8b0 f   libemlrt:libemlrt.dll
 0001:0002b8b6       _emlrtNameCapturePostProcessR2012a 1002c8b6 f   libemlrt:libemlrt.dll
 0001:0002b8bc       _emlrtExtractMessageId     1002c8bc f   libemlrt:libemlrt.dll
 0001:0002b8c2       _emlrtTranslateMessageIDtoLCPstring 1002c8c2 f   libemlrt:libemlrt.dll
 0001:0002b8c8       _emlrtForLoopVectorIsValidR2011b 1002c8c8 f   libemlrt:libemlrt.dll
 0001:0002b8ce       _emlrtTranslateUTF16MessagetoLCPstring 1002c8ce f   libemlrt:libemlrt.dll
 0001:0002b8d4       _emlrtGetEnumUnderlyingArrayR2009a 1002c8d4 f   libemlrt:libemlrt.dll
 0001:0002b8da       _emlrtIsEnumR2009a         1002c8da f   libemlrt:libemlrt.dll
 0001:0002b8e0       _Control_System_Library_initializer 1002c8e0 f   Control_System_Library_sfun:Control_System_Library_sfun.obj
 0001:0002b8f0       _Control_System_Library_terminator 1002c8f0 f   Control_System_Library_sfun:Control_System_Library_sfun.obj
 0001:0002b900       _sf_Control_System_Library_method_dispatcher 1002c900 f   Control_System_Library_sfun:Control_System_Library_sfun.obj
 0001:0002b990       _sf_Control_System_Library_process_check_sum_call 1002c990 f   Control_System_Library_sfun:Control_System_Library_sfun.obj
 0001:0002bc40       _sf_Control_System_Library_autoinheritance_info 1002cc40 f   Control_System_Library_sfun:Control_System_Library_sfun.obj
 0001:0002be30       _sf_Control_System_Library_get_eml_resolved_functions_info 1002ce30 f   Control_System_Library_sfun:Control_System_Library_sfun.obj
 0001:0002bfc0       _Control_System_Library_debug_initialize 1002cfc0 f   Control_System_Library_sfun:Control_System_Library_sfun.obj
 0001:0002c010       _Control_System_Library_register_exported_symbols 1002d010 f   Control_System_Library_sfun:Control_System_Library_sfun.obj
 0001:0002c020       _load_Control_System_Library_optimization_info 1002d020 f   Control_System_Library_sfun:Control_System_Library_sfun.obj
 0001:0002c060       _unload_Control_System_Library_optimization_info 1002d060 f   Control_System_Library_sfun:Control_System_Library_sfun.obj
 0001:0002f5d3       _sf_c7_Control_System_Library_get_eml_resolved_functions_info 100305d3 f   Control_System_Library_sfun:c7_Control_System_Library.obj
 0001:00034898       _sf_c7_Control_System_Library_get_check_sum 10035898 f   Control_System_Library_sfun:c7_Control_System_Library.obj
 0001:0003490f       _sf_c7_Control_System_Library_get_autoinheritance_info 1003590f f   Control_System_Library_sfun:c7_Control_System_Library.obj
 0001:00035c13       _sf_internal_get_sim_state_c7_Control_System_Library 10036c13 f   Control_System_Library_sfun:c7_Control_System_Library.obj
 0001:00035cf1       _sf_internal_set_sim_state_c7_Control_System_Library 10036cf1 f   Control_System_Library_sfun:c7_Control_System_Library.obj
 0001:0003643a       _c7_Control_System_Library_method_dispatcher 1003743a f   Control_System_Library_sfun:c7_Control_System_Library.obj
 0001:00037377       _sf_c5_Control_System_Library_get_eml_resolved_functions_info 10038377 f   Control_System_Library_sfun:c5_Control_System_Library.obj
 0001:00038003       _sf_c5_Control_System_Library_get_check_sum 10039003 f   Control_System_Library_sfun:c5_Control_System_Library.obj
 0001:0003807a       _sf_c5_Control_System_Library_get_autoinheritance_info 1003907a f   Control_System_Library_sfun:c5_Control_System_Library.obj
 0001:0003886a       _sf_internal_get_sim_state_c5_Control_System_Library 1003986a f   Control_System_Library_sfun:c5_Control_System_Library.obj
 0001:00038948       _sf_internal_set_sim_state_c5_Control_System_Library 10039948 f   Control_System_Library_sfun:c5_Control_System_Library.obj
 0001:00038fe1       _c5_Control_System_Library_method_dispatcher 10039fe1 f   Control_System_Library_sfun:c5_Control_System_Library.obj
 0001:00039040       _sf_c4_Control_System_Library_get_eml_resolved_functions_info 1003a040 f   Control_System_Library_sfun:c4_Control_System_Library.obj
 0001:00039440       _sf_c4_Control_System_Library_get_check_sum 1003a440 f   Control_System_Library_sfun:c4_Control_System_Library.obj
 0001:000394a0       _sf_c4_Control_System_Library_get_autoinheritance_info 1003a4a0 f   Control_System_Library_sfun:c4_Control_System_Library.obj
 0001:000396b0       _sf_internal_get_sim_state_c4_Control_System_Library 1003a6b0 f   Control_System_Library_sfun:c4_Control_System_Library.obj
 0001:00039970       _sf_internal_set_sim_state_c4_Control_System_Library 1003a970 f   Control_System_Library_sfun:c4_Control_System_Library.obj
 0001:00039cf0       _c4_Control_System_Library_method_dispatcher 1003acf0 f   Control_System_Library_sfun:c4_Control_System_Library.obj
 0001:0003b190       _sf_c3_Control_System_Library_get_eml_resolved_functions_info 1003c190 f   Control_System_Library_sfun:c3_Control_System_Library.obj
 0001:0003bd70       _sf_c3_Control_System_Library_get_check_sum 1003cd70 f   Control_System_Library_sfun:c3_Control_System_Library.obj
 0001:0003bdd0       _sf_c3_Control_System_Library_get_autoinheritance_info 1003cdd0 f   Control_System_Library_sfun:c3_Control_System_Library.obj
 0001:0003c0f0       _sf_internal_get_sim_state_c3_Control_System_Library 1003d0f0 f   Control_System_Library_sfun:c3_Control_System_Library.obj
 0001:0003c3b0       _sf_internal_set_sim_state_c3_Control_System_Library 1003d3b0 f   Control_System_Library_sfun:c3_Control_System_Library.obj
 0001:0003c730       _c3_Control_System_Library_method_dispatcher 1003d730 f   Control_System_Library_sfun:c3_Control_System_Library.obj
 0001:0003e28e       _strlen                    1003f28e f   MSVCRT:MSVCR100.dll
 0001:0003e294       @__security_check_cookie@4 1003f294 f   MSVCRT:secchk.obj
 0001:0003e2b0       _memset                    1003f2b0 f   MSVCRT:MSVCR100.dll
 0001:0003e2b6       _malloc                    1003f2b6 f   MSVCRT:MSVCR100.dll
 0001:0003e2bc       _free                      1003f2bc f   MSVCRT:MSVCR100.dll
 0001:0003e2c2       _strcmp                    1003f2c2 f   MSVCRT:MSVCR100.dll
 0001:0003e2c8       _sprintf                   1003f2c8 f   MSVCRT:MSVCR100.dll
 0001:0003e2ce       _strcat                    1003f2ce f   MSVCRT:MSVCR100.dll
 0001:0003e2e0       __ftol2_sse                1003f2e0 f   MSVCRT:ftol2.obj
 0001:0003e2e9       __ftol2_pentium4           1003f2e9 f   MSVCRT:ftol2.obj
 0001:0003e2fc       __ftol2_sse_excpt          1003f2fc f   MSVCRT:ftol2.obj
 0001:0003e316       __ftol2                    1003f316 f   MSVCRT:ftol2.obj
 0001:0003e38c       _memcpy                    1003f38c f   MSVCRT:MSVCR100.dll
 0001:0003e392       _NtCurrentTeb              1003f392 f i MSVCRT:crtdll.obj
 0001:0003e3e7       __CRT_INIT@12              1003f3e7 f   MSVCRT:crtdll.obj
 0001:0003e707       __DllMainCRTStartup@12     1003f707 f   MSVCRT:crtdll.obj
 0001:0003e72a       _strncpy                   1003f72a f   MSVCRT:MSVCR100.dll
 0001:0003e730       __alloca_probe             1003f730     MSVCRT:chkstk.obj
 0001:0003e730       __chkstk                   1003f730 f   MSVCRT:chkstk.obj
 0001:0003e75c       _longjmp                   1003f75c f   MSVCRT:MSVCR100.dll
 0001:0003e762       _strncmp                   1003f762 f   MSVCRT:MSVCR100.dll
 0001:0003e768       _ceil                      1003f768 f   MSVCRT:MSVCR100.dll
 0001:0003e76e       _strrchr                   1003f76e f   MSVCRT:MSVCR100.dll
 0001:0003e774       __setjmp3                  1003f774 f   MSVCRT:MSVCR100.dll
 0001:0003e77a       _calloc                    1003f77a f   MSVCRT:MSVCR100.dll
 0001:0003e780       _realloc                   1003f780 f   MSVCRT:MSVCR100.dll
 0001:0003e786       _ldexp                     1003f786 f   MSVCRT:MSVCR100.dll
 0001:0003e78c       __ftol                     1003f78c f   MSVCRT:MSVCR100.dll
 0001:0003e792       ___report_gsfailure        1003f792 f   MSVCRT:gs_report.obj
 0001:0003e898       ___sse2_available_init     1003f898 f   MSVCRT:cpu_disp.obj
 0001:0003e8a8       ___clean_type_info_names   1003f8a8 f   MSVCRT:tncleanup.obj
 0001:0003e8b4       __onexit                   1003f8b4 f   MSVCRT:atonexit.obj
 0001:0003e955       _atexit                    1003f955 f   MSVCRT:atonexit.obj
 0001:0003e96c       __RTC_Initialize           1003f96c f   MSVCRT:_initsect_.obj
 0001:0003e992       __RTC_Terminate            1003f992 f   MSVCRT:_initsect_.obj
 0001:0003e9b8       __malloc_crt               1003f9b8 f   MSVCRT:MSVCR100.dll
 0001:0003e9be       __encoded_null             1003f9be f   MSVCRT:MSVCR100.dll
 0001:0003e9d0       __ValidateImageBase        1003f9d0 f   MSVCRT:pesect.obj
 0001:0003ea10       __FindPESection            1003fa10 f   MSVCRT:pesect.obj
 0001:0003ea60       __IsNonwritableInCurrentImage 1003fa60 f   MSVCRT:pesect.obj
 0001:0003eb1c       __initterm                 1003fb1c f   MSVCRT:MSVCR100.dll
 0001:0003eb22       __initterm_e               1003fb22 f   MSVCRT:MSVCR100.dll
 0001:0003eb28       __amsg_exit                1003fb28 f   MSVCRT:MSVCR100.dll
 0001:0003eb2e       ___CppXcptFilter           1003fb2e f   MSVCRT:MSVCR100.dll
 0001:0003eb34       _DllMain@12                1003fb34 f   MSVCRT:dllmain.obj
 0001:0003eb60       __SEH_prolog4              1003fb60 f   MSVCRT:sehprolg4.obj
 0001:0003eba5       __SEH_epilog4              1003fba5 f   MSVCRT:sehprolg4.obj
 0001:0003ebb9       __except_handler4          1003fbb9 f   MSVCRT:chandler4gs.obj
 0001:0003ebde       ___security_init_cookie    1003fbde f   MSVCRT:gs_support.obj
 0001:0003ec7a       __crt_debugger_hook        1003fc7a f   MSVCRT:MSVCR100.dll
 0001:0003ec80       ___clean_type_info_names_internal 1003fc80 f   MSVCRT:MSVCR100.dll
 0001:0003ec86       __unlock                   1003fc86 f   MSVCRT:MSVCR100.dll
 0001:0003ec8c       ___dllonexit               1003fc8c f   MSVCRT:MSVCR100.dll
 0001:0003ec92       __lock                     1003fc92 f   MSVCRT:MSVCR100.dll
 0001:0003ec98       __except_handler4_common   1003fc98 f   MSVCRT:MSVCR100.dll
 0001:0003ec9e       _EncodePointer@4           1003fc9e f   kernel32:KERNEL32.dll
 0001:0003eca4       _DecodePointer@4           1003fca4 f   kernel32:KERNEL32.dll
 0001:0003ecaa       _InterlockedExchange@8     1003fcaa f   kernel32:KERNEL32.dll
 0001:0003ecb0       _Sleep@4                   1003fcb0 f   kernel32:KERNEL32.dll
 0001:0003ecb6       _InterlockedCompareExchange@12 1003fcb6 f   kernel32:KERNEL32.dll
 0001:0003ecbc       _TerminateProcess@8        1003fcbc f   kernel32:KERNEL32.dll
 0001:0003ecc2       _GetCurrentProcess@0       1003fcc2 f   kernel32:KERNEL32.dll
 0001:0003ecc8       _UnhandledExceptionFilter@4 1003fcc8 f   kernel32:KERNEL32.dll
 0001:0003ecce       _SetUnhandledExceptionFilter@4 1003fcce f   kernel32:KERNEL32.dll
 0001:0003ecd4       _IsDebuggerPresent@0       1003fcd4 f   kernel32:KERNEL32.dll
 0001:0003ecda       _IsProcessorFeaturePresent@4 1003fcda f   kernel32:KERNEL32.dll
 0001:0003ece0       _DisableThreadLibraryCalls@4 1003fce0 f   kernel32:KERNEL32.dll
 0001:0003ece6       _QueryPerformanceCounter@4 1003fce6 f   kernel32:KERNEL32.dll
 0001:0003ecec       _GetTickCount@0            1003fcec f   kernel32:KERNEL32.dll
 0001:0003ecf2       _GetCurrentThreadId@0      1003fcf2 f   kernel32:KERNEL32.dll
 0001:0003ecf8       _GetCurrentProcessId@0     1003fcf8 f   kernel32:KERNEL32.dll
 0001:0003ecfe       _GetSystemTimeAsFileTime@4 1003fcfe f   kernel32:KERNEL32.dll
 0001:0003ed04       _mxGetNaN                  1003fd04 f   libmx:libmx.dll
 0001:0003ed0a       _muDoubleScalarPower       1003fd0a f   libmwmathutil:libmwmathutil.dll
 0001:0003ed10       _muDoubleScalarSqrt        1003fd10 f   libmwmathutil:libmwmathutil.dll
 0001:0003ed16       _muDoubleScalarAbs         1003fd16 f   libmwmathutil:libmwmathutil.dll
 0001:0003ed1c       _muDoubleScalarFloor       1003fd1c f   libmwmathutil:libmwmathutil.dll
 0001:0003ed22       _muDoubleScalarIsNaN       1003fd22 f   libmwmathutil:libmwmathutil.dll
 0002:00000000       __imp__IsDebuggerPresent@0 10040000     kernel32:KERNEL32.dll
 0002:00000004       __imp__GetSystemTimeAsFileTime@4 10040004     kernel32:KERNEL32.dll
 0002:00000008       __imp__GetCurrentProcessId@0 10040008     kernel32:KERNEL32.dll
 0002:0000000c       __imp__GetCurrentThreadId@0 1004000c     kernel32:KERNEL32.dll
 0002:00000010       __imp__GetTickCount@0      10040010     kernel32:KERNEL32.dll
 0002:00000014       __imp__QueryPerformanceCounter@4 10040014     kernel32:KERNEL32.dll
 0002:00000018       __imp__DisableThreadLibraryCalls@4 10040018     kernel32:KERNEL32.dll
 0002:0000001c       __imp__IsProcessorFeaturePresent@4 1004001c     kernel32:KERNEL32.dll
 0002:00000020       __imp__EncodePointer@4     10040020     kernel32:KERNEL32.dll
 0002:00000024       __imp__SetUnhandledExceptionFilter@4 10040024     kernel32:KERNEL32.dll
 0002:00000028       __imp__UnhandledExceptionFilter@4 10040028     kernel32:KERNEL32.dll
 0002:0000002c       __imp__GetCurrentProcess@0 1004002c     kernel32:KERNEL32.dll
 0002:00000030       __imp__TerminateProcess@8  10040030     kernel32:KERNEL32.dll
 0002:00000034       __imp__InterlockedCompareExchange@12 10040034     kernel32:KERNEL32.dll
 0002:00000038       __imp__Sleep@4             10040038     kernel32:KERNEL32.dll
 0002:0000003c       __imp__InterlockedExchange@8 1004003c     kernel32:KERNEL32.dll
 0002:00000040       __imp__DecodePointer@4     10040040     kernel32:KERNEL32.dll
 0002:00000044       \177KERNEL32_NULL_THUNK_DATA 10040044     kernel32:KERNEL32.dll
 0002:00000048       __imp__memcpy              10040048     MSVCRT:MSVCR100.dll
 0002:0000004c       __imp___except_handler4_common 1004004c     MSVCRT:MSVCR100.dll
 0002:00000050       __imp___onexit             10040050     MSVCRT:MSVCR100.dll
 0002:00000054       __imp___lock               10040054     MSVCRT:MSVCR100.dll
 0002:00000058       __imp____dllonexit         10040058     MSVCRT:MSVCR100.dll
 0002:0000005c       __imp___unlock             1004005c     MSVCRT:MSVCR100.dll
 0002:00000060       __imp____clean_type_info_names_internal 10040060     MSVCRT:MSVCR100.dll
 0002:00000064       __imp___crt_debugger_hook  10040064     MSVCRT:MSVCR100.dll
 0002:00000068       __imp____CppXcptFilter     10040068     MSVCRT:MSVCR100.dll
 0002:0000006c       __imp___amsg_exit          1004006c     MSVCRT:MSVCR100.dll
 0002:00000070       __imp___initterm_e         10040070     MSVCRT:MSVCR100.dll
 0002:00000074       __imp___initterm           10040074     MSVCRT:MSVCR100.dll
 0002:00000078       __imp___encoded_null       10040078     MSVCRT:MSVCR100.dll
 0002:0000007c       __imp___malloc_crt         1004007c     MSVCRT:MSVCR100.dll
 0002:00000080       __imp___ftol               10040080     MSVCRT:MSVCR100.dll
 0002:00000084       __imp__ldexp               10040084     MSVCRT:MSVCR100.dll
 0002:00000088       __imp__realloc             10040088     MSVCRT:MSVCR100.dll
 0002:0000008c       __imp__calloc              1004008c     MSVCRT:MSVCR100.dll
 0002:00000090       __imp___setjmp3            10040090     MSVCRT:MSVCR100.dll
 0002:00000094       __imp__strrchr             10040094     MSVCRT:MSVCR100.dll
[...]
 0001:00032947       _c7_diag                   10033947 f   Control_System_Library_sfun:c7_Control_System_Library.obj
 0001:00032af8       _c7_skew_matrix            10033af8 f   Control_System_Library_sfun:c7_Control_System_Library.obj
 0001:00032c8b       _c7_eml_scalar_eg          10033c8b f   Control_System_Library_sfun:c7_Control_System_Library.obj
 0001:00032c90       _c7_mpower                 10033c90 f   Control_System_Library_sfun:c7_Control_System_Library.obj
 0001:00032cdd       _c7_matrix_to_integer_power 10033cdd f   Control_System_Library_sfun:c7_Control_System_Library.obj
 0001:000335a8       _c7_b_eml_scalar_eg        100345a8 f   Control_System_Library_sfun:c7_Control_System_Library.obj
 0001:000335ad       _c7_c_eml_scalar_eg        100345ad f   Control_System_Library_sfun:c7_Control_System_Library.obj
 0001:000335b2       _c7_inv3x3                 100345b2 f   Control_System_Library_sfun:c7_Control_System_Library.obj
 0001:000342d9       _c7_norm                   100352d9 f   Control_System_Library_sfun:c7_Control_System_Library.obj
 0001:00034490       _c7_eml_warning            10035490 f   Control_System_Library_sfun:c7_Control_System_Library.obj
 0001:00034523       _c7_b_eml_warning          10035523 f   Control_System_Library_sfun:c7_Control_System_Library.obj
 0001:00034615       _c7_d_eml_scalar_eg        10035615 f   Control_System_Library_sfun:c7_Control_System_Library.obj
 0001:0003461a       _c7_n_emlrt_marshallIn     1003561a f   Control_System_Library_sfun:c7_Control_System_Library.obj
 0001:0003465e       _c7_o_emlrt_marshallIn     1003565e f   Control_System_Library_sfun:c7_Control_System_Library.obj
 0001:000346c3       _c7_j_sf_marshallOut       100356c3 f   Control_System_Library_sfun:c7_Control_System_Library.obj
 0001:0003473a       _c7_p_emlrt_marshallIn     1003573a f   Control_System_Library_sfun:c7_Control_System_Library.obj
 0001:00034783       _c7_j_sf_marshallIn        10035783 f   Control_System_Library_sfun:c7_Control_System_Library.obj
 0001:000347fb       _c7_q_emlrt_marshallIn     100357fb f   Control_System_Library_sfun:c7_Control_System_Library.obj
 0001:00034848       _c7_r_emlrt_marshallIn     10035848 f   Control_System_Library_sfun:c7_Control_System_Library.obj
 0001:00034893       _init_dsm_address_info     10035893 f   Control_System_Library_sfun:c7_Control_System_Library.obj
 0001:000351d6       _sf_get_sim_state_info_c7_Control_System_Library 100361d6 f   Control_System_Library_sfun:c7_Control_System_Library.obj
 0001:00035270       _chart_debug_initialization 10036270 f   Control_System_Library_sfun:c7_Control_System_Library.obj
 0001:00035bab       _sf_get_instance_specialization 10036bab f   Control_System_Library_sfun:c7_Control_System_Library.obj
 0001:00035bb2       _sf_opaque_initialize_c7_Control_System_Library 10036bb2 f   Control_System_Library_sfun:c7_Control_System_Library.obj
 0001:00035be3       _sf_opaque_enable_c7_Control_System_Library 10036be3 f   Control_System_Library_sfun:c7_Control_System_Library.obj
 0001:00035bf3       _sf_opaque_disable_c7_Control_System_Library 10036bf3 f   Control_System_Library_sfun:c7_Control_System_Library.obj
 0001:00035c03       _sf_opaque_gateway_c7_Control_System_Library 10036c03 f   Control_System_Library_sfun:c7_Control_System_Library.obj
 0001:00035dee       _sf_opaque_get_sim_state_c7_Control_System_Library 10036dee f   Control_System_Library_sfun:c7_Control_System_Library.obj
 0001:00035e00       _sf_opaque_set_sim_state_c7_Control_System_Library 10036e00 f   Control_System_Library_sfun:c7_Control_System_Library.obj
 0001:00035e13       _sf_opaque_terminate_c7_Control_System_Library 10036e13 f   Control_System_Library_sfun:c7_Control_System_Library.obj
 0001:00035e83       _sf_opaque_init_subchart_simstructs 10036e83 f   Control_System_Library_sfun:c7_Control_System_Library.obj
 0001:00035e93       _mdlProcessParameters_c7_Control_System_Library 10036e93 f   Control_System_Library_sfun:c7_Control_System_Library.obj
 0001:00035f19       _mdlSetWorkWidths_c7_Control_System_Library 10036f19 f   Control_System_Library_sfun:c7_Control_System_Library.obj
 0001:00036285       _mdlRTW_c7_Control_System_Library 10037285 f   Control_System_Library_sfun:c7_Control_System_Library.obj
 0001:000362b3       _mdlStart_c7_Control_System_Library 100372b3 f   Control_System_Library_sfun:c7_Control_System_Library.obj
 0001:000364a0       _initialize_c5_Control_System_Library 100374a0 f   Control_System_Library_sfun:c5_Control_System_Library.obj
 0001:000364e0       _initialize_params_c5_Control_System_Library 100374e0 f   Control_System_Library_sfun:c5_Control_System_Library.obj
 0001:000364e5       _enable_c5_Control_System_Library 100374e5 f   Control_System_Library_sfun:c5_Control_System_Library.obj
 0001:0003650c       _disable_c5_Control_System_Library 1003750c f   Control_System_Library_sfun:c5_Control_System_Library.obj
 0001:00036533       _c5_update_debugger_state_c5_Control_System_Library 10037533 f   Control_System_Library_sfun:c5_Control_System_Library.obj
 0001:00036538       _get_sim_state_c5_Control_System_Library 10037538 f   Control_System_Library_sfun:c5_Control_System_Library.obj
 0001:0003666a       _set_sim_state_c5_Control_System_Library 1003766a f   Control_System_Library_sfun:c5_Control_System_Library.obj
 0001:0003674f       _finalize_c5_Control_System_Library 1003774f f   Control_System_Library_sfun:c5_Control_System_Library.obj
 0001:00036754       _sf_c5_Control_System_Library 10037754 f   Control_System_Library_sfun:c5_Control_System_Library.obj
 0001:000368a1       _c5_chartstep_c5_Control_System_Library 100378a1 f   Control_System_Library_sfun:c5_Control_System_Library.obj
 0001:00037045       _initSimStructsc5_Control_System_Library 10038045 f   Control_System_Library_sfun:c5_Control_System_Library.obj
 0001:0003704a       _init_script_number_translation 1003804a f   Control_System_Library_sfun:c5_Control_System_Library.obj
 0001:0003704f       _c5_sf_marshallOut         1003804f f   Control_System_Library_sfun:c5_Control_System_Library.obj
 0001:000370ff       _c5_emlrt_marshallIn       100380ff f   Control_System_Library_sfun:c5_Control_System_Library.obj
 0001:00037143       _c5_b_emlrt_marshallIn     10038143 f   Control_System_Library_sfun:c5_Control_System_Library.obj
 0001:000371a9       _c5_sf_marshallIn          100381a9 f   Control_System_Library_sfun:c5_Control_System_Library.obj
 0001:00037238       _c5_b_sf_marshallOut       10038238 f   Control_System_Library_sfun:c5_Control_System_Library.obj
 0001:000372af       _c5_c_emlrt_marshallIn     100382af f   Control_System_Library_sfun:c5_Control_System_Library.obj
 0001:000372f9       _c5_b_sf_marshallIn        100382f9 f   Control_System_Library_sfun:c5_Control_System_Library.obj
 0001:0003762c       _c5_info_helper            1003862c f   Control_System_Library_sfun:c5_Control_System_Library.obj
 0001:00037e29       _c5_check_forloop_overflow_error 10038e29 f   Control_System_Library_sfun:c5_Control_System_Library.obj
 0001:00037e2e       _c5_c_sf_marshallOut       10038e2e f   Control_System_Library_sfun:c5_Control_System_Library.obj
 0001:00037ea5       _c5_d_emlrt_marshallIn     10038ea5 f   Control_System_Library_sfun:c5_Control_System_Library.obj
 0001:00037eee       _c5_c_sf_marshallIn        10038eee f   Control_System_Library_sfun:c5_Control_System_Library.obj
 0001:00037f66       _c5_e_emlrt_marshallIn     10038f66 f   Control_System_Library_sfun:c5_Control_System_Library.obj
 0001:00037fb3       _c5_f_emlrt_marshallIn     10038fb3 f   Control_System_Library_sfun:c5_Control_System_Library.obj
 0001:00037ffe       _init_dsm_address_info     10038ffe f   Control_System_Library_sfun:c5_Control_System_Library.obj
 0001:0003837b       _sf_get_sim_state_info_c5_Control_System_Library 1003937b f   Control_System_Library_sfun:c5_Control_System_Library.obj
 0001:00038415       _chart_debug_initialization 10039415 f   Control_System_Library_sfun:c5_Control_System_Library.obj
 0001:00038802       _sf_get_instance_specialization 10039802 f   Control_System_Library_sfun:c5_Control_System_Library.obj
 0001:00038809       _sf_opaque_initialize_c5_Control_System_Library 10039809 f   Control_System_Library_sfun:c5_Control_System_Library.obj
 0001:0003883a       _sf_opaque_enable_c5_Control_System_Library 1003983a f   Control_System_Library_sfun:c5_Control_System_Library.obj
 0001:0003884a       _sf_opaque_disable_c5_Control_System_Library 1003984a f   Control_System_Library_sfun:c5_Control_System_Library.obj
 0001:0003885a       _sf_opaque_gateway_c5_Control_System_Library 1003985a f   Control_System_Library_sfun:c5_Control_System_Library.obj
 0001:00038a45       _sf_opaque_get_sim_state_c5_Control_System_Library 10039a45 f   Control_System_Library_sfun:c5_Control_System_Library.obj
 0001:00038a57       _sf_opaque_set_sim_state_c5_Control_System_Library 10039a57 f   Control_System_Library_sfun:c5_Control_System_Library.obj
 0001:00038a6a       _sf_opaque_terminate_c5_Control_System_Library 10039a6a f   Control_System_Library_sfun:c5_Control_System_Library.obj
 0001:00038ada       _sf_opaque_init_subchart_simstructs 10039ada f   Control_System_Library_sfun:c5_Control_System_Library.obj
 0001:00038aea       _mdlProcessParameters_c5_Control_System_Library 10039aea f   Control_System_Library_sfun:c5_Control_System_Library.obj
 0001:00038b70       _mdlSetWorkWidths_c5_Control_System_Library 10039b70 f   Control_System_Library_sfun:c5_Control_System_Library.obj
 0001:00038e2c       _mdlRTW_c5_Control_System_Library 10039e2c f   Control_System_Library_sfun:c5_Control_System_Library.obj
 0001:00038e5a       _mdlStart_c5_Control_System_Library 10039e5a f   Control_System_Library_sfun:c5_Control_System_Library.obj
 0001:00039780       _get_sim_state_c4_Control_System_Library 1003a780 f   Control_System_Library_sfun:c4_Control_System_Library.obj
 0001:000398d0       _sf_get_sim_state_info_c4_Control_System_Library 1003a8d0 f   Control_System_Library_sfun:c4_Control_System_Library.obj
 0001:00039a70       _set_sim_state_c4_Control_System_Library 1003aa70 f   Control_System_Library_sfun:c4_Control_System_Library.obj
 0001:00039b70       _c4_update_debugger_state_c4_Control_System_Library 1003ab70 f   Control_System_Library_sfun:c4_Control_System_Library.obj
 0001:00039b80       _c4_emlrt_marshallIn       1003ab80 f   Control_System_Library_sfun:c4_Control_System_Library.obj
 0001:00039bd0       _c4_b_emlrt_marshallIn     1003abd0 f   Control_System_Library_sfun:c4_Control_System_Library.obj
 0001:00039c50       _c4_e_emlrt_marshallIn     1003ac50 f   Control_System_Library_sfun:c4_Control_System_Library.obj
 0001:00039ca0       _c4_f_emlrt_marshallIn     1003aca0 f   Control_System_Library_sfun:c4_Control_System_Library.obj
 0001:00039d50       _mdlProcessParameters_c4_Control_System_Library 1003ad50 f   Control_System_Library_sfun:c4_Control_System_Library.obj
 0001:00039df0       _initialize_params_c4_Control_System_Library 1003adf0 f   Control_System_Library_sfun:c4_Control_System_Library.obj
 0001:00039e00       _mdlSetWorkWidths_c4_Control_System_Library 1003ae00 f   Control_System_Library_sfun:c4_Control_System_Library.obj
 0001:0003a0c0       _sf_get_instance_specialization 1003b0c0 f   Control_System_Library_sfun:c4_Control_System_Library.obj
 0001:0003a0d0       _mdlStart_c4_Control_System_Library 1003b0d0 f   Control_System_Library_sfun:c4_Control_System_Library.obj
 0001:0003a240       _init_dsm_address_info     1003b240 f   Control_System_Library_sfun:c4_Control_System_Library.obj
 0001:0003a250       _chart_debug_initialization 1003b250 f   Control_System_Library_sfun:c4_Control_System_Library.obj
 0001:0003a5e0       _init_script_number_translation 1003b5e0 f   Control_System_Library_sfun:c4_Control_System_Library.obj
 0001:0003a5f0       _c4_sf_marshallOut         1003b5f0 f   Control_System_Library_sfun:c4_Control_System_Library.obj
 0001:0003a6d0       _c4_sf_marshallIn          1003b6d0 f   Control_System_Library_sfun:c4_Control_System_Library.obj
 0001:0003a780       _sf_opaque_initialize_c4_Control_System_Library 1003b780 f   Control_System_Library_sfun:c4_Control_System_Library.obj
 0001:0003a7b0       _initialize_c4_Control_System_Library 1003b7b0 f   Control_System_Library_sfun:c4_Control_System_Library.obj
 0001:0003a7f0       _sf_opaque_enable_c4_Control_System_Library 1003b7f0 f   Control_System_Library_sfun:c4_Control_System_Library.obj
 0001:0003a810       _enable_c4_Control_System_Library 1003b810 f   Control_System_Library_sfun:c4_Control_System_Library.obj
 0001:0003a830       _sf_opaque_disable_c4_Control_System_Library 1003b830 f   Control_System_Library_sfun:c4_Control_System_Library.obj
 0001:0003a850       _disable_c4_Control_System_Library 1003b850 f   Control_System_Library_sfun:c4_Control_System_Library.obj
 0001:0003a870       _sf_opaque_gateway_c4_Control_System_Library 1003b870 f   Control_System_Library_sfun:c4_Control_System_Library.obj
 0001:0003a890       _sf_c4_Control_System_Library 1003b890 f   Control_System_Library_sfun:c4_Control_System_Library.obj
 0001:0003af20       _c4_b_sf_marshallOut       1003bf20 f   Control_System_Library_sfun:c4_Control_System_Library.obj
 0001:0003afa0       _c4_b_sf_marshallIn        1003bfa0 f   Control_System_Library_sfun:c4_Control_System_Library.obj
 0001:0003b020       _c4_c_emlrt_marshallIn     1003c020 f   Control_System_Library_sfun:c4_Control_System_Library.obj
 0001:0003b070       _sf_opaque_get_sim_state_c4_Control_System_Library 1003c070 f   Control_System_Library_sfun:c4_Control_System_Library.obj
 0001:0003b090       _sf_opaque_set_sim_state_c4_Control_System_Library 1003c090 f   Control_System_Library_sfun:c4_Control_System_Library.obj
 0001:0003b0b0       _sf_opaque_terminate_c4_Control_System_Library 1003c0b0 f   Control_System_Library_sfun:c4_Control_System_Library.obj
 0001:0003b120       _finalize_c4_Control_System_Library 1003c120 f   Control_System_Library_sfun:c4_Control_System_Library.obj
 0001:0003b130       _sf_opaque_init_subchart_simstructs 1003c130 f   Control_System_Library_sfun:c4_Control_System_Library.obj
 0001:0003b150       _initSimStructsc4_Control_System_Library 1003c150 f   Control_System_Library_sfun:c4_Control_System_Library.obj
 0001:0003b160       _mdlRTW_c4_Control_System_Library 1003c160 f   Control_System_Library_sfun:c4_Control_System_Library.obj
 0001:0003b4d0       _c3_info_helper            1003c4d0 f   Control_System_Library_sfun:c3_Control_System_Library.obj
 0001:0003c1c0       _get_sim_state_c3_Control_System_Library 1003d1c0 f   Control_System_Library_sfun:c3_Control_System_Library.obj
 0001:0003c310       _sf_get_sim_state_info_c3_Control_System_Library 1003d310 f   Control_System_Library_sfun:c3_Control_System_Library.obj
 0001:0003c4b0       _set_sim_state_c3_Control_System_Library 1003d4b0 f   Control_System_Library_sfun:c3_Control_System_Library.obj
 0001:0003c5b0       _c3_update_debugger_state_c3_Control_System_Library 1003d5b0 f   Control_System_Library_sfun:c3_Control_System_Library.obj
 0001:0003c5c0       _c3_emlrt_marshallIn       1003d5c0 f   Control_System_Library_sfun:c3_Control_System_Library.obj
 0001:0003c610       _c3_b_emlrt_marshallIn     1003d610 f   Control_System_Library_sfun:c3_Control_System_Library.obj
 0001:0003c690       _c3_e_emlrt_marshallIn     1003d690 f   Control_System_Library_sfun:c3_Control_System_Library.obj
 0001:0003c6e0       _c3_f_emlrt_marshallIn     1003d6e0 f   Control_System_Library_sfun:c3_Control_System_Library.obj
 0001:0003c790       _mdlProcessParameters_c3_Control_System_Library 1003d790 f   Control_System_Library_sfun:c3_Control_System_Library.obj
 0001:0003c830       _initialize_params_c3_Control_System_Library 1003d830 f   Control_System_Library_sfun:c3_Control_System_Library.obj
 0001:0003c840       _mdlSetWorkWidths_c3_Control_System_Library 1003d840 f   Control_System_Library_sfun:c3_Control_System_Library.obj
 0001:0003cb30       _sf_get_instance_specialization 1003db30 f   Control_System_Library_sfun:c3_Control_System_Library.obj
 0001:0003cb40       _mdlStart_c3_Control_System_Library 1003db40 f   Control_System_Library_sfun:c3_Control_System_Library.obj
 0001:0003ccb0       _init_dsm_address_info     1003dcb0 f   Control_System_Library_sfun:c3_Control_System_Library.obj
 0001:0003ccc0       _chart_debug_initialization 1003dcc0 f   Control_System_Library_sfun:c3_Control_System_Library.obj
 0001:0003d100       _init_script_number_translation 1003e100 f   Control_System_Library_sfun:c3_Control_System_Library.obj
 0001:0003d110       _c3_sf_marshallOut         1003e110 f   Control_System_Library_sfun:c3_Control_System_Library.obj
 0001:0003d1f0       _c3_sf_marshallIn          1003e1f0 f   Control_System_Library_sfun:c3_Control_System_Library.obj
 0001:0003d2a0       _sf_opaque_initialize_c3_Control_System_Library 1003e2a0 f   Control_System_Library_sfun:c3_Control_System_Library.obj
 0001:0003d2d0       _initialize_c3_Control_System_Library 1003e2d0 f   Control_System_Library_sfun:c3_Control_System_Library.obj
 0001:0003d310       _sf_opaque_enable_c3_Control_System_Library 1003e310 f   Control_System_Library_sfun:c3_Control_System_Library.obj
 0001:0003d330       _enable_c3_Control_System_Library 1003e330 f   Control_System_Library_sfun:c3_Control_System_Library.obj
 0001:0003d350       _sf_opaque_disable_c3_Control_System_Library 1003e350 f   Control_System_Library_sfun:c3_Control_System_Library.obj
 0001:0003d370       _disable_c3_Control_System_Library 1003e370 f   Control_System_Library_sfun:c3_Control_System_Library.obj
 0001:0003d390       _sf_opaque_gateway_c3_Control_System_Library 1003e390 f   Control_System_Library_sfun:c3_Control_System_Library.obj
 0001:0003d3b0       _sf_c3_Control_System_Library 1003e3b0 f   Control_System_Library_sfun:c3_Control_System_Library.obj
 0001:0003d520       _c3_chartstep_c3_Control_System_Library 1003e520 f   Control_System_Library_sfun:c3_Control_System_Library.obj
 0001:0003df50       _c3_b_sf_marshallOut       1003ef50 f   Control_System_Library_sfun:c3_Control_System_Library.obj
 0001:0003dfd0       _c3_b_sf_marshallIn        1003efd0 f   Control_System_Library_sfun:c3_Control_System_Library.obj
 0001:0003e050       _c3_c_emlrt_marshallIn     1003f050 f   Control_System_Library_sfun:c3_Control_System_Library.obj
 0001:0003e0a0       _c3_eml_scalar_eg          1003f0a0 f   Control_System_Library_sfun:c3_Control_System_Library.obj
 0001:0003e0b0       _c3_check_forloop_overflow_error 1003f0b0 f   Control_System_Library_sfun:c3_Control_System_Library.obj
 0001:0003e0c0       _c3_eml_error              1003f0c0 f   Control_System_Library_sfun:c3_Control_System_Library.obj
 0001:0003e170       _sf_opaque_get_sim_state_c3_Control_System_Library 1003f170 f   Control_System_Library_sfun:c3_Control_System_Library.obj
 0001:0003e190       _sf_opaque_set_sim_state_c3_Control_System_Library 1003f190 f   Control_System_Library_sfun:c3_Control_System_Library.obj
 0001:0003e1b0       _sf_opaque_terminate_c3_Control_System_Library 1003f1b0 f   Control_System_Library_sfun:c3_Control_System_Library.obj
 0001:0003e220       _finalize_c3_Control_System_Library 1003f220 f   Control_System_Library_sfun:c3_Control_System_Library.obj
 0001:0003e230       _sf_opaque_init_subchart_simstructs 1003f230 f   Control_System_Library_sfun:c3_Control_System_Library.obj
 0001:0003e250       _initSimStructsc3_Control_System_Library 1003f250 f   Control_System_Library_sfun:c3_Control_System_Library.obj
 0001:0003e260       _mdlRTW_c3_Control_System_Library 1003f260 f   Control_System_Library_sfun:c3_Control_System_Library.obj
 0001:0003e399       _pre_c_init                1003f399 f   MSVCRT:crtdll.obj
 0001:0003e5f1       ___DllMainCRTStartup       1003f5f1 f   MSVCRT:crtdll.obj
